MPLINK 4.14, Linker
Linker Map File - Created Tue Oct 25 18:34:34 2011

                                 Section Info
                  Section       Type    Address   Location Size(Bytes)
                ---------  ---------  ---------  ---------  ---------
               _entry_scn       code   0x000000    program   0x000006
  _RESET_INTERRUPT_VECTOR       code   0x000800    program   0x000006
   _HIGH_INTERRUPT_VECTOR       code   0x000808    program   0x000004
    _LOW_INTERRUPT_VECTOR       code   0x000818    program   0x000002
                   .cinit    romdata   0x00082a    program   0x00001a
         .code_vfprintf.o       code   0x000844    program   0x001248
             .code_user.o       code   0x001a8c    program   0x00063c
       .code_usbctrltrf.o       code   0x0020c8    program   0x0003a6
              .code_cdc.o       code   0x00246e    program   0x00037a
             .code_usb9.o       code   0x0027e8    program   0x00030e
            .code_servo.o       code   0x002af6    program   0x000270
             .code_main.o       code   0x002d66    program   0x000256
           .code_usbdrv.o       code   0x002fbc    program   0x0001b6
      .code_temperature.o       code   0x003172    program   0x00019e
             .stringtable    romdata   0x003310    program   0x0000fb
        .romdata_usbdsc.o    romdata   0x00340b    program   0x0000cd
          .code_sprintf.o       code   0x0034d8    program   0x0000a6
               _cinit_scn       code   0x00357e    program   0x00009e
             .code_putc.o       code   0x00361c    program   0x000084
          .code_fxm3232.o       code   0x0036a0    program   0x000070
         .code_spi_open.o       code   0x003710    program   0x000064
                   STRING       code   0x003774    program   0x000060
                     PROG       code   0x0037d4    program   0x00005a
           .code_eeprom.o       code   0x00382e    program   0x000054
         .code_fxd3232u.o       code   0x003882    program   0x000048
          .code_t0write.o       code   0x0038ca    program   0x000038
           .code_t2open.o       code   0x003902    program   0x000036
         .code_fxd1616u.o       code   0x003938    program   0x00002c
                    CTYPE       code   0x003964    program   0x000024
             _startup_scn       code   0x003988    program   0x00001c
                    STDIO       code   0x0039a4    program   0x00001c
      .romdata_vfprintf.o    romdata   0x0039c0    program   0x000011
         .idata_c018i.o_i    romdata   0x0039d1    program   0x000000
    .romdata__user_putc.o    romdata   0x0039d1    program   0x000000
      .idata_spi_read.o_i    romdata   0x0039d1    program   0x000000
      .romdata_spi_read.o    romdata   0x0039d1    program   0x000000
       .idata_t0write.o_i    romdata   0x0039d1    program   0x000000
       .romdata_t0write.o    romdata   0x0039d1    program   0x000000
    .idata__user_putc.o_i    romdata   0x0039d1    program   0x000000
        .idata___init.o_i    romdata   0x0039d1    program   0x000000
        .romdata___init.o    romdata   0x0039d1    program   0x000000
       .idata_sprintf.o_i    romdata   0x0039d1    program   0x000000
       .romdata_sprintf.o    romdata   0x0039d1    program   0x000000
          .romdata_putc.o    romdata   0x0039d1    program   0x000000
          .idata_putc.o_i    romdata   0x0039d1    program   0x000000
      .idata_vfprintf.o_i    romdata   0x0039d1    program   0x000000
         .romdata_c018i.o    romdata   0x0039d1    program   0x000000
      .idata_fxd3232u.o_i    romdata   0x0039d1    program   0x000000
       .romdata_fxm3232.o    romdata   0x0039d1    program   0x000000
      .romdata_fxd3232u.o    romdata   0x0039d1    program   0x000000
       .idata_fxm3232.o_i    romdata   0x0039d1    program   0x000000
       .idata_usbmmap.o_i    romdata   0x0039d1    program   0x000000
       .romdata_usbmmap.o    romdata   0x0039d1    program   0x000000
        .idata_usbdrv.o_i    romdata   0x0039d1    program   0x000000
        .romdata_usbdrv.o    romdata   0x0039d1    program   0x000000
          .idata_usb9.o_i    romdata   0x0039d1    program   0x000000
          .romdata_usb9.o    romdata   0x0039d1    program   0x000000
          .romdata_main.o    romdata   0x0039d1    program   0x000000
        .idata_usbdsc.o_i    romdata   0x0039d1    program   0x000000
    .idata_usbctrltrf.o_i    romdata   0x0039d1    program   0x000000
    .romdata_usbctrltrf.o    romdata   0x0039d1    program   0x000000
          .idata_main.o_i    romdata   0x0039d1    program   0x000000
          .romdata_user.o    romdata   0x0039d1    program   0x000000
           .idata_cdc.o_i    romdata   0x0039d1    program   0x000000
           .romdata_cdc.o    romdata   0x0039d1    program   0x000000
   .idata_temperature.o_i    romdata   0x0039d1    program   0x000000
        .romdata_t2open.o    romdata   0x0039d1    program   0x000000
        .idata_t2open.o_i    romdata   0x0039d1    program   0x000000
      .romdata_spi_open.o    romdata   0x0039d1    program   0x000000
      .idata_spi_open.o_i    romdata   0x0039d1    program   0x000000
      .romdata_fxd1616u.o    romdata   0x0039d1    program   0x000000
      .idata_fxd1616u.o_i    romdata   0x0039d1    program   0x000000
         .romdata_servo.o    romdata   0x0039d1    program   0x000000
        .romdata_eeprom.o    romdata   0x0039d1    program   0x000000
        .idata_eeprom.o_i    romdata   0x0039d1    program   0x000000
   .romdata_temperature.o    romdata   0x0039d1    program   0x000000
            .code_c018i.o       code   0x0039d2    program   0x000000
           .code_usbdsc.o       code   0x0039d2    program   0x000000
                    .code       code   0x0039d2    program   0x00000e
          .code_usbmmap.o       code   0x0039d2    program   0x000000
         .code_spi_read.o       code   0x0039e0    program   0x00000a
       .code__user_putc.o       code   0x0039ea    program   0x000002
           .code___init.o       code   0x0039ec    program   0x000002
          .idata_user.o_i    romdata   0x0039ee    program   0x000009
         .idata_servo.o_i    romdata   0x0039f7    program   0x000002
                MATH_DATA      udata   0x000000       data   0x000014
                 .tmpdata      udata   0x000014       data   0x000006
          MyInterrupt_tmp      udata   0x00001a       data   0x000002
            .udata_user.o      udata   0x000060       data   0x000086
             .udata_cdc.o      udata   0x0000e6       data   0x000018
            .udata_main.o      udata   0x0000fe       data   0x000002
           .udata_servo.o      udata   0x000100       data   0x000014
     .udata_temperature.o      udata   0x000114       data   0x00000c
           .udata_c018i.o      udata   0x000120       data   0x00000a
      .udata_usbctrltrf.o      udata   0x00012a       data   0x000009
            .idata_user.o      idata   0x000133       data   0x000009
         .udata_usbmmap.o      udata   0x00013c       data   0x000004
          .udata_usbdrv.o      udata   0x000140       data   0x000003
           .idata_servo.o      idata   0x000143       data   0x000002
          .idata_t2open.o      idata   0x000145       data   0x000000
        .udata_spi_read.o      udata   0x000145       data   0x000000
        .idata_spi_read.o      idata   0x000145       data   0x000000
         .udata_t0write.o      udata   0x000145       data   0x000000
         .idata_t0write.o      idata   0x000145       data   0x000000
          .udata___init.o      udata   0x000145       data   0x000000
          .idata___init.o      idata   0x000145       data   0x000000
         .udata_sprintf.o      udata   0x000145       data   0x000000
         .idata_sprintf.o      idata   0x000145       data   0x000000
        .udata_vfprintf.o      udata   0x000145       data   0x000000
        .idata_vfprintf.o      idata   0x000145       data   0x000000
        .udata_fxd3232u.o      udata   0x000145       data   0x000000
        .idata_fxd3232u.o      idata   0x000145       data   0x000000
         .udata_fxm3232.o      udata   0x000145       data   0x000000
         .idata_fxm3232.o      idata   0x000145       data   0x000000
            .udata_putc.o      udata   0x000145       data   0x000000
            .idata_putc.o      idata   0x000145       data   0x000000
      .udata__user_putc.o      udata   0x000145       data   0x000000
      .idata__user_putc.o      idata   0x000145       data   0x000000
          .udata_usbdsc.o      udata   0x000145       data   0x000000
          .idata_usbdsc.o      idata   0x000145       data   0x000000
            .idata_usb9.o      idata   0x000145       data   0x000000
      .idata_usbctrltrf.o      idata   0x000145       data   0x000000
            .udata_usb9.o      udata   0x000145       data   0x000000
          .idata_usbdrv.o      idata   0x000145       data   0x000000
             .idata_cdc.o      idata   0x000145       data   0x000000
         .idata_usbmmap.o      idata   0x000145       data   0x000000
     .idata_temperature.o      idata   0x000145       data   0x000000
          .udata_eeprom.o      udata   0x000145       data   0x000000
          .idata_eeprom.o      idata   0x000145       data   0x000000
            .idata_main.o      idata   0x000145       data   0x000000
           .idata_c018i.o      idata   0x000145       data   0x000000
        .udata_fxd1616u.o      udata   0x000145       data   0x000000
        .idata_fxd1616u.o      idata   0x000145       data   0x000000
        .udata_spi_open.o      udata   0x000145       data   0x000000
        .idata_spi_open.o      idata   0x000145       data   0x000000
          .udata_t2open.o      udata   0x000145       data   0x000000
                   .stack      udata   0x000300       data   0x000100
                  usbram4      udata   0x000400       data   0x0000b8
            SFR_UNBANKED0      udata   0x000f66       data   0x00009a



                              Program Memory Usage 
                               Start         End      
                           ---------   ---------      
                            0x000000    0x000005      
                            0x000800    0x000805      
                            0x000808    0x00080b      
                            0x000818    0x000819      
                            0x00082a    0x0039d0      
                            0x0039d2    0x0039f8      
            12768 out of 33048 program addresses used, program memory utilization is 38%



                              Symbols - Sorted by Name
                     Name    Address   Location    Storage File                     
                ---------  ---------  ---------  --------- ---------                
       AcquireTemperature   0x003198    program     extern Z:\home\samuel\Robotique\Programmation\Pic\Coupe2012\protoCD\user\temperature.c
                CDCInitEP   0x002532    program     extern Z:\home\samuel\Robotique\Programmation\Pic\Coupe2012\protoCD\system\usb\class\cdc\cdc.c
             CDCTxService   0x0026f8    program     extern Z:\home\samuel\Robotique\Programmation\Pic\Coupe2012\protoCD\system\usb\class\cdc\cdc.c
          ClassReqHandler   0x0034d6    program     extern Z:\home\samuel\Robotique\Programmation\Pic\Coupe2012\protoCD\autofiles\usbdsc.c
               ClearArray   0x003148    program     extern Z:\home\samuel\Robotique\Programmation\Pic\Coupe2012\protoCD\system\usb\usbdrv\usbdrv.c
                     EE_r   0x003862    program     extern Z:\home\samuel\Robotique\Programmation\Pic\Coupe2012\protoCD\user\Eeprom\eeprom.c
                     EE_w   0x00382e    program     extern Z:\home\samuel\Robotique\Programmation\Pic\Coupe2012\protoCD\user\Eeprom\eeprom.c
                 FXD1616U   0x003938    program     extern C:\Programmation\Pic\MCC18\src\traditional\math\fxd1616u.c
                 FXD3232U   0x003882    program     extern C:\Programmation\Pic\MCC18\src\traditional\math\fxd3232u.c
                 FXM1616S   0x0037d4    program     extern C:\Programmation\Pic\MCC18\src\traditional\math\fxm1616s.asm
                  FXM3232   0x0036a0    program     extern C:\Programmation\Pic\MCC18\src\traditional\math\fxm3232.c
           InitTempSensor   0x003172    program     extern Z:\home\samuel\Robotique\Programmation\Pic\Coupe2012\protoCD\user\temperature.c
         InitializeSystem   0x002f92    program     static Z:\home\samuel\Robotique\Programmation\Pic\Coupe2012\protoCD\main.c
          InitializeUSART   0x001aa8    program     extern Z:\home\samuel\Robotique\Programmation\Pic\Coupe2012\protoCD\user\user.c
              MyInterrupt   0x002d66    program     extern Z:\home\samuel\Robotique\Programmation\Pic\Coupe2012\protoCD\main.c
                  OpenSPI   0x003710    program     extern C:\Programmation\Pic\MCC18\src\pmc_common\SPI\spi_open.c
               OpenTimer2   0x003902    program     extern C:\Programmation\Pic\MCC18\src\pmc_common\Timers\t2open.c
                ProcessIO   0x001ac2    program     extern Z:\home\samuel\Robotique\Programmation\Pic\Coupe2012\protoCD\user\user.c
                  ReadSPI   0x0039e0    program     extern C:\Programmation\Pic\MCC18\src\pmc_common\SPI\spi_read.c
                Servo_Get   0x002bf2    program     extern Z:\home\samuel\Robotique\Programmation\Pic\Coupe2012\protoCD\user\Servo\servo.c
               Servo_Init   0x002af6    program     extern Z:\home\samuel\Robotique\Programmation\Pic\Coupe2012\protoCD\user\Servo\servo.c
                Servo_Int   0x002c2e    program     extern Z:\home\samuel\Robotique\Programmation\Pic\Coupe2012\protoCD\user\Servo\servo.c
                Servo_Set   0x002b66    program     extern Z:\home\samuel\Robotique\Programmation\Pic\Coupe2012\protoCD\user\Servo\servo.c
               TSIGN1616A   0x003820    program     static C:\Programmation\Pic\MCC18\src\traditional\math\fxm1616s.asm
        USBCheckBusStatus   0x002fbc    program     extern Z:\home\samuel\Robotique\Programmation\Pic\Coupe2012\protoCD\system\usb\usbdrv\usbdrv.c
       USBCheckCDCRequest   0x00246e    program     extern Z:\home\samuel\Robotique\Programmation\Pic\Coupe2012\protoCD\system\usb\class\cdc\cdc.c
       USBCheckStdRequest   0x0027e8    program     extern Z:\home\samuel\Robotique\Programmation\Pic\Coupe2012\protoCD\system\usb\usb9\usb9.c
         USBCtrlEPService   0x0020c8    program     extern Z:\home\samuel\Robotique\Programmation\Pic\Coupe2012\protoCD\system\usb\usbctrltrf\usbctrltrf.c
 USBCtrlEPServiceComplete   0x002340    program     extern Z:\home\samuel\Robotique\Programmation\Pic\Coupe2012\protoCD\system\usb\usbctrltrf\usbctrltrf.c
      USBCtrlTrfInHandler   0x00218e    program     extern Z:\home\samuel\Robotique\Programmation\Pic\Coupe2012\protoCD\system\usb\usbctrltrf\usbctrltrf.c
     USBCtrlTrfOutHandler   0x00216e    program     extern Z:\home\samuel\Robotique\Programmation\Pic\Coupe2012\protoCD\system\usb\usbctrltrf\usbctrltrf.c
      USBCtrlTrfRxService   0x0022c6    program     extern Z:\home\samuel\Robotique\Programmation\Pic\Coupe2012\protoCD\system\usb\usbctrltrf\usbctrltrf.c
   USBCtrlTrfSetupHandler   0x0020fa    program     extern Z:\home\samuel\Robotique\Programmation\Pic\Coupe2012\protoCD\system\usb\usbctrltrf\usbctrltrf.c
      USBCtrlTrfTxService   0x0021d8    program     extern Z:\home\samuel\Robotique\Programmation\Pic\Coupe2012\protoCD\system\usb\usbctrltrf\usbctrltrf.c
         USBDriverService   0x002ffa    program     extern Z:\home\samuel\Robotique\Programmation\Pic\Coupe2012\protoCD\system\usb\usbdrv\usbdrv.c
          USBErrorHandler   0x0030f4    program     extern Z:\home\samuel\Robotique\Programmation\Pic\Coupe2012\protoCD\system\usb\usbdrv\usbdrv.c
         USBModuleDisable   0x002fec    program     extern Z:\home\samuel\Robotique\Programmation\Pic\Coupe2012\protoCD\system\usb\usbdrv\usbdrv.c
          USBModuleEnable   0x002fde    program     extern Z:\home\samuel\Robotique\Programmation\Pic\Coupe2012\protoCD\system\usb\usbdrv\usbdrv.c
USBPrepareForNextSetupTrf   0x0023cc    program     extern Z:\home\samuel\Robotique\Programmation\Pic\Coupe2012\protoCD\system\usb\usbctrltrf\usbctrltrf.c
  USBProtocolResetHandler   0x0030f8    program     extern Z:\home\samuel\Robotique\Programmation\Pic\Coupe2012\protoCD\system\usb\usbdrv\usbdrv.c
          USBRemoteWakeup   0x0030ac    program     extern Z:\home\samuel\Robotique\Programmation\Pic\Coupe2012\protoCD\system\usb\usbdrv\usbdrv.c
            USBSoftDetach   0x002ff6    program     extern Z:\home\samuel\Robotique\Programmation\Pic\Coupe2012\protoCD\system\usb\usbdrv\usbdrv.c
          USBStallHandler   0x0030d4    program     extern Z:\home\samuel\Robotique\Programmation\Pic\Coupe2012\protoCD\system\usb\usbdrv\usbdrv.c
  USBStdFeatureReqHandler   0x002a52    program     extern Z:\home\samuel\Robotique\Programmation\Pic\Coupe2012\protoCD\system\usb\usb9\usb9.c
      USBStdGetDscHandler   0x0028aa    program     extern Z:\home\samuel\Robotique\Programmation\Pic\Coupe2012\protoCD\system\usb\usb9\usb9.c
   USBStdGetStatusHandler   0x0029b2    program     extern Z:\home\samuel\Robotique\Programmation\Pic\Coupe2012\protoCD\system\usb\usb9\usb9.c
      USBStdSetCfgHandler   0x002962    program     extern Z:\home\samuel\Robotique\Programmation\Pic\Coupe2012\protoCD\system\usb\usb9\usb9.c
               USBSuspend   0x00308e    program     extern Z:\home\samuel\Robotique\Programmation\Pic\Coupe2012\protoCD\system\usb\usbdrv\usbdrv.c
                 USBTasks   0x002fac    program     extern Z:\home\samuel\Robotique\Programmation\Pic\Coupe2012\protoCD\main.c
       USBWakeFromSuspend   0x00309e    program     extern Z:\home\samuel\Robotique\Programmation\Pic\Coupe2012\protoCD\system\usb\usbdrv\usbdrv.c
               USB_CD_Ptr   0x0034cc    program     extern Z:\home\samuel\Robotique\Programmation\Pic\Coupe2012\protoCD\autofiles\usbdsc.c
               USB_SD_Ptr   0x0034d0    program     extern Z:\home\samuel\Robotique\Programmation\Pic\Coupe2012\protoCD\autofiles\usbdsc.c
          USB_SOF_Handler   0x0030d0    program     extern Z:\home\samuel\Robotique\Programmation\Pic\Coupe2012\protoCD\system\usb\usbdrv\usbdrv.c
       UpdateCelsiusASCII   0x0031ba    program     extern Z:\home\samuel\Robotique\Programmation\Pic\Coupe2012\protoCD\user\temperature.c
                 UserInit   0x001a8c    program     extern Z:\home\samuel\Robotique\Programmation\Pic\Coupe2012\protoCD\user\user.c
              WriteTimer0   0x0038ca    program     extern C:\Programmation\Pic\MCC18\src\pmc_common\Timers\t0write.c
                   _2jEnd   0x0037be    program     static C:\Programmation\Pic\MCC18\src\traditional\stdclib\slenpgm.asm
       ___return_lbl00000   0x00370e    program     static                          
       ___return_lbl00000   0x000004    program     static                          
       ___return_lbl00000   0x003962    program     static                          
       ___return_lbl00000   0x0038c8    program     static                          
       ___return_lbl00000   0x00385a    program     static                          
       ___return_lbl00000   0x000804    program     static                          
       ___return_lbl00001   0x0039a2    program     static                          
       ___return_lbl00002   0x00361a    program     static                          
       ___return_lbl00033   0x00309c    program     static                          
       ___return_lbl00048   0x003146    program     static                          
       ___return_lbl00051   0x00316a    program     static                          
        ___while_lbl00001   0x003852    program     static                          
        ___while_lbl00002   0x00385a    program     static                          
        ___while_lbl00049   0x00311e    program     static                          
        ___while_lbl00050   0x003132    program     static                          
        ___while_lbl00052   0x00315c    program     static                          
        ___while_lbl00053   0x00316a    program     static                          
                   __init   0x0039ec    program     extern C:\Programmation\Pic\MCC18\src\traditional\stdclib\__init.c
              __string_10   0x003380    program     static Z:\home\samuel\Robotique\Programmation\Pic\Coupe2012\protoCD\user\user.c
              __string_11   0x00336d    program     static Z:\home\samuel\Robotique\Programmation\Pic\Coupe2012\protoCD\user\user.c
              __string_12   0x00335a    program     static Z:\home\samuel\Robotique\Programmation\Pic\Coupe2012\protoCD\user\user.c
              __string_13   0x003347    program     static Z:\home\samuel\Robotique\Programmation\Pic\Coupe2012\protoCD\user\user.c
              __string_14   0x003334    program     static Z:\home\samuel\Robotique\Programmation\Pic\Coupe2012\protoCD\user\user.c
              __string_15   0x00332a    program     static Z:\home\samuel\Robotique\Programmation\Pic\Coupe2012\protoCD\user\user.c
              __string_16   0x003320    program     static Z:\home\samuel\Robotique\Programmation\Pic\Coupe2012\protoCD\user\user.c
              __string_17   0x003310    program     static Z:\home\samuel\Robotique\Programmation\Pic\Coupe2012\protoCD\user\user.c
               __string_3   0x0033f9    program     static Z:\home\samuel\Robotique\Programmation\Pic\Coupe2012\protoCD\user\user.c
               __string_4   0x0033e8    program     static Z:\home\samuel\Robotique\Programmation\Pic\Coupe2012\protoCD\user\user.c
               __string_5   0x0033d7    program     static Z:\home\samuel\Robotique\Programmation\Pic\Coupe2012\protoCD\user\user.c
               __string_6   0x0033c6    program     static Z:\home\samuel\Robotique\Programmation\Pic\Coupe2012\protoCD\user\user.c
               __string_7   0x0033b5    program     static Z:\home\samuel\Robotique\Programmation\Pic\Coupe2012\protoCD\user\user.c
               __string_8   0x0033a4    program     static Z:\home\samuel\Robotique\Programmation\Pic\Coupe2012\protoCD\user\user.c
               __string_9   0x003392    program     static Z:\home\samuel\Robotique\Programmation\Pic\Coupe2012\protoCD\user\user.c
              __tmplbl_42   0x001a60    program     static                          
              __tmplbl_43   0x001a0e    program     static                          
              __tmplbl_45   0x0018dc    program     static                          
              __tmplbl_58   0x001a4a    program     static                          
              __tmplbl_59   0x001a3a    program     static                          
              __tmplbl_60   0x001a4a    program     static                          
              __tmplbl_61   0x001a4a    program     static                          
              __tmplbl_62   0x001a3a    program     static                          
              __tmplbl_63   0x001a3a    program     static                          
              __tmplbl_64   0x001a4a    program     static                          
              __tmplbl_65   0x001a3a    program     static                          
              __tmplbl_67   0x001a3a    program     static                          
              __tmplbl_68   0x001a3a    program     static                          
              __tmplbl_69   0x001a4a    program     static                          
              __tmplbl_70   0x001a3a    program     static                          
              __tmplbl_72   0x001a3a    program     static                          
              __tmplbl_73   0x001a3a    program     static                          
              __tmplbl_74   0x001a4a    program     static                          
              __tmplbl_75   0x001a3a    program     static                          
              __tmplbl_97   0x0008ce    program     static                          
              __tmplbl_98   0x0008ce    program     static                          
            __zero_memory   0x0039d2    program     extern C:\Programmation\Pic\MCC18\src\traditional\proc\p18f2550.asm
                _do_cinit   0x00357e    program     extern C:\Programmation\Pic\MCC18\src\traditional\startup\c018i.c
                   _entry   0x000000    program     extern C:\Programmation\Pic\MCC18\src\traditional\startup\c018i.c
                   _false   0x0038c4    program     static                          
                _high_ISR   0x000808    program     extern Z:\home\samuel\Robotique\Programmation\Pic\Coupe2012\protoCD\main.c
                 _low_ISR   0x000818    program     extern Z:\home\samuel\Robotique\Programmation\Pic\Coupe2012\protoCD\main.c
                   _reset   0x000800    program     extern Z:\home\samuel\Robotique\Programmation\Pic\Coupe2012\protoCD\main.c
                 _startup   0x003988    program     extern C:\Programmation\Pic\MCC18\src\traditional\startup\c018i.c
              _usart_putc   0x0039a4    program     extern C:\Programmation\Pic\MCC18\src\pmc_common\USART\_usartpc.asm
               _user_putc   0x0039ea    program     extern C:\Programmation\Pic\MCC18\src\traditional\stdclib\_user_putc.c
                    cfg01   0x00341d    program     extern Z:\home\samuel\Robotique\Programmation\Pic\Coupe2012\protoCD\autofiles\usbdsc.c
               clear_loop   0x0039d8    program     static C:\Programmation\Pic\MCC18\src\traditional\proc\p18f2550.asm
                copy_loop   0x0035f0    program     static                          
            copy_one_byte   0x0035f6    program     static                          
               device_dsc   0x00340b    program     extern Z:\home\samuel\Robotique\Programmation\Pic\Coupe2012\protoCD\autofiles\usbdsc.c
                     done   0x00361a    program     static                          
             done_copying   0x003604    program     static                          
                  endloop   0x00395e    program     static                          
             getsUSBUSART   0x002582    program     extern Z:\home\samuel\Robotique\Programmation\Pic\Coupe2012\protoCD\system\usb\class\cdc\cdc.c
                  isdigit   0x003964    program     extern C:\Programmation\Pic\MCC18\src\traditional\stdclib\isdigit.asm
                     jEnd   0x00378e    program     static C:\Programmation\Pic\MCC18\src\traditional\stdclib\strlen.asm
                     jEnd   0x0037c0    program     static C:\Programmation\Pic\MCC18\src\traditional\stdclib\slenpgm.asm
                    jLoop   0x003784    program     static C:\Programmation\Pic\MCC18\src\traditional\stdclib\strlen.asm
                    jLoop   0x0037a8    program     static C:\Programmation\Pic\MCC18\src\traditional\stdclib\slenpgm.asm
                   jMatch   0x003984    program     static C:\Programmation\Pic\MCC18\src\traditional\stdclib\isdigit.asm
                 jNoMatch   0x003986    program     static C:\Programmation\Pic\MCC18\src\traditional\stdclib\isdigit.asm
                     loop   0x0039b4    program     static C:\Programmation\Pic\MCC18\src\pmc_common\USART\_usartpc.asm
                     loop   0x003998    program     static                          
                     loop   0x003890    program     static                          
                     loop   0x003942    program     static                          
                     main   0x002f86    program     extern Z:\home\samuel\Robotique\Programmation\Pic\Coupe2012\protoCD\main.c
                     putc   0x00361c    program     extern C:\Programmation\Pic\MCC18\src\traditional\stdclib\putc.c
            putrsUSBUSART   0x00267c    program     extern Z:\home\samuel\Robotique\Programmation\Pic\Coupe2012\protoCD\system\usb\class\cdc\cdc.c
             putsUSBUSART   0x002602    program     extern Z:\home\samuel\Robotique\Programmation\Pic\Coupe2012\protoCD\system\usb\class\cdc\cdc.c
                 s_digits   0x0039c0    program     static C:\Programmation\Pic\MCC18\src\traditional\stdclib\vfprintf.c
            s_put_n_chars   0x000844    program     static C:\Programmation\Pic\MCC18\src\traditional\stdclib\vfprintf.c
                    sd000   0x003460    program     extern Z:\home\samuel\Robotique\Programmation\Pic\Coupe2012\protoCD\autofiles\usbdsc.c
                    sd001   0x003464    program     extern Z:\home\samuel\Robotique\Programmation\Pic\Coupe2012\protoCD\autofiles\usbdsc.c
                    sd002   0x003498    program     extern Z:\home\samuel\Robotique\Programmation\Pic\Coupe2012\protoCD\autofiles\usbdsc.c
                  sprintf   0x0034d8    program     extern C:\Programmation\Pic\MCC18\src\traditional\stdclib\sprintf.c
                   strlen   0x003774    program     extern C:\Programmation\Pic\MCC18\src\traditional\stdclib\strlen.asm
                strlenpgm   0x003790    program     extern C:\Programmation\Pic\MCC18\src\traditional\stdclib\slenpgm.asm
                     test   0x003598    program     static                          
                 vfprintf   0x0008a2    program     extern C:\Programmation\Pic\MCC18\src\traditional\stdclib\vfprintf.c
                   ADCON0   0x000fc2       data     extern C:\Programmation\Pic\MCC18\src\traditional\proc\p18f2550.asm
               ADCON0bits   0x000fc2       data     extern C:\Programmation\Pic\MCC18\src\traditional\proc\p18f2550.asm
                   ADCON1   0x000fc1       data     extern C:\Programmation\Pic\MCC18\src\traditional\proc\p18f2550.asm
               ADCON1bits   0x000fc1       data     extern C:\Programmation\Pic\MCC18\src\traditional\proc\p18f2550.asm
                   ADCON2   0x000fc0       data     extern C:\Programmation\Pic\MCC18\src\traditional\proc\p18f2550.asm
               ADCON2bits   0x000fc0       data     extern C:\Programmation\Pic\MCC18\src\traditional\proc\p18f2550.asm
                    ADRES   0x000fc3       data     extern C:\Programmation\Pic\MCC18\src\traditional\proc\p18f2550.asm
                   ADRESH   0x000fc4       data     extern C:\Programmation\Pic\MCC18\src\traditional\proc\p18f2550.asm
                   ADRESL   0x000fc3       data     extern C:\Programmation\Pic\MCC18\src\traditional\proc\p18f2550.asm
                  BAUDCON   0x000fb8       data     extern C:\Programmation\Pic\MCC18\src\traditional\proc\p18f2550.asm
              BAUDCONbits   0x000fb8       data     extern C:\Programmation\Pic\MCC18\src\traditional\proc\p18f2550.asm
                      BSR   0x000fe0       data     extern C:\Programmation\Pic\MCC18\src\traditional\proc\p18f2550.asm
                   CCP1AS   0x000fb6       data     extern C:\Programmation\Pic\MCC18\src\traditional\proc\p18f2550.asm
               CCP1ASbits   0x000fb6       data     extern C:\Programmation\Pic\MCC18\src\traditional\proc\p18f2550.asm
                  CCP1CON   0x000fbd       data     extern C:\Programmation\Pic\MCC18\src\traditional\proc\p18f2550.asm
              CCP1CONbits   0x000fbd       data     extern C:\Programmation\Pic\MCC18\src\traditional\proc\p18f2550.asm
                  CCP1DEL   0x000fb7       data     extern C:\Programmation\Pic\MCC18\src\traditional\proc\p18f2550.asm
              CCP1DELbits   0x000fb7       data     extern C:\Programmation\Pic\MCC18\src\traditional\proc\p18f2550.asm
                  CCP2CON   0x000fba       data     extern C:\Programmation\Pic\MCC18\src\traditional\proc\p18f2550.asm
              CCP2CONbits   0x000fba       data     extern C:\Programmation\Pic\MCC18\src\traditional\proc\p18f2550.asm
                    CCPR1   0x000fbe       data     extern C:\Programmation\Pic\MCC18\src\traditional\proc\p18f2550.asm
                   CCPR1H   0x000fbf       data     extern C:\Programmation\Pic\MCC18\src\traditional\proc\p18f2550.asm
                   CCPR1L   0x000fbe       data     extern C:\Programmation\Pic\MCC18\src\traditional\proc\p18f2550.asm
                    CCPR2   0x000fbb       data     extern C:\Programmation\Pic\MCC18\src\traditional\proc\p18f2550.asm
                   CCPR2H   0x000fbc       data     extern C:\Programmation\Pic\MCC18\src\traditional\proc\p18f2550.asm
                   CCPR2L   0x000fbb       data     extern C:\Programmation\Pic\MCC18\src\traditional\proc\p18f2550.asm
                    CMCON   0x000fb4       data     extern C:\Programmation\Pic\MCC18\src\traditional\proc\p18f2550.asm
                CMCONbits   0x000fb4       data     extern C:\Programmation\Pic\MCC18\src\traditional\proc\p18f2550.asm
                   CVRCON   0x000fb5       data     extern C:\Programmation\Pic\MCC18\src\traditional\proc\p18f2550.asm
               CVRCONbits   0x000fb5       data     extern C:\Programmation\Pic\MCC18\src\traditional\proc\p18f2550.asm
              CtrlTrfData   0x000428       data     extern Z:\home\samuel\Robotique\Programmation\Pic\Coupe2012\protoCD\system\usb\usbmmap.c
                     DDRA   0x000f92       data     extern C:\Programmation\Pic\MCC18\src\traditional\proc\p18f2550.asm
                 DDRAbits   0x000f92       data     extern C:\Programmation\Pic\MCC18\src\traditional\proc\p18f2550.asm
                     DDRB   0x000f93       data     extern C:\Programmation\Pic\MCC18\src\traditional\proc\p18f2550.asm
                 DDRBbits   0x000f93       data     extern C:\Programmation\Pic\MCC18\src\traditional\proc\p18f2550.asm
                     DDRC   0x000f94       data     extern C:\Programmation\Pic\MCC18\src\traditional\proc\p18f2550.asm
                 DDRCbits   0x000f94       data     extern C:\Programmation\Pic\MCC18\src\traditional\proc\p18f2550.asm
                  ECCP1AS   0x000fb6       data     extern C:\Programmation\Pic\MCC18\src\traditional\proc\p18f2550.asm
              ECCP1ASbits   0x000fb6       data     extern C:\Programmation\Pic\MCC18\src\traditional\proc\p18f2550.asm
                 ECCP1DEL   0x000fb7       data     extern C:\Programmation\Pic\MCC18\src\traditional\proc\p18f2550.asm
             ECCP1DELbits   0x000fb7       data     extern C:\Programmation\Pic\MCC18\src\traditional\proc\p18f2550.asm
                    EEADR   0x000fa9       data     extern C:\Programmation\Pic\MCC18\src\traditional\proc\p18f2550.asm
                   EECON1   0x000fa6       data     extern C:\Programmation\Pic\MCC18\src\traditional\proc\p18f2550.asm
               EECON1bits   0x000fa6       data     extern C:\Programmation\Pic\MCC18\src\traditional\proc\p18f2550.asm
                   EECON2   0x000fa7       data     extern C:\Programmation\Pic\MCC18\src\traditional\proc\p18f2550.asm
                   EEDATA   0x000fa8       data     extern C:\Programmation\Pic\MCC18\src\traditional\proc\p18f2550.asm
                   FERMEE   0x000136       data     extern Z:\home\samuel\Robotique\Programmation\Pic\Coupe2012\protoCD\user\user.c
                     FSR0   0x000fe9       data     extern C:\Programmation\Pic\MCC18\src\traditional\proc\p18f2550.asm
                    FSR0H   0x000fea       data     extern C:\Programmation\Pic\MCC18\src\traditional\proc\p18f2550.asm
                    FSR0L   0x000fe9       data     extern C:\Programmation\Pic\MCC18\src\traditional\proc\p18f2550.asm
                     FSR1   0x000fe1       data     extern C:\Programmation\Pic\MCC18\src\traditional\proc\p18f2550.asm
                    FSR1H   0x000fe2       data     extern C:\Programmation\Pic\MCC18\src\traditional\proc\p18f2550.asm
                    FSR1L   0x000fe1       data     extern C:\Programmation\Pic\MCC18\src\traditional\proc\p18f2550.asm
                     FSR2   0x000fd9       data     extern C:\Programmation\Pic\MCC18\src\traditional\proc\p18f2550.asm
                    FSR2H   0x000fda       data     extern C:\Programmation\Pic\MCC18\src\traditional\proc\p18f2550.asm
                    FSR2L   0x000fd9       data     extern C:\Programmation\Pic\MCC18\src\traditional\proc\p18f2550.asm
                  HLVDCON   0x000fd2       data     extern C:\Programmation\Pic\MCC18\src\traditional\proc\p18f2550.asm
              HLVDCONbits   0x000fd2       data     extern C:\Programmation\Pic\MCC18\src\traditional\proc\p18f2550.asm
                    INDF0   0x000fef       data     extern C:\Programmation\Pic\MCC18\src\traditional\proc\p18f2550.asm
                    INDF1   0x000fe7       data     extern C:\Programmation\Pic\MCC18\src\traditional\proc\p18f2550.asm
                    INDF2   0x000fdf       data     extern C:\Programmation\Pic\MCC18\src\traditional\proc\p18f2550.asm
                   INTCON   0x000ff2       data     extern C:\Programmation\Pic\MCC18\src\traditional\proc\p18f2550.asm
                  INTCON2   0x000ff1       data     extern C:\Programmation\Pic\MCC18\src\traditional\proc\p18f2550.asm
              INTCON2bits   0x000ff1       data     extern C:\Programmation\Pic\MCC18\src\traditional\proc\p18f2550.asm
                  INTCON3   0x000ff0       data     extern C:\Programmation\Pic\MCC18\src\traditional\proc\p18f2550.asm
              INTCON3bits   0x000ff0       data     extern C:\Programmation\Pic\MCC18\src\traditional\proc\p18f2550.asm
               INTCONbits   0x000ff2       data     extern C:\Programmation\Pic\MCC18\src\traditional\proc\p18f2550.asm
                     IPR1   0x000f9f       data     extern C:\Programmation\Pic\MCC18\src\traditional\proc\p18f2550.asm
                 IPR1bits   0x000f9f       data     extern C:\Programmation\Pic\MCC18\src\traditional\proc\p18f2550.asm
                     IPR2   0x000fa2       data     extern C:\Programmation\Pic\MCC18\src\traditional\proc\p18f2550.asm
                 IPR2bits   0x000fa2       data     extern C:\Programmation\Pic\MCC18\src\traditional\proc\p18f2550.asm
                     LATA   0x000f89       data     extern C:\Programmation\Pic\MCC18\src\traditional\proc\p18f2550.asm
                 LATAbits   0x000f89       data     extern C:\Programmation\Pic\MCC18\src\traditional\proc\p18f2550.asm
                     LATB   0x000f8a       data     extern C:\Programmation\Pic\MCC18\src\traditional\proc\p18f2550.asm
                 LATBbits   0x000f8a       data     extern C:\Programmation\Pic\MCC18\src\traditional\proc\p18f2550.asm
                     LATC   0x000f8b       data     extern C:\Programmation\Pic\MCC18\src\traditional\proc\p18f2550.asm
                 LATCbits   0x000f8b       data     extern C:\Programmation\Pic\MCC18\src\traditional\proc\p18f2550.asm
                   LVDCON   0x000fd2       data     extern C:\Programmation\Pic\MCC18\src\traditional\proc\p18f2550.asm
               LVDCONbits   0x000fd2       data     extern C:\Programmation\Pic\MCC18\src\traditional\proc\p18f2550.asm
                   OSCCON   0x000fd3       data     extern C:\Programmation\Pic\MCC18\src\traditional\proc\p18f2550.asm
               OSCCONbits   0x000fd3       data     extern C:\Programmation\Pic\MCC18\src\traditional\proc\p18f2550.asm
                  OSCTUNE   0x000f9b       data     extern C:\Programmation\Pic\MCC18\src\traditional\proc\p18f2550.asm
              OSCTUNEbits   0x000f9b       data     extern C:\Programmation\Pic\MCC18\src\traditional\proc\p18f2550.asm
                   OUVERT   0x000134       data     extern Z:\home\samuel\Robotique\Programmation\Pic\Coupe2012\protoCD\user\user.c
                       PC   0x000ff9       data     extern C:\Programmation\Pic\MCC18\src\traditional\proc\p18f2550.asm
                      PCL   0x000ff9       data     extern C:\Programmation\Pic\MCC18\src\traditional\proc\p18f2550.asm
                   PCLATH   0x000ffa       data     extern C:\Programmation\Pic\MCC18\src\traditional\proc\p18f2550.asm
                   PCLATU   0x000ffb       data     extern C:\Programmation\Pic\MCC18\src\traditional\proc\p18f2550.asm
                     PIE1   0x000f9d       data     extern C:\Programmation\Pic\MCC18\src\traditional\proc\p18f2550.asm
                 PIE1bits   0x000f9d       data     extern C:\Programmation\Pic\MCC18\src\traditional\proc\p18f2550.asm
                     PIE2   0x000fa0       data     extern C:\Programmation\Pic\MCC18\src\traditional\proc\p18f2550.asm
                 PIE2bits   0x000fa0       data     extern C:\Programmation\Pic\MCC18\src\traditional\proc\p18f2550.asm
                     PIR1   0x000f9e       data     extern C:\Programmation\Pic\MCC18\src\traditional\proc\p18f2550.asm
                 PIR1bits   0x000f9e       data     extern C:\Programmation\Pic\MCC18\src\traditional\proc\p18f2550.asm
                     PIR2   0x000fa1       data     extern C:\Programmation\Pic\MCC18\src\traditional\proc\p18f2550.asm
                 PIR2bits   0x000fa1       data     extern C:\Programmation\Pic\MCC18\src\traditional\proc\p18f2550.asm
                   PLUSW0   0x000feb       data     extern C:\Programmation\Pic\MCC18\src\traditional\proc\p18f2550.asm
                   PLUSW1   0x000fe3       data     extern C:\Programmation\Pic\MCC18\src\traditional\proc\p18f2550.asm
                   PLUSW2   0x000fdb       data     extern C:\Programmation\Pic\MCC18\src\traditional\proc\p18f2550.asm
                    PORTA   0x000f80       data     extern C:\Programmation\Pic\MCC18\src\traditional\proc\p18f2550.asm
                PORTAbits   0x000f80       data     extern C:\Programmation\Pic\MCC18\src\traditional\proc\p18f2550.asm
                    PORTB   0x000f81       data     extern C:\Programmation\Pic\MCC18\src\traditional\proc\p18f2550.asm
                PORTBbits   0x000f81       data     extern C:\Programmation\Pic\MCC18\src\traditional\proc\p18f2550.asm
                    PORTC   0x000f82       data     extern C:\Programmation\Pic\MCC18\src\traditional\proc\p18f2550.asm
                PORTCbits   0x000f82       data     extern C:\Programmation\Pic\MCC18\src\traditional\proc\p18f2550.asm
                    PORTE   0x000f84       data     extern C:\Programmation\Pic\MCC18\src\traditional\proc\p18f2550.asm
                PORTEbits   0x000f84       data     extern C:\Programmation\Pic\MCC18\src\traditional\proc\p18f2550.asm
                 POSTDEC0   0x000fed       data     extern C:\Programmation\Pic\MCC18\src\traditional\proc\p18f2550.asm
                 POSTDEC1   0x000fe5       data     extern C:\Programmation\Pic\MCC18\src\traditional\proc\p18f2550.asm
                 POSTDEC2   0x000fdd       data     extern C:\Programmation\Pic\MCC18\src\traditional\proc\p18f2550.asm
                 POSTINC0   0x000fee       data     extern C:\Programmation\Pic\MCC18\src\traditional\proc\p18f2550.asm
                 POSTINC1   0x000fe6       data     extern C:\Programmation\Pic\MCC18\src\traditional\proc\p18f2550.asm
                 POSTINC2   0x000fde       data     extern C:\Programmation\Pic\MCC18\src\traditional\proc\p18f2550.asm
                      PR2   0x000fcb       data     extern C:\Programmation\Pic\MCC18\src\traditional\proc\p18f2550.asm
                  PREINC0   0x000fec       data     extern C:\Programmation\Pic\MCC18\src\traditional\proc\p18f2550.asm
                  PREINC1   0x000fe4       data     extern C:\Programmation\Pic\MCC18\src\traditional\proc\p18f2550.asm
                  PREINC2   0x000fdc       data     extern C:\Programmation\Pic\MCC18\src\traditional\proc\p18f2550.asm
                     PROD   0x000ff3       data     extern C:\Programmation\Pic\MCC18\src\traditional\proc\p18f2550.asm
                    PRODH   0x000ff4       data     extern C:\Programmation\Pic\MCC18\src\traditional\proc\p18f2550.asm
                    PRODL   0x000ff3       data     extern C:\Programmation\Pic\MCC18\src\traditional\proc\p18f2550.asm
                     RCON   0x000fd0       data     extern C:\Programmation\Pic\MCC18\src\traditional\proc\p18f2550.asm
                 RCONbits   0x000fd0       data     extern C:\Programmation\Pic\MCC18\src\traditional\proc\p18f2550.asm
                    RCREG   0x000fae       data     extern C:\Programmation\Pic\MCC18\src\traditional\proc\p18f2550.asm
                    RCSTA   0x000fab       data     extern C:\Programmation\Pic\MCC18\src\traditional\proc\p18f2550.asm
                RCSTAbits   0x000fab       data     extern C:\Programmation\Pic\MCC18\src\traditional\proc\p18f2550.asm
                     SIGN   0x00000e       data     extern C:\Programmation\Pic\MCC18\src\traditional\math\cmath18.asm
                    SPBRG   0x000faf       data     extern C:\Programmation\Pic\MCC18\src\traditional\proc\p18f2550.asm
                   SPBRGH   0x000fb0       data     extern C:\Programmation\Pic\MCC18\src\traditional\proc\p18f2550.asm
                   SSPADD   0x000fc8       data     extern C:\Programmation\Pic\MCC18\src\traditional\proc\p18f2550.asm
                   SSPBUF   0x000fc9       data     extern C:\Programmation\Pic\MCC18\src\traditional\proc\p18f2550.asm
                  SSPCON1   0x000fc6       data     extern C:\Programmation\Pic\MCC18\src\traditional\proc\p18f2550.asm
              SSPCON1bits   0x000fc6       data     extern C:\Programmation\Pic\MCC18\src\traditional\proc\p18f2550.asm
                  SSPCON2   0x000fc5       data     extern C:\Programmation\Pic\MCC18\src\traditional\proc\p18f2550.asm
              SSPCON2bits   0x000fc5       data     extern C:\Programmation\Pic\MCC18\src\traditional\proc\p18f2550.asm
                  SSPSTAT   0x000fc7       data     extern C:\Programmation\Pic\MCC18\src\traditional\proc\p18f2550.asm
              SSPSTATbits   0x000fc7       data     extern C:\Programmation\Pic\MCC18\src\traditional\proc\p18f2550.asm
                   STATUS   0x000fd8       data     extern C:\Programmation\Pic\MCC18\src\traditional\proc\p18f2550.asm
               STATUSbits   0x000fd8       data     extern C:\Programmation\Pic\MCC18\src\traditional\proc\p18f2550.asm
                   STKPTR   0x000ffc       data     extern C:\Programmation\Pic\MCC18\src\traditional\proc\p18f2550.asm
               STKPTRbits   0x000ffc       data     extern C:\Programmation\Pic\MCC18\src\traditional\proc\p18f2550.asm
                 SetupPkt   0x000420       data     extern Z:\home\samuel\Robotique\Programmation\Pic\Coupe2012\protoCD\system\usb\usbmmap.c
                    T0CON   0x000fd5       data     extern C:\Programmation\Pic\MCC18\src\traditional\proc\p18f2550.asm
                T0CONbits   0x000fd5       data     extern C:\Programmation\Pic\MCC18\src\traditional\proc\p18f2550.asm
                    T1CON   0x000fcd       data     extern C:\Programmation\Pic\MCC18\src\traditional\proc\p18f2550.asm
                T1CONbits   0x000fcd       data     extern C:\Programmation\Pic\MCC18\src\traditional\proc\p18f2550.asm
                    T2CON   0x000fca       data     extern C:\Programmation\Pic\MCC18\src\traditional\proc\p18f2550.asm
                T2CONbits   0x000fca       data     extern C:\Programmation\Pic\MCC18\src\traditional\proc\p18f2550.asm
                    T3CON   0x000fb1       data     extern C:\Programmation\Pic\MCC18\src\traditional\proc\p18f2550.asm
                T3CONbits   0x000fb1       data     extern C:\Programmation\Pic\MCC18\src\traditional\proc\p18f2550.asm
                   TABLAT   0x000ff5       data     extern C:\Programmation\Pic\MCC18\src\traditional\proc\p18f2550.asm
                   TBLPTR   0x000ff6       data     extern C:\Programmation\Pic\MCC18\src\traditional\proc\p18f2550.asm
                  TBLPTRH   0x000ff7       data     extern C:\Programmation\Pic\MCC18\src\traditional\proc\p18f2550.asm
                  TBLPTRL   0x000ff6       data     extern C:\Programmation\Pic\MCC18\src\traditional\proc\p18f2550.asm
                  TBLPTRU   0x000ff8       data     extern C:\Programmation\Pic\MCC18\src\traditional\proc\p18f2550.asm
                    TMR0H   0x000fd7       data     extern C:\Programmation\Pic\MCC18\src\traditional\proc\p18f2550.asm
                    TMR0L   0x000fd6       data     extern C:\Programmation\Pic\MCC18\src\traditional\proc\p18f2550.asm
                    TMR1H   0x000fcf       data     extern C:\Programmation\Pic\MCC18\src\traditional\proc\p18f2550.asm
                    TMR1L   0x000fce       data     extern C:\Programmation\Pic\MCC18\src\traditional\proc\p18f2550.asm
                     TMR2   0x000fcc       data     extern C:\Programmation\Pic\MCC18\src\traditional\proc\p18f2550.asm
                    TMR3H   0x000fb3       data     extern C:\Programmation\Pic\MCC18\src\traditional\proc\p18f2550.asm
                    TMR3L   0x000fb2       data     extern C:\Programmation\Pic\MCC18\src\traditional\proc\p18f2550.asm
                      TOS   0x000ffd       data     extern C:\Programmation\Pic\MCC18\src\traditional\proc\p18f2550.asm
                     TOSH   0x000ffe       data     extern C:\Programmation\Pic\MCC18\src\traditional\proc\p18f2550.asm
                     TOSL   0x000ffd       data     extern C:\Programmation\Pic\MCC18\src\traditional\proc\p18f2550.asm
                     TOSU   0x000fff       data     extern C:\Programmation\Pic\MCC18\src\traditional\proc\p18f2550.asm
                    TRISA   0x000f92       data     extern C:\Programmation\Pic\MCC18\src\traditional\proc\p18f2550.asm
                TRISAbits   0x000f92       data     extern C:\Programmation\Pic\MCC18\src\traditional\proc\p18f2550.asm
                    TRISB   0x000f93       data     extern C:\Programmation\Pic\MCC18\src\traditional\proc\p18f2550.asm
                TRISBbits   0x000f93       data     extern C:\Programmation\Pic\MCC18\src\traditional\proc\p18f2550.asm
                    TRISC   0x000f94       data     extern C:\Programmation\Pic\MCC18\src\traditional\proc\p18f2550.asm
                TRISCbits   0x000f94       data     extern C:\Programmation\Pic\MCC18\src\traditional\proc\p18f2550.asm
                    TXREG   0x000fad       data     extern C:\Programmation\Pic\MCC18\src\traditional\proc\p18f2550.asm
                    TXSTA   0x000fac       data     extern C:\Programmation\Pic\MCC18\src\traditional\proc\p18f2550.asm
                TXSTAbits   0x000fac       data     extern C:\Programmation\Pic\MCC18\src\traditional\proc\p18f2550.asm
                    UADDR   0x000f6e       data     extern C:\Programmation\Pic\MCC18\src\traditional\proc\p18f2550.asm
                UADDRbits   0x000f6e       data     extern C:\Programmation\Pic\MCC18\src\traditional\proc\p18f2550.asm
                     UCFG   0x000f6f       data     extern C:\Programmation\Pic\MCC18\src\traditional\proc\p18f2550.asm
                 UCFGbits   0x000f6f       data     extern C:\Programmation\Pic\MCC18\src\traditional\proc\p18f2550.asm
                     UCON   0x000f6d       data     extern C:\Programmation\Pic\MCC18\src\traditional\proc\p18f2550.asm
                 UCONbits   0x000f6d       data     extern C:\Programmation\Pic\MCC18\src\traditional\proc\p18f2550.asm
                     UEIE   0x000f6b       data     extern C:\Programmation\Pic\MCC18\src\traditional\proc\p18f2550.asm
                 UEIEbits   0x000f6b       data     extern C:\Programmation\Pic\MCC18\src\traditional\proc\p18f2550.asm
                     UEIR   0x000f6a       data     extern C:\Programmation\Pic\MCC18\src\traditional\proc\p18f2550.asm
                 UEIRbits   0x000f6a       data     extern C:\Programmation\Pic\MCC18\src\traditional\proc\p18f2550.asm
                     UEP0   0x000f70       data     extern C:\Programmation\Pic\MCC18\src\traditional\proc\p18f2550.asm
                 UEP0bits   0x000f70       data     extern C:\Programmation\Pic\MCC18\src\traditional\proc\p18f2550.asm
                     UEP1   0x000f71       data     extern C:\Programmation\Pic\MCC18\src\traditional\proc\p18f2550.asm
                    UEP10   0x000f7a       data     extern C:\Programmation\Pic\MCC18\src\traditional\proc\p18f2550.asm
                UEP10bits   0x000f7a       data     extern C:\Programmation\Pic\MCC18\src\traditional\proc\p18f2550.asm
                    UEP11   0x000f7b       data     extern C:\Programmation\Pic\MCC18\src\traditional\proc\p18f2550.asm
                UEP11bits   0x000f7b       data     extern C:\Programmation\Pic\MCC18\src\traditional\proc\p18f2550.asm
                    UEP12   0x000f7c       data     extern C:\Programmation\Pic\MCC18\src\traditional\proc\p18f2550.asm
                UEP12bits   0x000f7c       data     extern C:\Programmation\Pic\MCC18\src\traditional\proc\p18f2550.asm
                    UEP13   0x000f7d       data     extern C:\Programmation\Pic\MCC18\src\traditional\proc\p18f2550.asm
                UEP13bits   0x000f7d       data     extern C:\Programmation\Pic\MCC18\src\traditional\proc\p18f2550.asm
                    UEP14   0x000f7e       data     extern C:\Programmation\Pic\MCC18\src\traditional\proc\p18f2550.asm
                UEP14bits   0x000f7e       data     extern C:\Programmation\Pic\MCC18\src\traditional\proc\p18f2550.asm
                    UEP15   0x000f7f       data     extern C:\Programmation\Pic\MCC18\src\traditional\proc\p18f2550.asm
                UEP15bits   0x000f7f       data     extern C:\Programmation\Pic\MCC18\src\traditional\proc\p18f2550.asm
                 UEP1bits   0x000f71       data     extern C:\Programmation\Pic\MCC18\src\traditional\proc\p18f2550.asm
                     UEP2   0x000f72       data     extern C:\Programmation\Pic\MCC18\src\traditional\proc\p18f2550.asm
                 UEP2bits   0x000f72       data     extern C:\Programmation\Pic\MCC18\src\traditional\proc\p18f2550.asm
                     UEP3   0x000f73       data     extern C:\Programmation\Pic\MCC18\src\traditional\proc\p18f2550.asm
                 UEP3bits   0x000f73       data     extern C:\Programmation\Pic\MCC18\src\traditional\proc\p18f2550.asm
                     UEP4   0x000f74       data     extern C:\Programmation\Pic\MCC18\src\traditional\proc\p18f2550.asm
                 UEP4bits   0x000f74       data     extern C:\Programmation\Pic\MCC18\src\traditional\proc\p18f2550.asm
                     UEP5   0x000f75       data     extern C:\Programmation\Pic\MCC18\src\traditional\proc\p18f2550.asm
                 UEP5bits   0x000f75       data     extern C:\Programmation\Pic\MCC18\src\traditional\proc\p18f2550.asm
                     UEP6   0x000f76       data     extern C:\Programmation\Pic\MCC18\src\traditional\proc\p18f2550.asm
                 UEP6bits   0x000f76       data     extern C:\Programmation\Pic\MCC18\src\traditional\proc\p18f2550.asm
                     UEP7   0x000f77       data     extern C:\Programmation\Pic\MCC18\src\traditional\proc\p18f2550.asm
                 UEP7bits   0x000f77       data     extern C:\Programmation\Pic\MCC18\src\traditional\proc\p18f2550.asm
                     UEP8   0x000f78       data     extern C:\Programmation\Pic\MCC18\src\traditional\proc\p18f2550.asm
                 UEP8bits   0x000f78       data     extern C:\Programmation\Pic\MCC18\src\traditional\proc\p18f2550.asm
                     UEP9   0x000f79       data     extern C:\Programmation\Pic\MCC18\src\traditional\proc\p18f2550.asm
                 UEP9bits   0x000f79       data     extern C:\Programmation\Pic\MCC18\src\traditional\proc\p18f2550.asm
                     UFRM   0x000f66       data     extern C:\Programmation\Pic\MCC18\src\traditional\proc\p18f2550.asm
                    UFRMH   0x000f67       data     extern C:\Programmation\Pic\MCC18\src\traditional\proc\p18f2550.asm
                UFRMHbits   0x000f67       data     extern C:\Programmation\Pic\MCC18\src\traditional\proc\p18f2550.asm
                    UFRML   0x000f66       data     extern C:\Programmation\Pic\MCC18\src\traditional\proc\p18f2550.asm
                UFRMLbits   0x000f66       data     extern C:\Programmation\Pic\MCC18\src\traditional\proc\p18f2550.asm
                      UIE   0x000f69       data     extern C:\Programmation\Pic\MCC18\src\traditional\proc\p18f2550.asm
                  UIEbits   0x000f69       data     extern C:\Programmation\Pic\MCC18\src\traditional\proc\p18f2550.asm
                      UIR   0x000f68       data     extern C:\Programmation\Pic\MCC18\src\traditional\proc\p18f2550.asm
                  UIRbits   0x000f68       data     extern C:\Programmation\Pic\MCC18\src\traditional\proc\p18f2550.asm
                    USTAT   0x000f6c       data     extern C:\Programmation\Pic\MCC18\src\traditional\proc\p18f2550.asm
                USTATbits   0x000f6c       data     extern C:\Programmation\Pic\MCC18\src\traditional\proc\p18f2550.asm
                   WDTCON   0x000fd1       data     extern C:\Programmation\Pic\MCC18\src\traditional\proc\p18f2550.asm
               WDTCONbits   0x000fd1       data     extern C:\Programmation\Pic\MCC18\src\traditional\proc\p18f2550.asm
                     WREG   0x000fe8       data     extern C:\Programmation\Pic\MCC18\src\traditional\proc\p18f2550.asm
                 __AARGB0   0x000007       data     extern C:\Programmation\Pic\MCC18\src\traditional\math\aarg.asm
                 __AARGB1   0x000006       data     extern C:\Programmation\Pic\MCC18\src\traditional\math\aarg.asm
                 __AARGB2   0x000005       data     extern C:\Programmation\Pic\MCC18\src\traditional\math\aarg.asm
                 __AARGB3   0x000004       data     extern C:\Programmation\Pic\MCC18\src\traditional\math\aarg.asm
                 __AARGB4   0x000003       data     extern C:\Programmation\Pic\MCC18\src\traditional\math\aarg.asm
                 __AARGB5   0x000002       data     extern C:\Programmation\Pic\MCC18\src\traditional\math\aarg.asm
                 __AARGB6   0x000001       data     extern C:\Programmation\Pic\MCC18\src\traditional\math\aarg.asm
                 __AARGB7   0x000000       data     extern C:\Programmation\Pic\MCC18\src\traditional\math\aarg.asm
                   __AEXP   0x000008       data     extern C:\Programmation\Pic\MCC18\src\traditional\math\aarg.asm
                 __BARGB0   0x00000c       data     extern C:\Programmation\Pic\MCC18\src\traditional\math\barg.asm
                 __BARGB1   0x00000b       data     extern C:\Programmation\Pic\MCC18\src\traditional\math\barg.asm
                 __BARGB2   0x00000a       data     extern C:\Programmation\Pic\MCC18\src\traditional\math\barg.asm
                 __BARGB3   0x000009       data     extern C:\Programmation\Pic\MCC18\src\traditional\math\barg.asm
                   __BEXP   0x00000d       data     extern C:\Programmation\Pic\MCC18\src\traditional\math\barg.asm
                __FPFLAGS   0x00000f       data     extern C:\Programmation\Pic\MCC18\src\traditional\math\cmath18.asm
            __FPFLAGSbits   0x00000f       data     extern C:\Programmation\Pic\MCC18\src\traditional\math\cmath18.asm
                  __REMB0   0x000003       data     extern C:\Programmation\Pic\MCC18\src\traditional\math\aarg.asm
                  __REMB1   0x000002       data     extern C:\Programmation\Pic\MCC18\src\traditional\math\aarg.asm
                  __REMB2   0x000001       data     extern C:\Programmation\Pic\MCC18\src\traditional\math\aarg.asm
                  __REMB3   0x000000       data     extern C:\Programmation\Pic\MCC18\src\traditional\math\aarg.asm
                   __TEMP   0x000013       data     extern C:\Programmation\Pic\MCC18\src\traditional\math\temparg.asm
                 __TEMPB0   0x000013       data     extern C:\Programmation\Pic\MCC18\src\traditional\math\temparg.asm
                 __TEMPB1   0x000012       data     extern C:\Programmation\Pic\MCC18\src\traditional\math\temparg.asm
                 __TEMPB2   0x000011       data     extern C:\Programmation\Pic\MCC18\src\traditional\math\temparg.asm
                 __TEMPB3   0x000010       data     extern C:\Programmation\Pic\MCC18\src\traditional\math\temparg.asm
                  __tmp_0   0x000014       data     static C:\Programmation\Pic\MCC18\src\traditional\stdclib\vfprintf.c
                  __tmp_0   0x000014       data     static C:\Programmation\Pic\MCC18\src\traditional\stdclib\sprintf.c
                  __tmp_0   0x000014       data     static C:\Programmation\Pic\MCC18\src\traditional\stdclib\putc.c
                  __tmp_0   0x000014       data     static Z:\home\samuel\Robotique\Programmation\Pic\Coupe2012\protoCD\user\Servo\servo.c
                  __tmp_0   0x000014       data     static Z:\home\samuel\Robotique\Programmation\Pic\Coupe2012\protoCD\system\usb\usbctrltrf\usbctrltrf.c
                  __tmp_0   0x000014       data     static Z:\home\samuel\Robotique\Programmation\Pic\Coupe2012\protoCD\system\usb\usb9\usb9.c
                  __tmp_0   0x000014       data     static Z:\home\samuel\Robotique\Programmation\Pic\Coupe2012\protoCD\user\temperature.c
                  __tmp_0   0x000014       data     static Z:\home\samuel\Robotique\Programmation\Pic\Coupe2012\protoCD\system\usb\class\cdc\cdc.c
                  __tmp_0   0x000014       data     static Z:\home\samuel\Robotique\Programmation\Pic\Coupe2012\protoCD\user\user.c
                  __tmp_1   0x00001a       data     static Z:\home\samuel\Robotique\Programmation\Pic\Coupe2012\protoCD\main.c
              bTRNIFCount   0x000140       data     extern Z:\home\samuel\Robotique\Programmation\Pic\Coupe2012\protoCD\system\usb\usbdrv\usbdrv.c
                    blink   0x00013a       data     static Z:\home\samuel\Robotique\Programmation\Pic\Coupe2012\protoCD\user\user.c
              cdc_data_rx   0x000438       data     extern Z:\home\samuel\Robotique\Programmation\Pic\Coupe2012\protoCD\system\usb\usbmmap.c
              cdc_data_tx   0x000478       data     extern Z:\home\samuel\Robotique\Programmation\Pic\Coupe2012\protoCD\system\usb\usbmmap.c
             cdc_mem_type   0x0000ed       data     extern Z:\home\samuel\Robotique\Programmation\Pic\Coupe2012\protoCD\system\usb\class\cdc\cdc.c
               cdc_notice   0x000430       data     extern Z:\home\samuel\Robotique\Programmation\Pic\Coupe2012\protoCD\system\usb\usbmmap.c
               cdc_rx_len   0x0000e6       data     extern Z:\home\samuel\Robotique\Programmation\Pic\Coupe2012\protoCD\system\usb\class\cdc\cdc.c
            cdc_trf_state   0x0000e7       data     extern Z:\home\samuel\Robotique\Programmation\Pic\Coupe2012\protoCD\system\usb\class\cdc\cdc.c
               cdc_tx_len   0x0000ec       data     extern Z:\home\samuel\Robotique\Programmation\Pic\Coupe2012\protoCD\system\usb\class\cdc\cdc.c
                      cnt   0x000138       data     static Z:\home\samuel\Robotique\Programmation\Pic\Coupe2012\protoCD\user\user.c
    control_signal_bitmap   0x0000f5       data     extern Z:\home\samuel\Robotique\Programmation\Pic\Coupe2012\protoCD\system\usb\class\cdc\cdc.c
   ctrl_trf_session_owner   0x00012b       data     extern Z:\home\samuel\Robotique\Programmation\Pic\Coupe2012\protoCD\system\usb\usbctrltrf\usbctrltrf.c
           ctrl_trf_state   0x00012a       data     extern Z:\home\samuel\Robotique\Programmation\Pic\Coupe2012\protoCD\system\usb\usbctrltrf\usbctrltrf.c
                curr_byte   0x000123       data     static C:\Programmation\Pic\MCC18\src\traditional\startup\c018i.c
               curr_entry   0x000125       data     static C:\Programmation\Pic\MCC18\src\traditional\startup\c018i.c
                 data_ptr   0x000127       data     static C:\Programmation\Pic\MCC18\src\traditional\startup\c018i.c
              delay_count   0x000141       data     static Z:\home\samuel\Robotique\Programmation\Pic\Coupe2012\protoCD\system\usb\usbdrv\usbdrv.c
                       dt   0x0000ff       data     extern Z:\home\samuel\Robotique\Programmation\Pic\Coupe2012\protoCD\main.c
dummy_encapsulated_cmd_response   0x0000f6       data     extern Z:\home\samuel\Robotique\Programmation\Pic\Coupe2012\protoCD\system\usb\class\cdc\cdc.c
                    ep0Bi   0x000404       data     extern Z:\home\samuel\Robotique\Programmation\Pic\Coupe2012\protoCD\system\usb\usbmmap.c
                    ep0Bo   0x000400       data     extern Z:\home\samuel\Robotique\Programmation\Pic\Coupe2012\protoCD\system\usb\usbmmap.c
                    ep1Bi   0x00040c       data     extern Z:\home\samuel\Robotique\Programmation\Pic\Coupe2012\protoCD\system\usb\usbmmap.c
                    ep1Bo   0x000408       data     extern Z:\home\samuel\Robotique\Programmation\Pic\Coupe2012\protoCD\system\usb\usbmmap.c
                    ep2Bi   0x000414       data     extern Z:\home\samuel\Robotique\Programmation\Pic\Coupe2012\protoCD\system\usb\usbmmap.c
                    ep2Bo   0x000410       data     extern Z:\home\samuel\Robotique\Programmation\Pic\Coupe2012\protoCD\system\usb\usbmmap.c
                    ep3Bi   0x00041c       data     extern Z:\home\samuel\Robotique\Programmation\Pic\Coupe2012\protoCD\system\usb\usbmmap.c
                    ep3Bo   0x000418       data     extern Z:\home\samuel\Robotique\Programmation\Pic\Coupe2012\protoCD\system\usb\usbmmap.c
             input_buffer   0x000060       data     extern Z:\home\samuel\Robotique\Programmation\Pic\Coupe2012\protoCD\user\user.c
                iteration   0x0000e3       data     static Z:\home\samuel\Robotique\Programmation\Pic\Coupe2012\protoCD\user\user.c
              line_coding   0x0000ee       data     extern Z:\home\samuel\Robotique\Programmation\Pic\Coupe2012\protoCD\system\usb\class\cdc\cdc.c
              loop_active   0x0000e2       data     extern Z:\home\samuel\Robotique\Programmation\Pic\Coupe2012\protoCD\user\user.c
                 molette1   0x0000e0       data     extern Z:\home\samuel\Robotique\Programmation\Pic\Coupe2012\protoCD\user\user.c
                 molette2   0x0000e1       data     extern Z:\home\samuel\Robotique\Programmation\Pic\Coupe2012\protoCD\user\user.c
            output_buffer   0x0000a0       data     extern Z:\home\samuel\Robotique\Programmation\Pic\Coupe2012\protoCD\user\user.c
                  pCDCDst   0x0000ea       data     extern Z:\home\samuel\Robotique\Programmation\Pic\Coupe2012\protoCD\system\usb\class\cdc\cdc.c
                  pCDCSrc   0x0000e8       data     extern Z:\home\samuel\Robotique\Programmation\Pic\Coupe2012\protoCD\system\usb\class\cdc\cdc.c
                     pDst   0x00012e       data     extern Z:\home\samuel\Robotique\Programmation\Pic\Coupe2012\protoCD\system\usb\usbctrltrf\usbctrltrf.c
                     pSrc   0x00012c       data     extern Z:\home\samuel\Robotique\Programmation\Pic\Coupe2012\protoCD\system\usb\usbctrltrf\usbctrltrf.c
                pos_servo   0x000100       data     extern Z:\home\samuel\Robotique\Programmation\Pic\Coupe2012\protoCD\user\Servo\servo.c
                     prom   0x000120       data     static C:\Programmation\Pic\MCC18\src\traditional\startup\c018i.c
                      sel   0x000133       data     extern Z:\home\samuel\Robotique\Programmation\Pic\Coupe2012\protoCD\user\user.c
            servo_courant   0x000144       data     extern Z:\home\samuel\Robotique\Programmation\Pic\Coupe2012\protoCD\user\Servo\servo.c
         short_pkt_status   0x000132       data     extern Z:\home\samuel\Robotique\Programmation\Pic\Coupe2012\protoCD\system\usb\usbctrltrf\usbctrltrf.c
               tempString   0x000116       data     extern Z:\home\samuel\Robotique\Programmation\Pic\Coupe2012\protoCD\user\temperature.c
              temperature   0x000114       data     extern Z:\home\samuel\Robotique\Programmation\Pic\Coupe2012\protoCD\user\temperature.c
                    temps   0x0000e5       data     static Z:\home\samuel\Robotique\Programmation\Pic\Coupe2012\protoCD\user\user.c
                    timer   0x0000fe       data     extern Z:\home\samuel\Robotique\Programmation\Pic\Coupe2012\protoCD\main.c
              timer_servo   0x000143       data     extern Z:\home\samuel\Robotique\Programmation\Pic\Coupe2012\protoCD\user\Servo\servo.c
           usb_active_cfg   0x00013e       data     extern Z:\home\samuel\Robotique\Programmation\Pic\Coupe2012\protoCD\system\usb\usbmmap.c
             usb_alt_intf   0x00013f       data     extern Z:\home\samuel\Robotique\Programmation\Pic\Coupe2012\protoCD\system\usb\usbmmap.c
         usb_device_state   0x00013c       data     extern Z:\home\samuel\Robotique\Programmation\Pic\Coupe2012\protoCD\system\usb\usbmmap.c
                 usb_stat   0x00013d       data     extern Z:\home\samuel\Robotique\Programmation\Pic\Coupe2012\protoCD\system\usb\usbmmap.c
                   wCount   0x000130       data     extern Z:\home\samuel\Robotique\Programmation\Pic\Coupe2012\protoCD\system\usb\usbctrltrf\usbctrltrf.c



                              Symbols - Sorted by Address
                     Name    Address   Location    Storage File                     
                ---------  ---------  ---------  --------- ---------                
                   _entry   0x000000    program     extern C:\Programmation\Pic\MCC18\src\traditional\startup\c018i.c
       ___return_lbl00000   0x000004    program     static                          
                   _reset   0x000800    program     extern Z:\home\samuel\Robotique\Programmation\Pic\Coupe2012\protoCD\main.c
       ___return_lbl00000   0x000804    program     static                          
                _high_ISR   0x000808    program     extern Z:\home\samuel\Robotique\Programmation\Pic\Coupe2012\protoCD\main.c
                 _low_ISR   0x000818    program     extern Z:\home\samuel\Robotique\Programmation\Pic\Coupe2012\protoCD\main.c
            s_put_n_chars   0x000844    program     static C:\Programmation\Pic\MCC18\src\traditional\stdclib\vfprintf.c
                 vfprintf   0x0008a2    program     extern C:\Programmation\Pic\MCC18\src\traditional\stdclib\vfprintf.c
              __tmplbl_97   0x0008ce    program     static                          
              __tmplbl_98   0x0008ce    program     static                          
              __tmplbl_45   0x0018dc    program     static                          
              __tmplbl_43   0x001a0e    program     static                          
              __tmplbl_75   0x001a3a    program     static                          
              __tmplbl_73   0x001a3a    program     static                          
              __tmplbl_72   0x001a3a    program     static                          
              __tmplbl_70   0x001a3a    program     static                          
              __tmplbl_68   0x001a3a    program     static                          
              __tmplbl_67   0x001a3a    program     static                          
              __tmplbl_65   0x001a3a    program     static                          
              __tmplbl_63   0x001a3a    program     static                          
              __tmplbl_62   0x001a3a    program     static                          
              __tmplbl_59   0x001a3a    program     static                          
              __tmplbl_64   0x001a4a    program     static                          
              __tmplbl_69   0x001a4a    program     static                          
              __tmplbl_58   0x001a4a    program     static                          
              __tmplbl_61   0x001a4a    program     static                          
              __tmplbl_74   0x001a4a    program     static                          
              __tmplbl_60   0x001a4a    program     static                          
              __tmplbl_42   0x001a60    program     static                          
                 UserInit   0x001a8c    program     extern Z:\home\samuel\Robotique\Programmation\Pic\Coupe2012\protoCD\user\user.c
          InitializeUSART   0x001aa8    program     extern Z:\home\samuel\Robotique\Programmation\Pic\Coupe2012\protoCD\user\user.c
                ProcessIO   0x001ac2    program     extern Z:\home\samuel\Robotique\Programmation\Pic\Coupe2012\protoCD\user\user.c
         USBCtrlEPService   0x0020c8    program     extern Z:\home\samuel\Robotique\Programmation\Pic\Coupe2012\protoCD\system\usb\usbctrltrf\usbctrltrf.c
   USBCtrlTrfSetupHandler   0x0020fa    program     extern Z:\home\samuel\Robotique\Programmation\Pic\Coupe2012\protoCD\system\usb\usbctrltrf\usbctrltrf.c
     USBCtrlTrfOutHandler   0x00216e    program     extern Z:\home\samuel\Robotique\Programmation\Pic\Coupe2012\protoCD\system\usb\usbctrltrf\usbctrltrf.c
      USBCtrlTrfInHandler   0x00218e    program     extern Z:\home\samuel\Robotique\Programmation\Pic\Coupe2012\protoCD\system\usb\usbctrltrf\usbctrltrf.c
      USBCtrlTrfTxService   0x0021d8    program     extern Z:\home\samuel\Robotique\Programmation\Pic\Coupe2012\protoCD\system\usb\usbctrltrf\usbctrltrf.c
      USBCtrlTrfRxService   0x0022c6    program     extern Z:\home\samuel\Robotique\Programmation\Pic\Coupe2012\protoCD\system\usb\usbctrltrf\usbctrltrf.c
 USBCtrlEPServiceComplete   0x002340    program     extern Z:\home\samuel\Robotique\Programmation\Pic\Coupe2012\protoCD\system\usb\usbctrltrf\usbctrltrf.c
USBPrepareForNextSetupTrf   0x0023cc    program     extern Z:\home\samuel\Robotique\Programmation\Pic\Coupe2012\protoCD\system\usb\usbctrltrf\usbctrltrf.c
       USBCheckCDCRequest   0x00246e    program     extern Z:\home\samuel\Robotique\Programmation\Pic\Coupe2012\protoCD\system\usb\class\cdc\cdc.c
                CDCInitEP   0x002532    program     extern Z:\home\samuel\Robotique\Programmation\Pic\Coupe2012\protoCD\system\usb\class\cdc\cdc.c
             getsUSBUSART   0x002582    program     extern Z:\home\samuel\Robotique\Programmation\Pic\Coupe2012\protoCD\system\usb\class\cdc\cdc.c
             putsUSBUSART   0x002602    program     extern Z:\home\samuel\Robotique\Programmation\Pic\Coupe2012\protoCD\system\usb\class\cdc\cdc.c
            putrsUSBUSART   0x00267c    program     extern Z:\home\samuel\Robotique\Programmation\Pic\Coupe2012\protoCD\system\usb\class\cdc\cdc.c
             CDCTxService   0x0026f8    program     extern Z:\home\samuel\Robotique\Programmation\Pic\Coupe2012\protoCD\system\usb\class\cdc\cdc.c
       USBCheckStdRequest   0x0027e8    program     extern Z:\home\samuel\Robotique\Programmation\Pic\Coupe2012\protoCD\system\usb\usb9\usb9.c
      USBStdGetDscHandler   0x0028aa    program     extern Z:\home\samuel\Robotique\Programmation\Pic\Coupe2012\protoCD\system\usb\usb9\usb9.c
      USBStdSetCfgHandler   0x002962    program     extern Z:\home\samuel\Robotique\Programmation\Pic\Coupe2012\protoCD\system\usb\usb9\usb9.c
   USBStdGetStatusHandler   0x0029b2    program     extern Z:\home\samuel\Robotique\Programmation\Pic\Coupe2012\protoCD\system\usb\usb9\usb9.c
  USBStdFeatureReqHandler   0x002a52    program     extern Z:\home\samuel\Robotique\Programmation\Pic\Coupe2012\protoCD\system\usb\usb9\usb9.c
               Servo_Init   0x002af6    program     extern Z:\home\samuel\Robotique\Programmation\Pic\Coupe2012\protoCD\user\Servo\servo.c
                Servo_Set   0x002b66    program     extern Z:\home\samuel\Robotique\Programmation\Pic\Coupe2012\protoCD\user\Servo\servo.c
                Servo_Get   0x002bf2    program     extern Z:\home\samuel\Robotique\Programmation\Pic\Coupe2012\protoCD\user\Servo\servo.c
                Servo_Int   0x002c2e    program     extern Z:\home\samuel\Robotique\Programmation\Pic\Coupe2012\protoCD\user\Servo\servo.c
              MyInterrupt   0x002d66    program     extern Z:\home\samuel\Robotique\Programmation\Pic\Coupe2012\protoCD\main.c
                     main   0x002f86    program     extern Z:\home\samuel\Robotique\Programmation\Pic\Coupe2012\protoCD\main.c
         InitializeSystem   0x002f92    program     static Z:\home\samuel\Robotique\Programmation\Pic\Coupe2012\protoCD\main.c
                 USBTasks   0x002fac    program     extern Z:\home\samuel\Robotique\Programmation\Pic\Coupe2012\protoCD\main.c
        USBCheckBusStatus   0x002fbc    program     extern Z:\home\samuel\Robotique\Programmation\Pic\Coupe2012\protoCD\system\usb\usbdrv\usbdrv.c
          USBModuleEnable   0x002fde    program     extern Z:\home\samuel\Robotique\Programmation\Pic\Coupe2012\protoCD\system\usb\usbdrv\usbdrv.c
         USBModuleDisable   0x002fec    program     extern Z:\home\samuel\Robotique\Programmation\Pic\Coupe2012\protoCD\system\usb\usbdrv\usbdrv.c
            USBSoftDetach   0x002ff6    program     extern Z:\home\samuel\Robotique\Programmation\Pic\Coupe2012\protoCD\system\usb\usbdrv\usbdrv.c
         USBDriverService   0x002ffa    program     extern Z:\home\samuel\Robotique\Programmation\Pic\Coupe2012\protoCD\system\usb\usbdrv\usbdrv.c
               USBSuspend   0x00308e    program     extern Z:\home\samuel\Robotique\Programmation\Pic\Coupe2012\protoCD\system\usb\usbdrv\usbdrv.c
       ___return_lbl00033   0x00309c    program     static                          
       USBWakeFromSuspend   0x00309e    program     extern Z:\home\samuel\Robotique\Programmation\Pic\Coupe2012\protoCD\system\usb\usbdrv\usbdrv.c
          USBRemoteWakeup   0x0030ac    program     extern Z:\home\samuel\Robotique\Programmation\Pic\Coupe2012\protoCD\system\usb\usbdrv\usbdrv.c
          USB_SOF_Handler   0x0030d0    program     extern Z:\home\samuel\Robotique\Programmation\Pic\Coupe2012\protoCD\system\usb\usbdrv\usbdrv.c
          USBStallHandler   0x0030d4    program     extern Z:\home\samuel\Robotique\Programmation\Pic\Coupe2012\protoCD\system\usb\usbdrv\usbdrv.c
          USBErrorHandler   0x0030f4    program     extern Z:\home\samuel\Robotique\Programmation\Pic\Coupe2012\protoCD\system\usb\usbdrv\usbdrv.c
  USBProtocolResetHandler   0x0030f8    program     extern Z:\home\samuel\Robotique\Programmation\Pic\Coupe2012\protoCD\system\usb\usbdrv\usbdrv.c
        ___while_lbl00049   0x00311e    program     static                          
        ___while_lbl00050   0x003132    program     static                          
       ___return_lbl00048   0x003146    program     static                          
               ClearArray   0x003148    program     extern Z:\home\samuel\Robotique\Programmation\Pic\Coupe2012\protoCD\system\usb\usbdrv\usbdrv.c
        ___while_lbl00052   0x00315c    program     static                          
        ___while_lbl00053   0x00316a    program     static                          
       ___return_lbl00051   0x00316a    program     static                          
           InitTempSensor   0x003172    program     extern Z:\home\samuel\Robotique\Programmation\Pic\Coupe2012\protoCD\user\temperature.c
       AcquireTemperature   0x003198    program     extern Z:\home\samuel\Robotique\Programmation\Pic\Coupe2012\protoCD\user\temperature.c
       UpdateCelsiusASCII   0x0031ba    program     extern Z:\home\samuel\Robotique\Programmation\Pic\Coupe2012\protoCD\user\temperature.c
              __string_17   0x003310    program     static Z:\home\samuel\Robotique\Programmation\Pic\Coupe2012\protoCD\user\user.c
              __string_16   0x003320    program     static Z:\home\samuel\Robotique\Programmation\Pic\Coupe2012\protoCD\user\user.c
              __string_15   0x00332a    program     static Z:\home\samuel\Robotique\Programmation\Pic\Coupe2012\protoCD\user\user.c
              __string_14   0x003334    program     static Z:\home\samuel\Robotique\Programmation\Pic\Coupe2012\protoCD\user\user.c
[...]
                    PORTE   0x000f84       data     extern C:\Programmation\Pic\MCC18\src\traditional\proc\p18f2550.asm
                 LATAbits   0x000f89       data     extern C:\Programmation\Pic\MCC18\src\traditional\proc\p18f2550.asm
                     LATA   0x000f89       data     extern C:\Programmation\Pic\MCC18\src\traditional\proc\p18f2550.asm
                     LATB   0x000f8a       data     extern C:\Programmation\Pic\MCC18\src\traditional\proc\p18f2550.asm
                 LATBbits   0x000f8a       data     extern C:\Programmation\Pic\MCC18\src\traditional\proc\p18f2550.asm
                     LATC   0x000f8b       data     extern C:\Programmation\Pic\MCC18\src\traditional\proc\p18f2550.asm
                 LATCbits   0x000f8b       data     extern C:\Programmation\Pic\MCC18\src\traditional\proc\p18f2550.asm
                     DDRA   0x000f92       data     extern C:\Programmation\Pic\MCC18\src\traditional\proc\p18f2550.asm
                 DDRAbits   0x000f92       data     extern C:\Programmation\Pic\MCC18\src\traditional\proc\p18f2550.asm
                TRISAbits   0x000f92       data     extern C:\Programmation\Pic\MCC18\src\traditional\proc\p18f2550.asm
                    TRISA   0x000f92       data     extern C:\Programmation\Pic\MCC18\src\traditional\proc\p18f2550.asm
                    TRISB   0x000f93       data     extern C:\Programmation\Pic\MCC18\src\traditional\proc\p18f2550.asm
                TRISBbits   0x000f93       data     extern C:\Programmation\Pic\MCC18\src\traditional\proc\p18f2550.asm
                     DDRB   0x000f93       data     extern C:\Programmation\Pic\MCC18\src\traditional\proc\p18f2550.asm
                 DDRBbits   0x000f93       data     extern C:\Programmation\Pic\MCC18\src\traditional\proc\p18f2550.asm
                    TRISC   0x000f94       data     extern C:\Programmation\Pic\MCC18\src\traditional\proc\p18f2550.asm
                TRISCbits   0x000f94       data     extern C:\Programmation\Pic\MCC18\src\traditional\proc\p18f2550.asm
                     DDRC   0x000f94       data     extern C:\Programmation\Pic\MCC18\src\traditional\proc\p18f2550.asm
                 DDRCbits   0x000f94       data     extern C:\Programmation\Pic\MCC18\src\traditional\proc\p18f2550.asm
                  OSCTUNE   0x000f9b       data     extern C:\Programmation\Pic\MCC18\src\traditional\proc\p18f2550.asm
              OSCTUNEbits   0x000f9b       data     extern C:\Programmation\Pic\MCC18\src\traditional\proc\p18f2550.asm
                 PIE1bits   0x000f9d       data     extern C:\Programmation\Pic\MCC18\src\traditional\proc\p18f2550.asm
                     PIE1   0x000f9d       data     extern C:\Programmation\Pic\MCC18\src\traditional\proc\p18f2550.asm
                 PIR1bits   0x000f9e       data     extern C:\Programmation\Pic\MCC18\src\traditional\proc\p18f2550.asm
                     PIR1   0x000f9e       data     extern C:\Programmation\Pic\MCC18\src\traditional\proc\p18f2550.asm
                     IPR1   0x000f9f       data     extern C:\Programmation\Pic\MCC18\src\traditional\proc\p18f2550.asm
                 IPR1bits   0x000f9f       data     extern C:\Programmation\Pic\MCC18\src\traditional\proc\p18f2550.asm
                 PIE2bits   0x000fa0       data     extern C:\Programmation\Pic\MCC18\src\traditional\proc\p18f2550.asm
                     PIE2   0x000fa0       data     extern C:\Programmation\Pic\MCC18\src\traditional\proc\p18f2550.asm
                     PIR2   0x000fa1       data     extern C:\Programmation\Pic\MCC18\src\traditional\proc\p18f2550.asm
                 PIR2bits   0x000fa1       data     extern C:\Programmation\Pic\MCC18\src\traditional\proc\p18f2550.asm
                     IPR2   0x000fa2       data     extern C:\Programmation\Pic\MCC18\src\traditional\proc\p18f2550.asm
                 IPR2bits   0x000fa2       data     extern C:\Programmation\Pic\MCC18\src\traditional\proc\p18f2550.asm
               EECON1bits   0x000fa6       data     extern C:\Programmation\Pic\MCC18\src\traditional\proc\p18f2550.asm
                   EECON1   0x000fa6       data     extern C:\Programmation\Pic\MCC18\src\traditional\proc\p18f2550.asm
                   EECON2   0x000fa7       data     extern C:\Programmation\Pic\MCC18\src\traditional\proc\p18f2550.asm
                   EEDATA   0x000fa8       data     extern C:\Programmation\Pic\MCC18\src\traditional\proc\p18f2550.asm
                    EEADR   0x000fa9       data     extern C:\Programmation\Pic\MCC18\src\traditional\proc\p18f2550.asm
                RCSTAbits   0x000fab       data     extern C:\Programmation\Pic\MCC18\src\traditional\proc\p18f2550.asm
                    RCSTA   0x000fab       data     extern C:\Programmation\Pic\MCC18\src\traditional\proc\p18f2550.asm
                TXSTAbits   0x000fac       data     extern C:\Programmation\Pic\MCC18\src\traditional\proc\p18f2550.asm
                    TXSTA   0x000fac       data     extern C:\Programmation\Pic\MCC18\src\traditional\proc\p18f2550.asm
                    TXREG   0x000fad       data     extern C:\Programmation\Pic\MCC18\src\traditional\proc\p18f2550.asm
                    RCREG   0x000fae       data     extern C:\Programmation\Pic\MCC18\src\traditional\proc\p18f2550.asm
                    SPBRG   0x000faf       data     extern C:\Programmation\Pic\MCC18\src\traditional\proc\p18f2550.asm
                   SPBRGH   0x000fb0       data     extern C:\Programmation\Pic\MCC18\src\traditional\proc\p18f2550.asm
                    T3CON   0x000fb1       data     extern C:\Programmation\Pic\MCC18\src\traditional\proc\p18f2550.asm
                T3CONbits   0x000fb1       data     extern C:\Programmation\Pic\MCC18\src\traditional\proc\p18f2550.asm
                    TMR3L   0x000fb2       data     extern C:\Programmation\Pic\MCC18\src\traditional\proc\p18f2550.asm
                    TMR3H   0x000fb3       data     extern C:\Programmation\Pic\MCC18\src\traditional\proc\p18f2550.asm
                    CMCON   0x000fb4       data     extern C:\Programmation\Pic\MCC18\src\traditional\proc\p18f2550.asm
                CMCONbits   0x000fb4       data     extern C:\Programmation\Pic\MCC18\src\traditional\proc\p18f2550.asm
               CVRCONbits   0x000fb5       data     extern C:\Programmation\Pic\MCC18\src\traditional\proc\p18f2550.asm
                   CVRCON   0x000fb5       data     extern C:\Programmation\Pic\MCC18\src\traditional\proc\p18f2550.asm
                  ECCP1AS   0x000fb6       data     extern C:\Programmation\Pic\MCC18\src\traditional\proc\p18f2550.asm
                   CCP1AS   0x000fb6       data     extern C:\Programmation\Pic\MCC18\src\traditional\proc\p18f2550.asm
              ECCP1ASbits   0x000fb6       data     extern C:\Programmation\Pic\MCC18\src\traditional\proc\p18f2550.asm
               CCP1ASbits   0x000fb6       data     extern C:\Programmation\Pic\MCC18\src\traditional\proc\p18f2550.asm
                  CCP1DEL   0x000fb7       data     extern C:\Programmation\Pic\MCC18\src\traditional\proc\p18f2550.asm
                 ECCP1DEL   0x000fb7       data     extern C:\Programmation\Pic\MCC18\src\traditional\proc\p18f2550.asm
             ECCP1DELbits   0x000fb7       data     extern C:\Programmation\Pic\MCC18\src\traditional\proc\p18f2550.asm
              CCP1DELbits   0x000fb7       data     extern C:\Programmation\Pic\MCC18\src\traditional\proc\p18f2550.asm
                  BAUDCON   0x000fb8       data     extern C:\Programmation\Pic\MCC18\src\traditional\proc\p18f2550.asm
              BAUDCONbits   0x000fb8       data     extern C:\Programmation\Pic\MCC18\src\traditional\proc\p18f2550.asm
                  CCP2CON   0x000fba       data     extern C:\Programmation\Pic\MCC18\src\traditional\proc\p18f2550.asm
              CCP2CONbits   0x000fba       data     extern C:\Programmation\Pic\MCC18\src\traditional\proc\p18f2550.asm
                   CCPR2L   0x000fbb       data     extern C:\Programmation\Pic\MCC18\src\traditional\proc\p18f2550.asm
                    CCPR2   0x000fbb       data     extern C:\Programmation\Pic\MCC18\src\traditional\proc\p18f2550.asm
                   CCPR2H   0x000fbc       data     extern C:\Programmation\Pic\MCC18\src\traditional\proc\p18f2550.asm
                  CCP1CON   0x000fbd       data     extern C:\Programmation\Pic\MCC18\src\traditional\proc\p18f2550.asm
              CCP1CONbits   0x000fbd       data     extern C:\Programmation\Pic\MCC18\src\traditional\proc\p18f2550.asm
                    CCPR1   0x000fbe       data     extern C:\Programmation\Pic\MCC18\src\traditional\proc\p18f2550.asm
                   CCPR1L   0x000fbe       data     extern C:\Programmation\Pic\MCC18\src\traditional\proc\p18f2550.asm
                   CCPR1H   0x000fbf       data     extern C:\Programmation\Pic\MCC18\src\traditional\proc\p18f2550.asm
               ADCON2bits   0x000fc0       data     extern C:\Programmation\Pic\MCC18\src\traditional\proc\p18f2550.asm
                   ADCON2   0x000fc0       data     extern C:\Programmation\Pic\MCC18\src\traditional\proc\p18f2550.asm
               ADCON1bits   0x000fc1       data     extern C:\Programmation\Pic\MCC18\src\traditional\proc\p18f2550.asm
                   ADCON1   0x000fc1       data     extern C:\Programmation\Pic\MCC18\src\traditional\proc\p18f2550.asm
                   ADCON0   0x000fc2       data     extern C:\Programmation\Pic\MCC18\src\traditional\proc\p18f2550.asm
               ADCON0bits   0x000fc2       data     extern C:\Programmation\Pic\MCC18\src\traditional\proc\p18f2550.asm
                    ADRES   0x000fc3       data     extern C:\Programmation\Pic\MCC18\src\traditional\proc\p18f2550.asm
                   ADRESL   0x000fc3       data     extern C:\Programmation\Pic\MCC18\src\traditional\proc\p18f2550.asm
                   ADRESH   0x000fc4       data     extern C:\Programmation\Pic\MCC18\src\traditional\proc\p18f2550.asm
              SSPCON2bits   0x000fc5       data     extern C:\Programmation\Pic\MCC18\src\traditional\proc\p18f2550.asm
                  SSPCON2   0x000fc5       data     extern C:\Programmation\Pic\MCC18\src\traditional\proc\p18f2550.asm
              SSPCON1bits   0x000fc6       data     extern C:\Programmation\Pic\MCC18\src\traditional\proc\p18f2550.asm
                  SSPCON1   0x000fc6       data     extern C:\Programmation\Pic\MCC18\src\traditional\proc\p18f2550.asm
                  SSPSTAT   0x000fc7       data     extern C:\Programmation\Pic\MCC18\src\traditional\proc\p18f2550.asm
              SSPSTATbits   0x000fc7       data     extern C:\Programmation\Pic\MCC18\src\traditional\proc\p18f2550.asm
                   SSPADD   0x000fc8       data     extern C:\Programmation\Pic\MCC18\src\traditional\proc\p18f2550.asm
                   SSPBUF   0x000fc9       data     extern C:\Programmation\Pic\MCC18\src\traditional\proc\p18f2550.asm
                T2CONbits   0x000fca       data     extern C:\Programmation\Pic\MCC18\src\traditional\proc\p18f2550.asm
                    T2CON   0x000fca       data     extern C:\Programmation\Pic\MCC18\src\traditional\proc\p18f2550.asm
                      PR2   0x000fcb       data     extern C:\Programmation\Pic\MCC18\src\traditional\proc\p18f2550.asm
                     TMR2   0x000fcc       data     extern C:\Programmation\Pic\MCC18\src\traditional\proc\p18f2550.asm
                    T1CON   0x000fcd       data     extern C:\Programmation\Pic\MCC18\src\traditional\proc\p18f2550.asm
                T1CONbits   0x000fcd       data     extern C:\Programmation\Pic\MCC18\src\traditional\proc\p18f2550.asm
                    TMR1L   0x000fce       data     extern C:\Programmation\Pic\MCC18\src\traditional\proc\p18f2550.asm
                    TMR1H   0x000fcf       data     extern C:\Programmation\Pic\MCC18\src\traditional\proc\p18f2550.asm
                 RCONbits   0x000fd0       data     extern C:\Programmation\Pic\MCC18\src\traditional\proc\p18f2550.asm
                     RCON   0x000fd0       data     extern C:\Programmation\Pic\MCC18\src\traditional\proc\p18f2550.asm
                   WDTCON   0x000fd1       data     extern C:\Programmation\Pic\MCC18\src\traditional\proc\p18f2550.asm
               WDTCONbits   0x000fd1       data     extern C:\Programmation\Pic\MCC18\src\traditional\proc\p18f2550.asm
                  HLVDCON   0x000fd2       data     extern C:\Programmation\Pic\MCC18\src\traditional\proc\p18f2550.asm
              HLVDCONbits   0x000fd2       data     extern C:\Programmation\Pic\MCC18\src\traditional\proc\p18f2550.asm
                   LVDCON   0x000fd2       data     extern C:\Programmation\Pic\MCC18\src\traditional\proc\p18f2550.asm
               LVDCONbits   0x000fd2       data     extern C:\Programmation\Pic\MCC18\src\traditional\proc\p18f2550.asm
                   OSCCON   0x000fd3       data     extern C:\Programmation\Pic\MCC18\src\traditional\proc\p18f2550.asm
               OSCCONbits   0x000fd3       data     extern C:\Programmation\Pic\MCC18\src\traditional\proc\p18f2550.asm
                T0CONbits   0x000fd5       data     extern C:\Programmation\Pic\MCC18\src\traditional\proc\p18f2550.asm
                    T0CON   0x000fd5       data     extern C:\Programmation\Pic\MCC18\src\traditional\proc\p18f2550.asm
                    TMR0L   0x000fd6       data     extern C:\Programmation\Pic\MCC18\src\traditional\proc\p18f2550.asm
                    TMR0H   0x000fd7       data     extern C:\Programmation\Pic\MCC18\src\traditional\proc\p18f2550.asm
               STATUSbits   0x000fd8       data     extern C:\Programmation\Pic\MCC18\src\traditional\proc\p18f2550.asm
                   STATUS   0x000fd8       data     extern C:\Programmation\Pic\MCC18\src\traditional\proc\p18f2550.asm
                     FSR2   0x000fd9       data     extern C:\Programmation\Pic\MCC18\src\traditional\proc\p18f2550.asm
                    FSR2L   0x000fd9       data     extern C:\Programmation\Pic\MCC18\src\traditional\proc\p18f2550.asm
                    FSR2H   0x000fda       data     extern C:\Programmation\Pic\MCC18\src\traditional\proc\p18f2550.asm
                   PLUSW2   0x000fdb       data     extern C:\Programmation\Pic\MCC18\src\traditional\proc\p18f2550.asm
                  PREINC2   0x000fdc       data     extern C:\Programmation\Pic\MCC18\src\traditional\proc\p18f2550.asm
                 POSTDEC2   0x000fdd       data     extern C:\Programmation\Pic\MCC18\src\traditional\proc\p18f2550.asm
                 POSTINC2   0x000fde       data     extern C:\Programmation\Pic\MCC18\src\traditional\proc\p18f2550.asm
                    INDF2   0x000fdf       data     extern C:\Programmation\Pic\MCC18\src\traditional\proc\p18f2550.asm
                      BSR   0x000fe0       data     extern C:\Programmation\Pic\MCC18\src\traditional\proc\p18f2550.asm
                    FSR1L   0x000fe1       data     extern C:\Programmation\Pic\MCC18\src\traditional\proc\p18f2550.asm
                     FSR1   0x000fe1       data     extern C:\Programmation\Pic\MCC18\src\traditional\proc\p18f2550.asm
                    FSR1H   0x000fe2       data     extern C:\Programmation\Pic\MCC18\src\traditional\proc\p18f2550.asm
                   PLUSW1   0x000fe3       data     extern C:\Programmation\Pic\MCC18\src\traditional\proc\p18f2550.asm
                  PREINC1   0x000fe4       data     extern C:\Programmation\Pic\MCC18\src\traditional\proc\p18f2550.asm
                 POSTDEC1   0x000fe5       data     extern C:\Programmation\Pic\MCC18\src\traditional\proc\p18f2550.asm
                 POSTINC1   0x000fe6       data     extern C:\Programmation\Pic\MCC18\src\traditional\proc\p18f2550.asm
                    INDF1   0x000fe7       data     extern C:\Programmation\Pic\MCC18\src\traditional\proc\p18f2550.asm
                     WREG   0x000fe8       data     extern C:\Programmation\Pic\MCC18\src\traditional\proc\p18f2550.asm
                     FSR0   0x000fe9       data     extern C:\Programmation\Pic\MCC18\src\traditional\proc\p18f2550.asm
                    FSR0L   0x000fe9       data     extern C:\Programmation\Pic\MCC18\src\traditional\proc\p18f2550.asm
                    FSR0H   0x000fea       data     extern C:\Programmation\Pic\MCC18\src\traditional\proc\p18f2550.asm
                   PLUSW0   0x000feb       data     extern C:\Programmation\Pic\MCC18\src\traditional\proc\p18f2550.asm
                  PREINC0   0x000fec       data     extern C:\Programmation\Pic\MCC18\src\traditional\proc\p18f2550.asm
                 POSTDEC0   0x000fed       data     extern C:\Programmation\Pic\MCC18\src\traditional\proc\p18f2550.asm
                 POSTINC0   0x000fee       data     extern C:\Programmation\Pic\MCC18\src\traditional\proc\p18f2550.asm
                    INDF0   0x000fef       data     extern C:\Programmation\Pic\MCC18\src\traditional\proc\p18f2550.asm
              INTCON3bits   0x000ff0       data     extern C:\Programmation\Pic\MCC18\src\traditional\proc\p18f2550.asm
                  INTCON3   0x000ff0       data     extern C:\Programmation\Pic\MCC18\src\traditional\proc\p18f2550.asm
                  INTCON2   0x000ff1       data     extern C:\Programmation\Pic\MCC18\src\traditional\proc\p18f2550.asm
              INTCON2bits   0x000ff1       data     extern C:\Programmation\Pic\MCC18\src\traditional\proc\p18f2550.asm
               INTCONbits   0x000ff2       data     extern C:\Programmation\Pic\MCC18\src\traditional\proc\p18f2550.asm
                   INTCON   0x000ff2       data     extern C:\Programmation\Pic\MCC18\src\traditional\proc\p18f2550.asm
                    PRODL   0x000ff3       data     extern C:\Programmation\Pic\MCC18\src\traditional\proc\p18f2550.asm
                     PROD   0x000ff3       data     extern C:\Programmation\Pic\MCC18\src\traditional\proc\p18f2550.asm
                    PRODH   0x000ff4       data     extern C:\Programmation\Pic\MCC18\src\traditional\proc\p18f2550.asm
                   TABLAT   0x000ff5       data     extern C:\Programmation\Pic\MCC18\src\traditional\proc\p18f2550.asm
                   TBLPTR   0x000ff6       data     extern C:\Programmation\Pic\MCC18\src\traditional\proc\p18f2550.asm
                  TBLPTRL   0x000ff6       data     extern C:\Programmation\Pic\MCC18\src\traditional\proc\p18f2550.asm
                  TBLPTRH   0x000ff7       data     extern C:\Programmation\Pic\MCC18\src\traditional\proc\p18f2550.asm
                  TBLPTRU   0x000ff8       data     extern C:\Programmation\Pic\MCC18\src\traditional\proc\p18f2550.asm
                      PCL   0x000ff9       data     extern C:\Programmation\Pic\MCC18\src\traditional\proc\p18f2550.asm
                       PC   0x000ff9       data     extern C:\Programmation\Pic\MCC18\src\traditional\proc\p18f2550.asm
                   PCLATH   0x000ffa       data     extern C:\Programmation\Pic\MCC18\src\traditional\proc\p18f2550.asm
                   PCLATU   0x000ffb       data     extern C:\Programmation\Pic\MCC18\src\traditional\proc\p18f2550.asm
               STKPTRbits   0x000ffc       data     extern C:\Programmation\Pic\MCC18\src\traditional\proc\p18f2550.asm
                   STKPTR   0x000ffc       data     extern C:\Programmation\Pic\MCC18\src\traditional\proc\p18f2550.asm
                      TOS   0x000ffd       data     extern C:\Programmation\Pic\MCC18\src\traditional\proc\p18f2550.asm
                     TOSL   0x000ffd       data     extern C:\Programmation\Pic\MCC18\src\traditional\proc\p18f2550.asm
                     TOSH   0x000ffe       data     extern C:\Programmation\Pic\MCC18\src\traditional\proc\p18f2550.asm
                     TOSU   0x000fff       data     extern C:\Programmation\Pic\MCC18\src\traditional\proc\p18f2550.asm


