MPLINK 4.14, Linker
Linker Map File - Created Thu Feb 24 00:44:40 2011

                                 Section Info
                  Section       Type    Address   Location Size(Bytes)
                ---------  ---------  ---------  ---------  ---------
               _entry_scn       code   0x000000    program   0x000006
  _RESET_INTERRUPT_VECTOR       code   0x000800    program   0x000006
   _HIGH_INTERRUPT_VECTOR       code   0x000808    program   0x000004
    _LOW_INTERRUPT_VECTOR       code   0x000818    program   0x000002
                   .cinit    romdata   0x00082a    program   0x00001a
             .code_user.o       code   0x000844    program   0x000b1a
       .code_usbctrltrf.o       code   0x00135e    program   0x0003a6
              .code_cdc.o       code   0x001704    program   0x00037a
             .code_usb9.o       code   0x001a7e    program   0x00030e
            .code_servo.o       code   0x001d8c    program   0x0001d4
             .code_main.o       code   0x001f60    program   0x0001bc
           .code_usbdrv.o       code   0x00211c    program   0x0001b6
      .code_temperature.o       code   0x0022d2    program   0x00019e
             .stringtable    romdata   0x002470    program   0x0000e1
        .romdata_usbdsc.o    romdata   0x002551    program   0x0000cd
               _cinit_scn       code   0x00261e    program   0x00009e
          .code_fxm3232.o       code   0x0026bc    program   0x000070
                     PROG       code   0x00272c    program   0x000068
         .code_spi_open.o       code   0x002794    program   0x000064
                   STRING       code   0x0027f8    program   0x000056
           .code_eeprom.o       code   0x00284e    program   0x000054
         .code_fxd3232u.o       code   0x0028a2    program   0x000048
          .code_t0write.o       code   0x0028ea    program   0x000038
           .code_t0open.o       code   0x002922    program   0x000038
           .code_t2open.o       code   0x00295a    program   0x000036
         .code_fxd1616u.o       code   0x002990    program   0x00002c
             _startup_scn       code   0x0029bc    program   0x00001c
             D100TCYXCODE       code   0x0029d8    program   0x00001c
         .code_fxd0808u.o       code   0x0029f4    program   0x00001c
                    .code       code   0x002a10    program   0x00000e
         .code_spi_read.o       code   0x002a1e    program   0x00000a
           .code___init.o       code   0x002a28    program   0x000002
         .romdata_c018i.o    romdata   0x002a2a    program   0x000000
       .romdata_fxm3232.o    romdata   0x002a2a    program   0x000000
      .romdata_spi_open.o    romdata   0x002a2a    program   0x000000
          .romdata_usb9.o    romdata   0x002a2a    program   0x000000
      .romdata_fxd3232u.o    romdata   0x002a2a    program   0x000000
        .romdata_t0open.o    romdata   0x002a2a    program   0x000000
      .romdata_fxd1616u.o    romdata   0x002a2a    program   0x000000
        .romdata___init.o    romdata   0x002a2a    program   0x000000
      .romdata_fxd0808u.o    romdata   0x002a2a    program   0x000000
          .romdata_main.o    romdata   0x002a2a    program   0x000000
         .romdata_servo.o    romdata   0x002a2a    program   0x000000
        .romdata_t2open.o    romdata   0x002a2a    program   0x000000
    .romdata_usbctrltrf.o    romdata   0x002a2a    program   0x000000
        .romdata_eeprom.o    romdata   0x002a2a    program   0x000000
       .romdata_usbmmap.o    romdata   0x002a2a    program   0x000000
   .romdata_temperature.o    romdata   0x002a2a    program   0x000000
      .romdata_spi_read.o    romdata   0x002a2a    program   0x000000
           .romdata_cdc.o    romdata   0x002a2a    program   0x000000
       .romdata_t0write.o    romdata   0x002a2a    program   0x000000
        .romdata_usbdrv.o    romdata   0x002a2a    program   0x000000
          .romdata_user.o    romdata   0x002a2a    program   0x000000
          .idata_user.o_i    romdata   0x002a2a    program   0x000004
        .idata_t2open.o_i    romdata   0x002a2e    program   0x000000
      .idata_spi_read.o_i    romdata   0x002a2e    program   0x000000
        .idata_t0open.o_i    romdata   0x002a2e    program   0x000000
       .idata_t0write.o_i    romdata   0x002a2e    program   0x000000
        .idata_usbdsc.o_i    romdata   0x002a2e    program   0x000000
    .idata_usbctrltrf.o_i    romdata   0x002a2e    program   0x000000
          .idata_usb9.o_i    romdata   0x002a2e    program   0x000000
        .idata_usbdrv.o_i    romdata   0x002a2e    program   0x000000
   .idata_temperature.o_i    romdata   0x002a2e    program   0x000000
       .idata_usbmmap.o_i    romdata   0x002a2e    program   0x000000
         .idata_servo.o_i    romdata   0x002a2e    program   0x000002
      .idata_spi_open.o_i    romdata   0x002a2e    program   0x000000
      .idata_fxd0808u.o_i    romdata   0x002a30    program   0x000000
      .idata_fxd1616u.o_i    romdata   0x002a30    program   0x000000
        .idata_eeprom.o_i    romdata   0x002a30    program   0x000000
          .idata_main.o_i    romdata   0x002a30    program   0x000000
          .code_usbmmap.o       code   0x002a30    program   0x000000
           .idata_cdc.o_i    romdata   0x002a30    program   0x000000
      .idata_fxd3232u.o_i    romdata   0x002a30    program   0x000000
            .code_c018i.o       code   0x002a30    program   0x000000
        .idata___init.o_i    romdata   0x002a30    program   0x000000
       .idata_fxm3232.o_i    romdata   0x002a30    program   0x000000
           .code_usbdsc.o       code   0x002a30    program   0x000000
         .idata_c018i.o_i    romdata   0x002a30    program   0x000000
                MATH_DATA      udata   0x000000       data   0x000010
                 .tmpdata      udata   0x000010       data   0x00000a
          MyInterrupt_tmp      udata   0x00001a       data   0x000002
                DELAYDAT1      udata   0x00001c       data   0x000001
            .udata_user.o      udata   0x000060       data   0x000094
     .udata_temperature.o      udata   0x0000f4       data   0x00000c
             .udata_cdc.o      udata   0x000100       data   0x000018
           .udata_servo.o      udata   0x000118       data   0x000014
           .udata_c018i.o      udata   0x00012c       data   0x00000a
      .udata_usbctrltrf.o      udata   0x000136       data   0x000009
         .udata_usbmmap.o      udata   0x00013f       data   0x000004
            .idata_user.o      idata   0x000143       data   0x000004
          .udata_usbdrv.o      udata   0x000147       data   0x000003
            .udata_main.o      udata   0x00014a       data   0x000002
           .idata_servo.o      idata   0x00014c       data   0x000002
        .idata_fxd1616u.o      idata   0x00014e       data   0x000000
        .udata_fxd3232u.o      udata   0x00014e       data   0x000000
          .idata___init.o      idata   0x00014e       data   0x000000
        .idata_fxd3232u.o      idata   0x00014e       data   0x000000
         .udata_fxm3232.o      udata   0x00014e       data   0x000000
         .idata_fxm3232.o      idata   0x00014e       data   0x000000
        .udata_spi_open.o      udata   0x00014e       data   0x000000
          .udata___init.o      udata   0x00014e       data   0x000000
        .idata_spi_open.o      idata   0x00014e       data   0x000000
         .idata_t0write.o      idata   0x00014e       data   0x000000
          .udata_t0open.o      udata   0x00014e       data   0x000000
         .udata_t0write.o      udata   0x00014e       data   0x000000
          .idata_t0open.o      idata   0x00014e       data   0x000000
          .udata_t2open.o      udata   0x00014e       data   0x000000
          .idata_t2open.o      idata   0x00014e       data   0x000000
        .udata_spi_read.o      udata   0x00014e       data   0x000000
        .idata_spi_read.o      idata   0x00014e       data   0x000000
           .idata_c018i.o      idata   0x00014e       data   0x000000
            .idata_main.o      idata   0x00014e       data   0x000000
         .idata_usbmmap.o      idata   0x00014e       data   0x000000
          .idata_usbdrv.o      idata   0x00014e       data   0x000000
            .udata_usb9.o      udata   0x00014e       data   0x000000
            .idata_usb9.o      idata   0x00014e       data   0x000000
          .udata_usbdsc.o      udata   0x00014e       data   0x000000
          .idata_usbdsc.o      idata   0x00014e       data   0x000000
      .idata_usbctrltrf.o      idata   0x00014e       data   0x000000
             .idata_cdc.o      idata   0x00014e       data   0x000000
     .idata_temperature.o      idata   0x00014e       data   0x000000
          .udata_eeprom.o      udata   0x00014e       data   0x000000
          .idata_eeprom.o      idata   0x00014e       data   0x000000
        .udata_fxd0808u.o      udata   0x00014e       data   0x000000
        .idata_fxd0808u.o      idata   0x00014e       data   0x000000
        .udata_fxd1616u.o      udata   0x00014e       data   0x000000
                   .stack      udata   0x000300       data   0x000100
                  usbram4      udata   0x000400       data   0x0000b8
            SFR_UNBANKED0      udata   0x000f66       data   0x00009a



                              Program Memory Usage 
                               Start         End      
                           ---------   ---------      
                            0x000000    0x000005      
                            0x000800    0x000805      
                            0x000808    0x00080b      
                            0x000818    0x000819      
                            0x00082a    0x002a2f      
            8728 out of 33048 program addresses used, program memory utilization is 26%



                              Symbols - Sorted by Name
                     Name    Address   Location    Storage File                     
                ---------  ---------  ---------  --------- ---------                
       AcquireTemperature   0x0022f8    program     extern Z:\home\samuel\pic\Projets\I2C\linux\user\temperature.c
                CDCInitEP   0x0017c8    program     extern Z:\home\samuel\pic\Projets\I2C\linux\system\usb\class\cdc\cdc.c
             CDCTxService   0x00198e    program     extern Z:\home\samuel\pic\Projets\I2C\linux\system\usb\class\cdc\cdc.c
          ClassReqHandler   0x00261c    program     extern Z:\home\samuel\pic\Projets\I2C\linux\autofiles\usbdsc.c
               ClearArray   0x0022a8    program     extern Z:\home\samuel\pic\Projets\I2C\linux\system\usb\usbdrv\usbdrv.c
                   D100_1   0x0029e6    program     static C:\Programmation\Pic\MCC18\src\traditional\delays\d100tcyx.asm
                    D100x   0x0029e4    program     static C:\Programmation\Pic\MCC18\src\traditional\delays\d100tcyx.asm
                   D3232S   0x00275c    program     static C:\Programmation\Pic\MCC18\src\traditional\math\fxd3232s.asm
                D3232SNEG   0x00276a    program     static C:\Programmation\Pic\MCC18\src\traditional\math\fxd3232s.asm
                 D3232SOK   0x002766    program     static C:\Programmation\Pic\MCC18\src\traditional\math\fxd3232s.asm
                  D3232SX   0x00278a    program     static C:\Programmation\Pic\MCC18\src\traditional\math\fxd3232s.asm
                  DA3232S   0x002746    program     static C:\Programmation\Pic\MCC18\src\traditional\math\fxd3232s.asm
             Delay100TCYx   0x0029d8    program     extern C:\Programmation\Pic\MCC18\src\traditional\delays\d100tcyx.asm
                     EE_r   0x002882    program     extern Z:\home\samuel\pic\Projets\I2C\linux\user\Eeprom\eeprom.c
                     EE_w   0x00284e    program     extern Z:\home\samuel\pic\Projets\I2C\linux\user\Eeprom\eeprom.c
                 FXD0808U   0x0029f4    program     extern C:\Programmation\Pic\MCC18\src\traditional\math\fxd0808u.c
                 FXD1616U   0x002990    program     extern C:\Programmation\Pic\MCC18\src\traditional\math\fxd1616u.c
                 FXD3232S   0x00272c    program     extern C:\Programmation\Pic\MCC18\src\traditional\math\fxd3232s.asm
                 FXD3232U   0x0028a2    program     extern C:\Programmation\Pic\MCC18\src\traditional\math\fxd3232u.c
                  FXM3232   0x0026bc    program     extern C:\Programmation\Pic\MCC18\src\traditional\math\fxm3232.c
           InitTempSensor   0x0022d2    program     extern Z:\home\samuel\pic\Projets\I2C\linux\user\temperature.c
         InitializeSystem   0x0020f2    program     static Z:\home\samuel\pic\Projets\I2C\linux\main.c
          InitializeUSART   0x00089e    program     extern Z:\home\samuel\pic\Projets\I2C\linux\user\user.c
              MyInterrupt   0x001f60    program     extern Z:\home\samuel\pic\Projets\I2C\linux\main.c
                  OpenSPI   0x002794    program     extern C:\Programmation\Pic\MCC18\src\pmc_common\SPI\spi_open.c
               OpenTimer0   0x002922    program     extern C:\Programmation\Pic\MCC18\src\pmc_common\Timers\t0open.c
               OpenTimer2   0x00295a    program     extern C:\Programmation\Pic\MCC18\src\pmc_common\Timers\t2open.c
                ProcessIO   0x000d26    program     extern Z:\home\samuel\pic\Projets\I2C\linux\user\user.c
                  ReadSPI   0x002a1e    program     extern C:\Programmation\Pic\MCC18\src\pmc_common\SPI\spi_read.c
                Servo_Get   0x001e82    program     extern Z:\home\samuel\pic\Projets\I2C\linux\user\Servo\servo.c
               Servo_Init   0x001d8c    program     extern Z:\home\samuel\pic\Projets\I2C\linux\user\Servo\servo.c
                Servo_Int   0x001ebe    program     extern Z:\home\samuel\pic\Projets\I2C\linux\user\Servo\servo.c
                Servo_Set   0x001df6    program     extern Z:\home\samuel\pic\Projets\I2C\linux\user\Servo\servo.c
        USBCheckBusStatus   0x00211c    program     extern Z:\home\samuel\pic\Projets\I2C\linux\system\usb\usbdrv\usbdrv.c
       USBCheckCDCRequest   0x001704    program     extern Z:\home\samuel\pic\Projets\I2C\linux\system\usb\class\cdc\cdc.c
       USBCheckStdRequest   0x001a7e    program     extern Z:\home\samuel\pic\Projets\I2C\linux\system\usb\usb9\usb9.c
         USBCtrlEPService   0x00135e    program     extern Z:\home\samuel\pic\Projets\I2C\linux\system\usb\usbctrltrf\usbctrltrf.c
 USBCtrlEPServiceComplete   0x0015d6    program     extern Z:\home\samuel\pic\Projets\I2C\linux\system\usb\usbctrltrf\usbctrltrf.c
      USBCtrlTrfInHandler   0x001424    program     extern Z:\home\samuel\pic\Projets\I2C\linux\system\usb\usbctrltrf\usbctrltrf.c
     USBCtrlTrfOutHandler   0x001404    program     extern Z:\home\samuel\pic\Projets\I2C\linux\system\usb\usbctrltrf\usbctrltrf.c
      USBCtrlTrfRxService   0x00155c    program     extern Z:\home\samuel\pic\Projets\I2C\linux\system\usb\usbctrltrf\usbctrltrf.c
   USBCtrlTrfSetupHandler   0x001390    program     extern Z:\home\samuel\pic\Projets\I2C\linux\system\usb\usbctrltrf\usbctrltrf.c
      USBCtrlTrfTxService   0x00146e    program     extern Z:\home\samuel\pic\Projets\I2C\linux\system\usb\usbctrltrf\usbctrltrf.c
         USBDriverService   0x00215a    program     extern Z:\home\samuel\pic\Projets\I2C\linux\system\usb\usbdrv\usbdrv.c
          USBErrorHandler   0x002254    program     extern Z:\home\samuel\pic\Projets\I2C\linux\system\usb\usbdrv\usbdrv.c
         USBModuleDisable   0x00214c    program     extern Z:\home\samuel\pic\Projets\I2C\linux\system\usb\usbdrv\usbdrv.c
          USBModuleEnable   0x00213e    program     extern Z:\home\samuel\pic\Projets\I2C\linux\system\usb\usbdrv\usbdrv.c
USBPrepareForNextSetupTrf   0x001662    program     extern Z:\home\samuel\pic\Projets\I2C\linux\system\usb\usbctrltrf\usbctrltrf.c
  USBProtocolResetHandler   0x002258    program     extern Z:\home\samuel\pic\Projets\I2C\linux\system\usb\usbdrv\usbdrv.c
          USBRemoteWakeup   0x00220c    program     extern Z:\home\samuel\pic\Projets\I2C\linux\system\usb\usbdrv\usbdrv.c
            USBSoftDetach   0x002156    program     extern Z:\home\samuel\pic\Projets\I2C\linux\system\usb\usbdrv\usbdrv.c
          USBStallHandler   0x002234    program     extern Z:\home\samuel\pic\Projets\I2C\linux\system\usb\usbdrv\usbdrv.c
  USBStdFeatureReqHandler   0x001ce8    program     extern Z:\home\samuel\pic\Projets\I2C\linux\system\usb\usb9\usb9.c
      USBStdGetDscHandler   0x001b40    program     extern Z:\home\samuel\pic\Projets\I2C\linux\system\usb\usb9\usb9.c
   USBStdGetStatusHandler   0x001c48    program     extern Z:\home\samuel\pic\Projets\I2C\linux\system\usb\usb9\usb9.c
      USBStdSetCfgHandler   0x001bf8    program     extern Z:\home\samuel\pic\Projets\I2C\linux\system\usb\usb9\usb9.c
               USBSuspend   0x0021ee    program     extern Z:\home\samuel\pic\Projets\I2C\linux\system\usb\usbdrv\usbdrv.c
                 USBTasks   0x00210c    program     extern Z:\home\samuel\pic\Projets\I2C\linux\main.c
       USBWakeFromSuspend   0x0021fe    program     extern Z:\home\samuel\pic\Projets\I2C\linux\system\usb\usbdrv\usbdrv.c
               USB_CD_Ptr   0x002612    program     extern Z:\home\samuel\pic\Projets\I2C\linux\autofiles\usbdsc.c
               USB_SD_Ptr   0x002616    program     extern Z:\home\samuel\pic\Projets\I2C\linux\autofiles\usbdsc.c
          USB_SOF_Handler   0x002230    program     extern Z:\home\samuel\pic\Projets\I2C\linux\system\usb\usbdrv\usbdrv.c
       UpdateCelsiusASCII   0x00231a    program     extern Z:\home\samuel\pic\Projets\I2C\linux\user\temperature.c
                 UserInit   0x000844    program     extern Z:\home\samuel\pic\Projets\I2C\linux\user\user.c
              WriteTimer0   0x0028ea    program     extern C:\Programmation\Pic\MCC18\src\pmc_common\Timers\t0write.c
              _4jContinue   0x00282c    program     static C:\Programmation\Pic\MCC18\src\traditional\stdclib\memcpy.asm
                   _5jEnd   0x002836    program     static C:\Programmation\Pic\MCC18\src\traditional\stdclib\memcpy.asm
       _D100TCYXCODE_0008   0x0029e0    program     static C:\Programmation\Pic\MCC18\src\traditional\delays\d100tcyx.asm
       _D100TCYXCODE_0012   0x0029ea    program     static C:\Programmation\Pic\MCC18\src\traditional\delays\d100tcyx.asm
       _D100TCYXCODE_0018   0x0029f0    program     static C:\Programmation\Pic\MCC18\src\traditional\delays\d100tcyx.asm
       ___return_lbl00000   0x0028e8    program     static                          
       ___return_lbl00000   0x000804    program     static                          
       ___return_lbl00000   0x00287a    program     static                          
       ___return_lbl00000   0x002a0e    program     static                          
       ___return_lbl00000   0x00272a    program     static                          
       ___return_lbl00000   0x000004    program     static                          
       ___return_lbl00000   0x0029ba    program     static                          
       ___return_lbl00001   0x0029d6    program     static                          
       ___return_lbl00002   0x0026ba    program     static                          
       ___return_lbl00033   0x0021fc    program     static                          
       ___return_lbl00048   0x0022a6    program     static                          
       ___return_lbl00051   0x0022ca    program     static                          
        ___while_lbl00001   0x002872    program     static                          
        ___while_lbl00002   0x00287a    program     static                          
        ___while_lbl00049   0x00227e    program     static                          
        ___while_lbl00050   0x002292    program     static                          
        ___while_lbl00052   0x0022bc    program     static                          
        ___while_lbl00053   0x0022ca    program     static                          
                   __init   0x002a28    program     extern C:\Programmation\Pic\MCC18\src\traditional\stdclib\__init.c
               __string_0   0x002539    program     static Z:\home\samuel\pic\Projets\I2C\linux\user\user.c
               __string_1   0x00252b    program     static Z:\home\samuel\pic\Projets\I2C\linux\user\user.c
              __string_10   0x0024b1    program     static Z:\home\samuel\pic\Projets\I2C\linux\user\user.c
              __string_14   0x00249c    program     static Z:\home\samuel\pic\Projets\I2C\linux\user\user.c
              __string_15   0x002488    program     static Z:\home\samuel\pic\Projets\I2C\linux\user\user.c
              __string_16   0x002470    program     static Z:\home\samuel\pic\Projets\I2C\linux\user\user.c
               __string_2   0x00251c    program     static Z:\home\samuel\pic\Projets\I2C\linux\user\user.c
               __string_3   0x002511    program     static Z:\home\samuel\pic\Projets\I2C\linux\user\user.c
               __string_4   0x002504    program     static Z:\home\samuel\pic\Projets\I2C\linux\user\user.c
               __string_5   0x0024f7    program     static Z:\home\samuel\pic\Projets\I2C\linux\user\user.c
               __string_6   0x0024ea    program     static Z:\home\samuel\pic\Projets\I2C\linux\user\user.c
               __string_7   0x0024dd    program     static Z:\home\samuel\pic\Projets\I2C\linux\user\user.c
               __string_8   0x0024d0    program     static Z:\home\samuel\pic\Projets\I2C\linux\user\user.c
               __string_9   0x0024c3    program     static Z:\home\samuel\pic\Projets\I2C\linux\user\user.c
            __zero_memory   0x002a10    program     extern C:\Programmation\Pic\MCC18\src\traditional\proc\p18f2550.asm
                _do_cinit   0x00261e    program     extern C:\Programmation\Pic\MCC18\src\traditional\startup\c018i.c
                   _entry   0x000000    program     extern C:\Programmation\Pic\MCC18\src\traditional\startup\c018i.c
                   _false   0x0028e4    program     static                          
                _high_ISR   0x000808    program     extern Z:\home\samuel\pic\Projets\I2C\linux\main.c
                 _low_ISR   0x000818    program     extern Z:\home\samuel\pic\Projets\I2C\linux\main.c
                   _reset   0x000800    program     extern Z:\home\samuel\pic\Projets\I2C\linux\main.c
                 _startup   0x0029bc    program     extern C:\Programmation\Pic\MCC18\src\traditional\startup\c018i.c
               addNum2str   0x000b0a    program     extern Z:\home\samuel\pic\Projets\I2C\linux\user\user.c
               addstr2str   0x000c5e    program     extern Z:\home\samuel\pic\Projets\I2C\linux\user\user.c
                    cfg01   0x002563    program     extern Z:\home\samuel\pic\Projets\I2C\linux\autofiles\usbdsc.c
               clear_loop   0x002a16    program     static C:\Programmation\Pic\MCC18\src\traditional\proc\p18f2550.asm
                copy_loop   0x002690    program     static                          
            copy_one_byte   0x002696    program     static                          
               device_dsc   0x002551    program     extern Z:\home\samuel\pic\Projets\I2C\linux\autofiles\usbdsc.c
                     done   0x0026ba    program     static                          
             done_copying   0x0026a4    program     static                          
                  endloop   0x0029b6    program     static                          
                  endloop   0x002a0a    program     static                          
             getsUSBUSART   0x001818    program     extern Z:\home\samuel\pic\Projets\I2C\linux\system\usb\class\cdc\cdc.c
                     jEnd   0x00283c    program     static C:\Programmation\Pic\MCC18\src\traditional\stdclib\memcpy.asm
                    jLoop   0x002820    program     static C:\Programmation\Pic\MCC18\src\traditional\stdclib\memcpy.asm
                     loop   0x0028b0    program     static                          
                     loop   0x00299a    program     static                          
                     loop   0x0029cc    program     static                          
                     loop   0x0029fc    program     static                          
                     main   0x0020e6    program     extern Z:\home\samuel\pic\Projets\I2C\linux\main.c
                   memcpy   0x0027f8    program     extern C:\Programmation\Pic\MCC18\src\traditional\stdclib\memcpy.asm
            nunchuck_read   0x000966    program     extern Z:\home\samuel\pic\Projets\I2C\linux\user\user.c
            putrsUSBUSART   0x001912    program     extern Z:\home\samuel\pic\Projets\I2C\linux\system\usb\class\cdc\cdc.c
             putsUSBUSART   0x001898    program     extern Z:\home\samuel\pic\Projets\I2C\linux\system\usb\class\cdc\cdc.c
                    sd000   0x0025a6    program     extern Z:\home\samuel\pic\Projets\I2C\linux\autofiles\usbdsc.c
                    sd001   0x0025aa    program     extern Z:\home\samuel\pic\Projets\I2C\linux\autofiles\usbdsc.c
                    sd002   0x0025de    program     extern Z:\home\samuel\pic\Projets\I2C\linux\autofiles\usbdsc.c
                     test   0x002638    program     static                          
                  wm_init   0x0008b8    program     extern Z:\home\samuel\pic\Projets\I2C\linux\user\user.c
                   ADCON0   0x000fc2       data     extern C:\Programmation\Pic\MCC18\src\traditional\proc\p18f2550.asm
               ADCON0bits   0x000fc2       data     extern C:\Programmation\Pic\MCC18\src\traditional\proc\p18f2550.asm
                   ADCON1   0x000fc1       data     extern C:\Programmation\Pic\MCC18\src\traditional\proc\p18f2550.asm
               ADCON1bits   0x000fc1       data     extern C:\Programmation\Pic\MCC18\src\traditional\proc\p18f2550.asm
                   ADCON2   0x000fc0       data     extern C:\Programmation\Pic\MCC18\src\traditional\proc\p18f2550.asm
               ADCON2bits   0x000fc0       data     extern C:\Programmation\Pic\MCC18\src\traditional\proc\p18f2550.asm
                    ADRES   0x000fc3       data     extern C:\Programmation\Pic\MCC18\src\traditional\proc\p18f2550.asm
                   ADRESH   0x000fc4       data     extern C:\Programmation\Pic\MCC18\src\traditional\proc\p18f2550.asm
                   ADRESL   0x000fc3       data     extern C:\Programmation\Pic\MCC18\src\traditional\proc\p18f2550.asm
                  BAUDCON   0x000fb8       data     extern C:\Programmation\Pic\MCC18\src\traditional\proc\p18f2550.asm
              BAUDCONbits   0x000fb8       data     extern C:\Programmation\Pic\MCC18\src\traditional\proc\p18f2550.asm
                      BSR   0x000fe0       data     extern C:\Programmation\Pic\MCC18\src\traditional\proc\p18f2550.asm
                   CCP1AS   0x000fb6       data     extern C:\Programmation\Pic\MCC18\src\traditional\proc\p18f2550.asm
               CCP1ASbits   0x000fb6       data     extern C:\Programmation\Pic\MCC18\src\traditional\proc\p18f2550.asm
                  CCP1CON   0x000fbd       data     extern C:\Programmation\Pic\MCC18\src\traditional\proc\p18f2550.asm
              CCP1CONbits   0x000fbd       data     extern C:\Programmation\Pic\MCC18\src\traditional\proc\p18f2550.asm
                  CCP1DEL   0x000fb7       data     extern C:\Programmation\Pic\MCC18\src\traditional\proc\p18f2550.asm
              CCP1DELbits   0x000fb7       data     extern C:\Programmation\Pic\MCC18\src\traditional\proc\p18f2550.asm
                  CCP2CON   0x000fba       data     extern C:\Programmation\Pic\MCC18\src\traditional\proc\p18f2550.asm
              CCP2CONbits   0x000fba       data     extern C:\Programmation\Pic\MCC18\src\traditional\proc\p18f2550.asm
                    CCPR1   0x000fbe       data     extern C:\Programmation\Pic\MCC18\src\traditional\proc\p18f2550.asm
                   CCPR1H   0x000fbf       data     extern C:\Programmation\Pic\MCC18\src\traditional\proc\p18f2550.asm
                   CCPR1L   0x000fbe       data     extern C:\Programmation\Pic\MCC18\src\traditional\proc\p18f2550.asm
                    CCPR2   0x000fbb       data     extern C:\Programmation\Pic\MCC18\src\traditional\proc\p18f2550.asm
                   CCPR2H   0x000fbc       data     extern C:\Programmation\Pic\MCC18\src\traditional\proc\p18f2550.asm
                   CCPR2L   0x000fbb       data     extern C:\Programmation\Pic\MCC18\src\traditional\proc\p18f2550.asm
                    CMCON   0x000fb4       data     extern C:\Programmation\Pic\MCC18\src\traditional\proc\p18f2550.asm
                CMCONbits   0x000fb4       data     extern C:\Programmation\Pic\MCC18\src\traditional\proc\p18f2550.asm
                   CVRCON   0x000fb5       data     extern C:\Programmation\Pic\MCC18\src\traditional\proc\p18f2550.asm
               CVRCONbits   0x000fb5       data     extern C:\Programmation\Pic\MCC18\src\traditional\proc\p18f2550.asm
              CtrlTrfData   0x000428       data     extern Z:\home\samuel\pic\Projets\I2C\linux\system\usb\usbmmap.c
                     DDRA   0x000f92       data     extern C:\Programmation\Pic\MCC18\src\traditional\proc\p18f2550.asm
                 DDRAbits   0x000f92       data     extern C:\Programmation\Pic\MCC18\src\traditional\proc\p18f2550.asm
                     DDRB   0x000f93       data     extern C:\Programmation\Pic\MCC18\src\traditional\proc\p18f2550.asm
                 DDRBbits   0x000f93       data     extern C:\Programmation\Pic\MCC18\src\traditional\proc\p18f2550.asm
                     DDRC   0x000f94       data     extern C:\Programmation\Pic\MCC18\src\traditional\proc\p18f2550.asm
                 DDRCbits   0x000f94       data     extern C:\Programmation\Pic\MCC18\src\traditional\proc\p18f2550.asm
            DelayCounter1   0x00001c       data     extern C:\Programmation\Pic\MCC18\src\traditional\delays\delayd1.asm
                  ECCP1AS   0x000fb6       data     extern C:\Programmation\Pic\MCC18\src\traditional\proc\p18f2550.asm
              ECCP1ASbits   0x000fb6       data     extern C:\Programmation\Pic\MCC18\src\traditional\proc\p18f2550.asm
                 ECCP1DEL   0x000fb7       data     extern C:\Programmation\Pic\MCC18\src\traditional\proc\p18f2550.asm
             ECCP1DELbits   0x000fb7       data     extern C:\Programmation\Pic\MCC18\src\traditional\proc\p18f2550.asm
                    EEADR   0x000fa9       data     extern C:\Programmation\Pic\MCC18\src\traditional\proc\p18f2550.asm
                   EECON1   0x000fa6       data     extern C:\Programmation\Pic\MCC18\src\traditional\proc\p18f2550.asm
               EECON1bits   0x000fa6       data     extern C:\Programmation\Pic\MCC18\src\traditional\proc\p18f2550.asm
                   EECON2   0x000fa7       data     extern C:\Programmation\Pic\MCC18\src\traditional\proc\p18f2550.asm
                   EEDATA   0x000fa8       data     extern C:\Programmation\Pic\MCC18\src\traditional\proc\p18f2550.asm
                     FSR0   0x000fe9       data     extern C:\Programmation\Pic\MCC18\src\traditional\proc\p18f2550.asm
                    FSR0H   0x000fea       data     extern C:\Programmation\Pic\MCC18\src\traditional\proc\p18f2550.asm
                    FSR0L   0x000fe9       data     extern C:\Programmation\Pic\MCC18\src\traditional\proc\p18f2550.asm
                     FSR1   0x000fe1       data     extern C:\Programmation\Pic\MCC18\src\traditional\proc\p18f2550.asm
                    FSR1H   0x000fe2       data     extern C:\Programmation\Pic\MCC18\src\traditional\proc\p18f2550.asm
                    FSR1L   0x000fe1       data     extern C:\Programmation\Pic\MCC18\src\traditional\proc\p18f2550.asm
                     FSR2   0x000fd9       data     extern C:\Programmation\Pic\MCC18\src\traditional\proc\p18f2550.asm
                    FSR2H   0x000fda       data     extern C:\Programmation\Pic\MCC18\src\traditional\proc\p18f2550.asm
                    FSR2L   0x000fd9       data     extern C:\Programmation\Pic\MCC18\src\traditional\proc\p18f2550.asm
                  HLVDCON   0x000fd2       data     extern C:\Programmation\Pic\MCC18\src\traditional\proc\p18f2550.asm
              HLVDCONbits   0x000fd2       data     extern C:\Programmation\Pic\MCC18\src\traditional\proc\p18f2550.asm
                    INDF0   0x000fef       data     extern C:\Programmation\Pic\MCC18\src\traditional\proc\p18f2550.asm
                    INDF1   0x000fe7       data     extern C:\Programmation\Pic\MCC18\src\traditional\proc\p18f2550.asm
                    INDF2   0x000fdf       data     extern C:\Programmation\Pic\MCC18\src\traditional\proc\p18f2550.asm
                   INTCON   0x000ff2       data     extern C:\Programmation\Pic\MCC18\src\traditional\proc\p18f2550.asm
                  INTCON2   0x000ff1       data     extern C:\Programmation\Pic\MCC18\src\traditional\proc\p18f2550.asm
              INTCON2bits   0x000ff1       data     extern C:\Programmation\Pic\MCC18\src\traditional\proc\p18f2550.asm
                  INTCON3   0x000ff0       data     extern C:\Programmation\Pic\MCC18\src\traditional\proc\p18f2550.asm
              INTCON3bits   0x000ff0       data     extern C:\Programmation\Pic\MCC18\src\traditional\proc\p18f2550.asm
               INTCONbits   0x000ff2       data     extern C:\Programmation\Pic\MCC18\src\traditional\proc\p18f2550.asm
                     IPR1   0x000f9f       data     extern C:\Programmation\Pic\MCC18\src\traditional\proc\p18f2550.asm
                 IPR1bits   0x000f9f       data     extern C:\Programmation\Pic\MCC18\src\traditional\proc\p18f2550.asm
                     IPR2   0x000fa2       data     extern C:\Programmation\Pic\MCC18\src\traditional\proc\p18f2550.asm
                 IPR2bits   0x000fa2       data     extern C:\Programmation\Pic\MCC18\src\traditional\proc\p18f2550.asm
                     LATA   0x000f89       data     extern C:\Programmation\Pic\MCC18\src\traditional\proc\p18f2550.asm
                 LATAbits   0x000f89       data     extern C:\Programmation\Pic\MCC18\src\traditional\proc\p18f2550.asm
                     LATB   0x000f8a       data     extern C:\Programmation\Pic\MCC18\src\traditional\proc\p18f2550.asm
                 LATBbits   0x000f8a       data     extern C:\Programmation\Pic\MCC18\src\traditional\proc\p18f2550.asm
                     LATC   0x000f8b       data     extern C:\Programmation\Pic\MCC18\src\traditional\proc\p18f2550.asm
                 LATCbits   0x000f8b       data     extern C:\Programmation\Pic\MCC18\src\traditional\proc\p18f2550.asm
                   LVDCON   0x000fd2       data     extern C:\Programmation\Pic\MCC18\src\traditional\proc\p18f2550.asm
               LVDCONbits   0x000fd2       data     extern C:\Programmation\Pic\MCC18\src\traditional\proc\p18f2550.asm
                   OSCCON   0x000fd3       data     extern C:\Programmation\Pic\MCC18\src\traditional\proc\p18f2550.asm
               OSCCONbits   0x000fd3       data     extern C:\Programmation\Pic\MCC18\src\traditional\proc\p18f2550.asm
                  OSCTUNE   0x000f9b       data     extern C:\Programmation\Pic\MCC18\src\traditional\proc\p18f2550.asm
              OSCTUNEbits   0x000f9b       data     extern C:\Programmation\Pic\MCC18\src\traditional\proc\p18f2550.asm
                       PC   0x000ff9       data     extern C:\Programmation\Pic\MCC18\src\traditional\proc\p18f2550.asm
                      PCL   0x000ff9       data     extern C:\Programmation\Pic\MCC18\src\traditional\proc\p18f2550.asm
                   PCLATH   0x000ffa       data     extern C:\Programmation\Pic\MCC18\src\traditional\proc\p18f2550.asm
                   PCLATU   0x000ffb       data     extern C:\Programmation\Pic\MCC18\src\traditional\proc\p18f2550.asm
                     PIE1   0x000f9d       data     extern C:\Programmation\Pic\MCC18\src\traditional\proc\p18f2550.asm
                 PIE1bits   0x000f9d       data     extern C:\Programmation\Pic\MCC18\src\traditional\proc\p18f2550.asm
                     PIE2   0x000fa0       data     extern C:\Programmation\Pic\MCC18\src\traditional\proc\p18f2550.asm
                 PIE2bits   0x000fa0       data     extern C:\Programmation\Pic\MCC18\src\traditional\proc\p18f2550.asm
                     PIR1   0x000f9e       data     extern C:\Programmation\Pic\MCC18\src\traditional\proc\p18f2550.asm
                 PIR1bits   0x000f9e       data     extern C:\Programmation\Pic\MCC18\src\traditional\proc\p18f2550.asm
                     PIR2   0x000fa1       data     extern C:\Programmation\Pic\MCC18\src\traditional\proc\p18f2550.asm
                 PIR2bits   0x000fa1       data     extern C:\Programmation\Pic\MCC18\src\traditional\proc\p18f2550.asm
                   PLUSW0   0x000feb       data     extern C:\Programmation\Pic\MCC18\src\traditional\proc\p18f2550.asm
                   PLUSW1   0x000fe3       data     extern C:\Programmation\Pic\MCC18\src\traditional\proc\p18f2550.asm
                   PLUSW2   0x000fdb       data     extern C:\Programmation\Pic\MCC18\src\traditional\proc\p18f2550.asm
                    PORTA   0x000f80       data     extern C:\Programmation\Pic\MCC18\src\traditional\proc\p18f2550.asm
                PORTAbits   0x000f80       data     extern C:\Programmation\Pic\MCC18\src\traditional\proc\p18f2550.asm
                    PORTB   0x000f81       data     extern C:\Programmation\Pic\MCC18\src\traditional\proc\p18f2550.asm
                PORTBbits   0x000f81       data     extern C:\Programmation\Pic\MCC18\src\traditional\proc\p18f2550.asm
                    PORTC   0x000f82       data     extern C:\Programmation\Pic\MCC18\src\traditional\proc\p18f2550.asm
                PORTCbits   0x000f82       data     extern C:\Programmation\Pic\MCC18\src\traditional\proc\p18f2550.asm
                    PORTE   0x000f84       data     extern C:\Programmation\Pic\MCC18\src\traditional\proc\p18f2550.asm
                PORTEbits   0x000f84       data     extern C:\Programmation\Pic\MCC18\src\traditional\proc\p18f2550.asm
                 POSTDEC0   0x000fed       data     extern C:\Programmation\Pic\MCC18\src\traditional\proc\p18f2550.asm
                 POSTDEC1   0x000fe5       data     extern C:\Programmation\Pic\MCC18\src\traditional\proc\p18f2550.asm
                 POSTDEC2   0x000fdd       data     extern C:\Programmation\Pic\MCC18\src\traditional\proc\p18f2550.asm
                 POSTINC0   0x000fee       data     extern C:\Programmation\Pic\MCC18\src\traditional\proc\p18f2550.asm
                 POSTINC1   0x000fe6       data     extern C:\Programmation\Pic\MCC18\src\traditional\proc\p18f2550.asm
                 POSTINC2   0x000fde       data     extern C:\Programmation\Pic\MCC18\src\traditional\proc\p18f2550.asm
                      PR2   0x000fcb       data     extern C:\Programmation\Pic\MCC18\src\traditional\proc\p18f2550.asm
                  PREINC0   0x000fec       data     extern C:\Programmation\Pic\MCC18\src\traditional\proc\p18f2550.asm
                  PREINC1   0x000fe4       data     extern C:\Programmation\Pic\MCC18\src\traditional\proc\p18f2550.asm
                  PREINC2   0x000fdc       data     extern C:\Programmation\Pic\MCC18\src\traditional\proc\p18f2550.asm
                     PROD   0x000ff3       data     extern C:\Programmation\Pic\MCC18\src\traditional\proc\p18f2550.asm
                    PRODH   0x000ff4       data     extern C:\Programmation\Pic\MCC18\src\traditional\proc\p18f2550.asm
                    PRODL   0x000ff3       data     extern C:\Programmation\Pic\MCC18\src\traditional\proc\p18f2550.asm
                     RCON   0x000fd0       data     extern C:\Programmation\Pic\MCC18\src\traditional\proc\p18f2550.asm
                 RCONbits   0x000fd0       data     extern C:\Programmation\Pic\MCC18\src\traditional\proc\p18f2550.asm
                    RCREG   0x000fae       data     extern C:\Programmation\Pic\MCC18\src\traditional\proc\p18f2550.asm
                    RCSTA   0x000fab       data     extern C:\Programmation\Pic\MCC18\src\traditional\proc\p18f2550.asm
                RCSTAbits   0x000fab       data     extern C:\Programmation\Pic\MCC18\src\traditional\proc\p18f2550.asm
                     SIGN   0x000000       data     extern C:\Programmation\Pic\MCC18\src\traditional\math\cmath18.asm
                    SPBRG   0x000faf       data     extern C:\Programmation\Pic\MCC18\src\traditional\proc\p18f2550.asm
                   SPBRGH   0x000fb0       data     extern C:\Programmation\Pic\MCC18\src\traditional\proc\p18f2550.asm
                   SSPADD   0x000fc8       data     extern C:\Programmation\Pic\MCC18\src\traditional\proc\p18f2550.asm
                   SSPBUF   0x000fc9       data     extern C:\Programmation\Pic\MCC18\src\traditional\proc\p18f2550.asm
                  SSPCON1   0x000fc6       data     extern C:\Programmation\Pic\MCC18\src\traditional\proc\p18f2550.asm
              SSPCON1bits   0x000fc6       data     extern C:\Programmation\Pic\MCC18\src\traditional\proc\p18f2550.asm
                  SSPCON2   0x000fc5       data     extern C:\Programmation\Pic\MCC18\src\traditional\proc\p18f2550.asm
              SSPCON2bits   0x000fc5       data     extern C:\Programmation\Pic\MCC18\src\traditional\proc\p18f2550.asm
                  SSPSTAT   0x000fc7       data     extern C:\Programmation\Pic\MCC18\src\traditional\proc\p18f2550.asm
              SSPSTATbits   0x000fc7       data     extern C:\Programmation\Pic\MCC18\src\traditional\proc\p18f2550.asm
                   STATUS   0x000fd8       data     extern C:\Programmation\Pic\MCC18\src\traditional\proc\p18f2550.asm
               STATUSbits   0x000fd8       data     extern C:\Programmation\Pic\MCC18\src\traditional\proc\p18f2550.asm
                   STKPTR   0x000ffc       data     extern C:\Programmation\Pic\MCC18\src\traditional\proc\p18f2550.asm
               STKPTRbits   0x000ffc       data     extern C:\Programmation\Pic\MCC18\src\traditional\proc\p18f2550.asm
                 SetupPkt   0x000420       data     extern Z:\home\samuel\pic\Projets\I2C\linux\system\usb\usbmmap.c
                    T0CON   0x000fd5       data     extern C:\Programmation\Pic\MCC18\src\traditional\proc\p18f2550.asm
                T0CONbits   0x000fd5       data     extern C:\Programmation\Pic\MCC18\src\traditional\proc\p18f2550.asm
                    T1CON   0x000fcd       data     extern C:\Programmation\Pic\MCC18\src\traditional\proc\p18f2550.asm
                T1CONbits   0x000fcd       data     extern C:\Programmation\Pic\MCC18\src\traditional\proc\p18f2550.asm
                    T2CON   0x000fca       data     extern C:\Programmation\Pic\MCC18\src\traditional\proc\p18f2550.asm
                T2CONbits   0x000fca       data     extern C:\Programmation\Pic\MCC18\src\traditional\proc\p18f2550.asm
                    T3CON   0x000fb1       data     extern C:\Programmation\Pic\MCC18\src\traditional\proc\p18f2550.asm
                T3CONbits   0x000fb1       data     extern C:\Programmation\Pic\MCC18\src\traditional\proc\p18f2550.asm
                   TABLAT   0x000ff5       data     extern C:\Programmation\Pic\MCC18\src\traditional\proc\p18f2550.asm
                   TBLPTR   0x000ff6       data     extern C:\Programmation\Pic\MCC18\src\traditional\proc\p18f2550.asm
                  TBLPTRH   0x000ff7       data     extern C:\Programmation\Pic\MCC18\src\traditional\proc\p18f2550.asm
                  TBLPTRL   0x000ff6       data     extern C:\Programmation\Pic\MCC18\src\traditional\proc\p18f2550.asm
                  TBLPTRU   0x000ff8       data     extern C:\Programmation\Pic\MCC18\src\traditional\proc\p18f2550.asm
                    TMR0H   0x000fd7       data     extern C:\Programmation\Pic\MCC18\src\traditional\proc\p18f2550.asm
                    TMR0L   0x000fd6       data     extern C:\Programmation\Pic\MCC18\src\traditional\proc\p18f2550.asm
                    TMR1H   0x000fcf       data     extern C:\Programmation\Pic\MCC18\src\traditional\proc\p18f2550.asm
                    TMR1L   0x000fce       data     extern C:\Programmation\Pic\MCC18\src\traditional\proc\p18f2550.asm
                     TMR2   0x000fcc       data     extern C:\Programmation\Pic\MCC18\src\traditional\proc\p18f2550.asm
                    TMR3H   0x000fb3       data     extern C:\Programmation\Pic\MCC18\src\traditional\proc\p18f2550.asm
                    TMR3L   0x000fb2       data     extern C:\Programmation\Pic\MCC18\src\traditional\proc\p18f2550.asm
                      TOS   0x000ffd       data     extern C:\Programmation\Pic\MCC18\src\traditional\proc\p18f2550.asm
                     TOSH   0x000ffe       data     extern C:\Programmation\Pic\MCC18\src\traditional\proc\p18f2550.asm
                     TOSL   0x000ffd       data     extern C:\Programmation\Pic\MCC18\src\traditional\proc\p18f2550.asm
                     TOSU   0x000fff       data     extern C:\Programmation\Pic\MCC18\src\traditional\proc\p18f2550.asm
                    TRISA   0x000f92       data     extern C:\Programmation\Pic\MCC18\src\traditional\proc\p18f2550.asm
                TRISAbits   0x000f92       data     extern C:\Programmation\Pic\MCC18\src\traditional\proc\p18f2550.asm
                    TRISB   0x000f93       data     extern C:\Programmation\Pic\MCC18\src\traditional\proc\p18f2550.asm
                TRISBbits   0x000f93       data     extern C:\Programmation\Pic\MCC18\src\traditional\proc\p18f2550.asm
                    TRISC   0x000f94       data     extern C:\Programmation\Pic\MCC18\src\traditional\proc\p18f2550.asm
                TRISCbits   0x000f94       data     extern C:\Programmation\Pic\MCC18\src\traditional\proc\p18f2550.asm
                    TXREG   0x000fad       data     extern C:\Programmation\Pic\MCC18\src\traditional\proc\p18f2550.asm
                    TXSTA   0x000fac       data     extern C:\Programmation\Pic\MCC18\src\traditional\proc\p18f2550.asm
                TXSTAbits   0x000fac       data     extern C:\Programmation\Pic\MCC18\src\traditional\proc\p18f2550.asm
                    UADDR   0x000f6e       data     extern C:\Programmation\Pic\MCC18\src\traditional\proc\p18f2550.asm
                UADDRbits   0x000f6e       data     extern C:\Programmation\Pic\MCC18\src\traditional\proc\p18f2550.asm
                     UCFG   0x000f6f       data     extern C:\Programmation\Pic\MCC18\src\traditional\proc\p18f2550.asm
                 UCFGbits   0x000f6f       data     extern C:\Programmation\Pic\MCC18\src\traditional\proc\p18f2550.asm
                     UCON   0x000f6d       data     extern C:\Programmation\Pic\MCC18\src\traditional\proc\p18f2550.asm
                 UCONbits   0x000f6d       data     extern C:\Programmation\Pic\MCC18\src\traditional\proc\p18f2550.asm
                     UEIE   0x000f6b       data     extern C:\Programmation\Pic\MCC18\src\traditional\proc\p18f2550.asm
                 UEIEbits   0x000f6b       data     extern C:\Programmation\Pic\MCC18\src\traditional\proc\p18f2550.asm
                     UEIR   0x000f6a       data     extern C:\Programmation\Pic\MCC18\src\traditional\proc\p18f2550.asm
                 UEIRbits   0x000f6a       data     extern C:\Programmation\Pic\MCC18\src\traditional\proc\p18f2550.asm
                     UEP0   0x000f70       data     extern C:\Programmation\Pic\MCC18\src\traditional\proc\p18f2550.asm
                 UEP0bits   0x000f70       data     extern C:\Programmation\Pic\MCC18\src\traditional\proc\p18f2550.asm
                     UEP1   0x000f71       data     extern C:\Programmation\Pic\MCC18\src\traditional\proc\p18f2550.asm
                    UEP10   0x000f7a       data     extern C:\Programmation\Pic\MCC18\src\traditional\proc\p18f2550.asm
                UEP10bits   0x000f7a       data     extern C:\Programmation\Pic\MCC18\src\traditional\proc\p18f2550.asm
                    UEP11   0x000f7b       data     extern C:\Programmation\Pic\MCC18\src\traditional\proc\p18f2550.asm
                UEP11bits   0x000f7b       data     extern C:\Programmation\Pic\MCC18\src\traditional\proc\p18f2550.asm
                    UEP12   0x000f7c       data     extern C:\Programmation\Pic\MCC18\src\traditional\proc\p18f2550.asm
                UEP12bits   0x000f7c       data     extern C:\Programmation\Pic\MCC18\src\traditional\proc\p18f2550.asm
                    UEP13   0x000f7d       data     extern C:\Programmation\Pic\MCC18\src\traditional\proc\p18f2550.asm
                UEP13bits   0x000f7d       data     extern C:\Programmation\Pic\MCC18\src\traditional\proc\p18f2550.asm
                    UEP14   0x000f7e       data     extern C:\Programmation\Pic\MCC18\src\traditional\proc\p18f2550.asm
                UEP14bits   0x000f7e       data     extern C:\Programmation\Pic\MCC18\src\traditional\proc\p18f2550.asm
                    UEP15   0x000f7f       data     extern C:\Programmation\Pic\MCC18\src\traditional\proc\p18f2550.asm
                UEP15bits   0x000f7f       data     extern C:\Programmation\Pic\MCC18\src\traditional\proc\p18f2550.asm
                 UEP1bits   0x000f71       data     extern C:\Programmation\Pic\MCC18\src\traditional\proc\p18f2550.asm
                     UEP2   0x000f72       data     extern C:\Programmation\Pic\MCC18\src\traditional\proc\p18f2550.asm
                 UEP2bits   0x000f72       data     extern C:\Programmation\Pic\MCC18\src\traditional\proc\p18f2550.asm
                     UEP3   0x000f73       data     extern C:\Programmation\Pic\MCC18\src\traditional\proc\p18f2550.asm
                 UEP3bits   0x000f73       data     extern C:\Programmation\Pic\MCC18\src\traditional\proc\p18f2550.asm
                     UEP4   0x000f74       data     extern C:\Programmation\Pic\MCC18\src\traditional\proc\p18f2550.asm
                 UEP4bits   0x000f74       data     extern C:\Programmation\Pic\MCC18\src\traditional\proc\p18f2550.asm
                     UEP5   0x000f75       data     extern C:\Programmation\Pic\MCC18\src\traditional\proc\p18f2550.asm
                 UEP5bits   0x000f75       data     extern C:\Programmation\Pic\MCC18\src\traditional\proc\p18f2550.asm
                     UEP6   0x000f76       data     extern C:\Programmation\Pic\MCC18\src\traditional\proc\p18f2550.asm
                 UEP6bits   0x000f76       data     extern C:\Programmation\Pic\MCC18\src\traditional\proc\p18f2550.asm
                     UEP7   0x000f77       data     extern C:\Programmation\Pic\MCC18\src\traditional\proc\p18f2550.asm
                 UEP7bits   0x000f77       data     extern C:\Programmation\Pic\MCC18\src\traditional\proc\p18f2550.asm
                     UEP8   0x000f78       data     extern C:\Programmation\Pic\MCC18\src\traditional\proc\p18f2550.asm
                 UEP8bits   0x000f78       data     extern C:\Programmation\Pic\MCC18\src\traditional\proc\p18f2550.asm
                     UEP9   0x000f79       data     extern C:\Programmation\Pic\MCC18\src\traditional\proc\p18f2550.asm
                 UEP9bits   0x000f79       data     extern C:\Programmation\Pic\MCC18\src\traditional\proc\p18f2550.asm
                     UFRM   0x000f66       data     extern C:\Programmation\Pic\MCC18\src\traditional\proc\p18f2550.asm
                    UFRMH   0x000f67       data     extern C:\Programmation\Pic\MCC18\src\traditional\proc\p18f2550.asm
                UFRMHbits   0x000f67       data     extern C:\Programmation\Pic\MCC18\src\traditional\proc\p18f2550.asm
                    UFRML   0x000f66       data     extern C:\Programmation\Pic\MCC18\src\traditional\proc\p18f2550.asm
                UFRMLbits   0x000f66       data     extern C:\Programmation\Pic\MCC18\src\traditional\proc\p18f2550.asm
                      UIE   0x000f69       data     extern C:\Programmation\Pic\MCC18\src\traditional\proc\p18f2550.asm
                  UIEbits   0x000f69       data     extern C:\Programmation\Pic\MCC18\src\traditional\proc\p18f2550.asm
                      UIR   0x000f68       data     extern C:\Programmation\Pic\MCC18\src\traditional\proc\p18f2550.asm
                  UIRbits   0x000f68       data     extern C:\Programmation\Pic\MCC18\src\traditional\proc\p18f2550.asm
                    USTAT   0x000f6c       data     extern C:\Programmation\Pic\MCC18\src\traditional\proc\p18f2550.asm
                USTATbits   0x000f6c       data     extern C:\Programmation\Pic\MCC18\src\traditional\proc\p18f2550.asm
                   WDTCON   0x000fd1       data     extern C:\Programmation\Pic\MCC18\src\traditional\proc\p18f2550.asm
               WDTCONbits   0x000fd1       data     extern C:\Programmation\Pic\MCC18\src\traditional\proc\p18f2550.asm
                     WREG   0x000fe8       data     extern C:\Programmation\Pic\MCC18\src\traditional\proc\p18f2550.asm
                 __AARGB0   0x000009       data     extern C:\Programmation\Pic\MCC18\src\traditional\math\aarg.asm
                 __AARGB1   0x000008       data     extern C:\Programmation\Pic\MCC18\src\traditional\math\aarg.asm
                 __AARGB2   0x000007       data     extern C:\Programmation\Pic\MCC18\src\traditional\math\aarg.asm
                 __AARGB3   0x000006       data     extern C:\Programmation\Pic\MCC18\src\traditional\math\aarg.asm
                 __AARGB4   0x000005       data     extern C:\Programmation\Pic\MCC18\src\traditional\math\aarg.asm
                 __AARGB5   0x000004       data     extern C:\Programmation\Pic\MCC18\src\traditional\math\aarg.asm
                 __AARGB6   0x000003       data     extern C:\Programmation\Pic\MCC18\src\traditional\math\aarg.asm
                 __AARGB7   0x000002       data     extern C:\Programmation\Pic\MCC18\src\traditional\math\aarg.asm
                   __AEXP   0x00000a       data     extern C:\Programmation\Pic\MCC18\src\traditional\math\aarg.asm
                 __BARGB0   0x00000e       data     extern C:\Programmation\Pic\MCC18\src\traditional\math\barg.asm
                 __BARGB1   0x00000d       data     extern C:\Programmation\Pic\MCC18\src\traditional\math\barg.asm
                 __BARGB2   0x00000c       data     extern C:\Programmation\Pic\MCC18\src\traditional\math\barg.asm
                 __BARGB3   0x00000b       data     extern C:\Programmation\Pic\MCC18\src\traditional\math\barg.asm
                   __BEXP   0x00000f       data     extern C:\Programmation\Pic\MCC18\src\traditional\math\barg.asm
                __FPFLAGS   0x000001       data     extern C:\Programmation\Pic\MCC18\src\traditional\math\cmath18.asm
            __FPFLAGSbits   0x000001       data     extern C:\Programmation\Pic\MCC18\src\traditional\math\cmath18.asm
                  __REMB0   0x000005       data     extern C:\Programmation\Pic\MCC18\src\traditional\math\aarg.asm
                  __REMB1   0x000004       data     extern C:\Programmation\Pic\MCC18\src\traditional\math\aarg.asm
                  __REMB2   0x000003       data     extern C:\Programmation\Pic\MCC18\src\traditional\math\aarg.asm
                  __REMB3   0x000002       data     extern C:\Programmation\Pic\MCC18\src\traditional\math\aarg.asm
                  __tmp_0   0x000010       data     static Z:\home\samuel\pic\Projets\I2C\linux\system\usb\usbctrltrf\usbctrltrf.c
                  __tmp_0   0x000010       data     static Z:\home\samuel\pic\Projets\I2C\linux\system\usb\usb9\usb9.c
                  __tmp_0   0x000010       data     static Z:\home\samuel\pic\Projets\I2C\linux\user\user.c
                  __tmp_0   0x000010       data     static Z:\home\samuel\pic\Projets\I2C\linux\user\temperature.c
                  __tmp_0   0x000010       data     static Z:\home\samuel\pic\Projets\I2C\linux\user\Servo\servo.c
                  __tmp_0   0x000010       data     static Z:\home\samuel\pic\Projets\I2C\linux\system\usb\class\cdc\cdc.c
                  __tmp_1   0x00001a       data     static Z:\home\samuel\pic\Projets\I2C\linux\main.c
                  angle_X   0x0000e4       data     extern Z:\home\samuel\pic\Projets\I2C\linux\user\user.c
              bTRNIFCount   0x000147       data     extern Z:\home\samuel\pic\Projets\I2C\linux\system\usb\usbdrv\usbdrv.c
                    blink   0x000145       data     static Z:\home\samuel\pic\Projets\I2C\linux\user\user.c
                   calcul   0x0000f0       data     extern Z:\home\samuel\pic\Projets\I2C\linux\user\user.c
              cdc_data_rx   0x000438       data     extern Z:\home\samuel\pic\Projets\I2C\linux\system\usb\usbmmap.c
              cdc_data_tx   0x000478       data     extern Z:\home\samuel\pic\Projets\I2C\linux\system\usb\usbmmap.c
             cdc_mem_type   0x000107       data     extern Z:\home\samuel\pic\Projets\I2C\linux\system\usb\class\cdc\cdc.c
               cdc_notice   0x000430       data     extern Z:\home\samuel\pic\Projets\I2C\linux\system\usb\usbmmap.c
               cdc_rx_len   0x000100       data     extern Z:\home\samuel\pic\Projets\I2C\linux\system\usb\class\cdc\cdc.c
            cdc_trf_state   0x000101       data     extern Z:\home\samuel\pic\Projets\I2C\linux\system\usb\class\cdc\cdc.c
               cdc_tx_len   0x000106       data     extern Z:\home\samuel\pic\Projets\I2C\linux\system\usb\class\cdc\cdc.c
                      cnt   0x000143       data     static Z:\home\samuel\pic\Projets\I2C\linux\user\user.c
    control_signal_bitmap   0x00010f       data     extern Z:\home\samuel\pic\Projets\I2C\linux\system\usb\class\cdc\cdc.c
   ctrl_trf_session_owner   0x000137       data     extern Z:\home\samuel\pic\Projets\I2C\linux\system\usb\usbctrltrf\usbctrltrf.c
           ctrl_trf_state   0x000136       data     extern Z:\home\samuel\pic\Projets\I2C\linux\system\usb\usbctrltrf\usbctrltrf.c
                curr_byte   0x00012f       data     static C:\Programmation\Pic\MCC18\src\traditional\startup\c018i.c
               curr_entry   0x000131       data     static C:\Programmation\Pic\MCC18\src\traditional\startup\c018i.c
                 data_ptr   0x000133       data     static C:\Programmation\Pic\MCC18\src\traditional\startup\c018i.c
              delay_count   0x000148       data     static Z:\home\samuel\pic\Projets\I2C\linux\system\usb\usbdrv\usbdrv.c
                       dt   0x00014b       data     extern Z:\home\samuel\pic\Projets\I2C\linux\main.c
dummy_encapsulated_cmd_response   0x000110       data     extern Z:\home\samuel\pic\Projets\I2C\linux\system\usb\class\cdc\cdc.c
                    ep0Bi   0x000404       data     extern Z:\home\samuel\pic\Projets\I2C\linux\system\usb\usbmmap.c
                    ep0Bo   0x000400       data     extern Z:\home\samuel\pic\Projets\I2C\linux\system\usb\usbmmap.c
                    ep1Bi   0x00040c       data     extern Z:\home\samuel\pic\Projets\I2C\linux\system\usb\usbmmap.c
                    ep1Bo   0x000408       data     extern Z:\home\samuel\pic\Projets\I2C\linux\system\usb\usbmmap.c
                    ep2Bi   0x000414       data     extern Z:\home\samuel\pic\Projets\I2C\linux\system\usb\usbmmap.c
                    ep2Bo   0x000410       data     extern Z:\home\samuel\pic\Projets\I2C\linux\system\usb\usbmmap.c
                    ep3Bi   0x00041c       data     extern Z:\home\samuel\pic\Projets\I2C\linux\system\usb\usbmmap.c
                    ep3Bo   0x000418       data     extern Z:\home\samuel\pic\Projets\I2C\linux\system\usb\usbmmap.c
             input_buffer   0x000060       data     extern Z:\home\samuel\pic\Projets\I2C\linux\user\user.c
                iteration   0x0000f1       data     static Z:\home\samuel\pic\Projets\I2C\linux\user\user.c
              line_coding   0x000108       data     extern Z:\home\samuel\pic\Projets\I2C\linux\system\usb\class\cdc\cdc.c
              loop_active   0x0000e2       data     extern Z:\home\samuel\pic\Projets\I2C\linux\user\user.c
                 molette1   0x0000e0       data     extern Z:\home\samuel\pic\Projets\I2C\linux\user\user.c
                 molette2   0x0000e1       data     extern Z:\home\samuel\pic\Projets\I2C\linux\user\user.c
                moyenne_X   0x0000ec       data     extern Z:\home\samuel\pic\Projets\I2C\linux\user\user.c
             moyenne_temp   0x0000e8       data     extern Z:\home\samuel\pic\Projets\I2C\linux\user\user.c
                   nb_msg   0x0000e3       data     extern Z:\home\samuel\pic\Projets\I2C\linux\user\user.c
            output_buffer   0x0000a0       data     extern Z:\home\samuel\pic\Projets\I2C\linux\user\user.c
                  pCDCDst   0x000104       data     extern Z:\home\samuel\pic\Projets\I2C\linux\system\usb\class\cdc\cdc.c
                  pCDCSrc   0x000102       data     extern Z:\home\samuel\pic\Projets\I2C\linux\system\usb\class\cdc\cdc.c
                     pDst   0x00013a       data     extern Z:\home\samuel\pic\Projets\I2C\linux\system\usb\usbctrltrf\usbctrltrf.c
                     pSrc   0x000138       data     extern Z:\home\samuel\pic\Projets\I2C\linux\system\usb\usbctrltrf\usbctrltrf.c
                pos_servo   0x000118       data     extern Z:\home\samuel\pic\Projets\I2C\linux\user\Servo\servo.c
                     prom   0x00012c       data     static C:\Programmation\Pic\MCC18\src\traditional\startup\c018i.c
            servo_courant   0x00014d       data     extern Z:\home\samuel\pic\Projets\I2C\linux\user\Servo\servo.c
         short_pkt_status   0x00013e       data     extern Z:\home\samuel\pic\Projets\I2C\linux\system\usb\usbctrltrf\usbctrltrf.c
               tempString   0x0000f6       data     extern Z:\home\samuel\pic\Projets\I2C\linux\user\temperature.c
              temperature   0x0000f4       data     extern Z:\home\samuel\pic\Projets\I2C\linux\user\temperature.c
                    temps   0x0000f3       data     static Z:\home\samuel\pic\Projets\I2C\linux\user\user.c
                    timer   0x00014a       data     extern Z:\home\samuel\pic\Projets\I2C\linux\main.c
              timer_servo   0x00014c       data     extern Z:\home\samuel\pic\Projets\I2C\linux\user\Servo\servo.c
           usb_active_cfg   0x000141       data     extern Z:\home\samuel\pic\Projets\I2C\linux\system\usb\usbmmap.c
             usb_alt_intf   0x000142       data     extern Z:\home\samuel\pic\Projets\I2C\linux\system\usb\usbmmap.c
         usb_device_state   0x00013f       data     extern Z:\home\samuel\pic\Projets\I2C\linux\system\usb\usbmmap.c
                 usb_stat   0x000140       data     extern Z:\home\samuel\pic\Projets\I2C\linux\system\usb\usbmmap.c
                   wCount   0x00013c       data     extern Z:\home\samuel\pic\Projets\I2C\linux\system\usb\usbctrltrf\usbctrltrf.c



                              Symbols - Sorted by Address
                     Name    Address   Location    Storage File                     
                ---------  ---------  ---------  --------- ---------                
                   _entry   0x000000    program     extern C:\Programmation\Pic\MCC18\src\traditional\startup\c018i.c
       ___return_lbl00000   0x000004    program     static                          
                   _reset   0x000800    program     extern Z:\home\samuel\pic\Projets\I2C\linux\main.c
       ___return_lbl00000   0x000804    program     static                          
                _high_ISR   0x000808    program     extern Z:\home\samuel\pic\Projets\I2C\linux\main.c
                 _low_ISR   0x000818    program     extern Z:\home\samuel\pic\Projets\I2C\linux\main.c
                 UserInit   0x000844    program     extern Z:\home\samuel\pic\Projets\I2C\linux\user\user.c
          InitializeUSART   0x00089e    program     extern Z:\home\samuel\pic\Projets\I2C\linux\user\user.c
                  wm_init   0x0008b8    program     extern Z:\home\samuel\pic\Projets\I2C\linux\user\user.c
            nunchuck_read   0x000966    program     extern Z:\home\samuel\pic\Projets\I2C\linux\user\user.c
               addNum2str   0x000b0a    program     extern Z:\home\samuel\pic\Projets\I2C\linux\user\user.c
               addstr2str   0x000c5e    program     extern Z:\home\samuel\pic\Projets\I2C\linux\user\user.c
                ProcessIO   0x000d26    program     extern Z:\home\samuel\pic\Projets\I2C\linux\user\user.c
         USBCtrlEPService   0x00135e    program     extern Z:\home\samuel\pic\Projets\I2C\linux\system\usb\usbctrltrf\usbctrltrf.c
   USBCtrlTrfSetupHandler   0x001390    program     extern Z:\home\samuel\pic\Projets\I2C\linux\system\usb\usbctrltrf\usbctrltrf.c
     USBCtrlTrfOutHandler   0x001404    program     extern Z:\home\samuel\pic\Projets\I2C\linux\system\usb\usbctrltrf\usbctrltrf.c
      USBCtrlTrfInHandler   0x001424    program     extern Z:\home\samuel\pic\Projets\I2C\linux\system\usb\usbctrltrf\usbctrltrf.c
      USBCtrlTrfTxService   0x00146e    program     extern Z:\home\samuel\pic\Projets\I2C\linux\system\usb\usbctrltrf\usbctrltrf.c
      USBCtrlTrfRxService   0x00155c    program     extern Z:\home\samuel\pic\Projets\I2C\linux\system\usb\usbctrltrf\usbctrltrf.c
 USBCtrlEPServiceComplete   0x0015d6    program     extern Z:\home\samuel\pic\Projets\I2C\linux\system\usb\usbctrltrf\usbctrltrf.c
USBPrepareForNextSetupTrf   0x001662    program     extern Z:\home\samuel\pic\Projets\I2C\linux\system\usb\usbctrltrf\usbctrltrf.c
       USBCheckCDCRequest   0x001704    program     extern Z:\home\samuel\pic\Projets\I2C\linux\system\usb\class\cdc\cdc.c
                CDCInitEP   0x0017c8    program     extern Z:\home\samuel\pic\Projets\I2C\linux\system\usb\class\cdc\cdc.c
             getsUSBUSART   0x001818    program     extern Z:\home\samuel\pic\Projets\I2C\linux\system\usb\class\cdc\cdc.c
             putsUSBUSART   0x001898    program     extern Z:\home\samuel\pic\Projets\I2C\linux\system\usb\class\cdc\cdc.c
            putrsUSBUSART   0x001912    program     extern Z:\home\samuel\pic\Projets\I2C\linux\system\usb\class\cdc\cdc.c
             CDCTxService   0x00198e    program     extern Z:\home\samuel\pic\Projets\I2C\linux\system\usb\class\cdc\cdc.c
       USBCheckStdRequest   0x001a7e    program     extern Z:\home\samuel\pic\Projets\I2C\linux\system\usb\usb9\usb9.c
      USBStdGetDscHandler   0x001b40    program     extern Z:\home\samuel\pic\Projets\I2C\linux\system\usb\usb9\usb9.c
      USBStdSetCfgHandler   0x001bf8    program     extern Z:\home\samuel\pic\Projets\I2C\linux\system\usb\usb9\usb9.c
   USBStdGetStatusHandler   0x001c48    program     extern Z:\home\samuel\pic\Projets\I2C\linux\system\usb\usb9\usb9.c
  USBStdFeatureReqHandler   0x001ce8    program     extern Z:\home\samuel\pic\Projets\I2C\linux\system\usb\usb9\usb9.c
               Servo_Init   0x001d8c    program     extern Z:\home\samuel\pic\Projets\I2C\linux\user\Servo\servo.c
                Servo_Set   0x001df6    program     extern Z:\home\samuel\pic\Projets\I2C\linux\user\Servo\servo.c
                Servo_Get   0x001e82    program     extern Z:\home\samuel\pic\Projets\I2C\linux\user\Servo\servo.c
                Servo_Int   0x001ebe    program     extern Z:\home\samuel\pic\Projets\I2C\linux\user\Servo\servo.c
              MyInterrupt   0x001f60    program     extern Z:\home\samuel\pic\Projets\I2C\linux\main.c
                     main   0x0020e6    program     extern Z:\home\samuel\pic\Projets\I2C\linux\main.c
         InitializeSystem   0x0020f2    program     static Z:\home\samuel\pic\Projets\I2C\linux\main.c
                 USBTasks   0x00210c    program     extern Z:\home\samuel\pic\Projets\I2C\linux\main.c
        USBCheckBusStatus   0x00211c    program     extern Z:\home\samuel\pic\Projets\I2C\linux\system\usb\usbdrv\usbdrv.c
          USBModuleEnable   0x00213e    program     extern Z:\home\samuel\pic\Projets\I2C\linux\system\usb\usbdrv\usbdrv.c
         USBModuleDisable   0x00214c    program     extern Z:\home\samuel\pic\Projets\I2C\linux\system\usb\usbdrv\usbdrv.c
            USBSoftDetach   0x002156    program     extern Z:\home\samuel\pic\Projets\I2C\linux\system\usb\usbdrv\usbdrv.c
         USBDriverService   0x00215a    program     extern Z:\home\samuel\pic\Projets\I2C\linux\system\usb\usbdrv\usbdrv.c
               USBSuspend   0x0021ee    program     extern Z:\home\samuel\pic\Projets\I2C\linux\system\usb\usbdrv\usbdrv.c
       ___return_lbl00033   0x0021fc    program     static                          
       USBWakeFromSuspend   0x0021fe    program     extern Z:\home\samuel\pic\Projets\I2C\linux\system\usb\usbdrv\usbdrv.c
          USBRemoteWakeup   0x00220c    program     extern Z:\home\samuel\pic\Projets\I2C\linux\system\usb\usbdrv\usbdrv.c
          USB_SOF_Handler   0x002230    program     extern Z:\home\samuel\pic\Projets\I2C\linux\system\usb\usbdrv\usbdrv.c
          USBStallHandler   0x002234    program     extern Z:\home\samuel\pic\Projets\I2C\linux\system\usb\usbdrv\usbdrv.c
          USBErrorHandler   0x002254    program     extern Z:\home\samuel\pic\Projets\I2C\linux\system\usb\usbdrv\usbdrv.c
  USBProtocolResetHandler   0x002258    program     extern Z:\home\samuel\pic\Projets\I2C\linux\system\usb\usbdrv\usbdrv.c
        ___while_lbl00049   0x00227e    program     static                          
        ___while_lbl00050   0x002292    program     static                          
       ___return_lbl00048   0x0022a6    program     static                          
               ClearArray   0x0022a8    program     extern Z:\home\samuel\pic\Projets\I2C\linux\system\usb\usbdrv\usbdrv.c
        ___while_lbl00052   0x0022bc    program     static                          
        ___while_lbl00053   0x0022ca    program     static                          
       ___return_lbl00051   0x0022ca    program     static                          
           InitTempSensor   0x0022d2    program     extern Z:\home\samuel\pic\Projets\I2C\linux\user\temperature.c
       AcquireTemperature   0x0022f8    program     extern Z:\home\samuel\pic\Projets\I2C\linux\user\temperature.c
       UpdateCelsiusASCII   0x00231a    program     extern Z:\home\samuel\pic\Projets\I2C\linux\user\temperature.c
              __string_16   0x002470    program     static Z:\home\samuel\pic\Projets\I2C\linux\user\user.c
              __string_15   0x002488    program     static Z:\home\samuel\pic\Projets\I2C\linux\user\user.c
              __string_14   0x00249c    program     static Z:\home\samuel\pic\Projets\I2C\linux\user\user.c
              __string_10   0x0024b1    program     static Z:\home\samuel\pic\Projets\I2C\linux\user\user.c
               __string_9   0x0024c3    program     static Z:\home\samuel\pic\Projets\I2C\linux\user\user.c
               __string_8   0x0024d0    program     static Z:\home\samuel\pic\Projets\I2C\linux\user\user.c
               __string_7   0x0024dd    program     static Z:\home\samuel\pic\Projets\I2C\linux\user\user.c
               __string_6   0x0024ea    program     static Z:\home\samuel\pic\Projets\I2C\linux\user\user.c
               __string_5   0x0024f7    program     static Z:\home\samuel\pic\Projets\I2C\linux\user\user.c
               __string_4   0x002504    program     static Z:\home\samuel\pic\Projets\I2C\linux\user\user.c
               __string_3   0x002511    program     static Z:\home\samuel\pic\Projets\I2C\linux\user\user.c
               __string_2   0x00251c    program     static Z:\home\samuel\pic\Projets\I2C\linux\user\user.c
               __string_1   0x00252b    program     static Z:\home\samuel\pic\Projets\I2C\linux\user\user.c
               __string_0   0x002539    program     static Z:\home\samuel\pic\Projets\I2C\linux\user\user.c
               device_dsc   0x002551    program     extern Z:\home\samuel\pic\Projets\I2C\linux\autofiles\usbdsc.c
                    cfg01   0x002563    program     extern Z:\home\samuel\pic\Projets\I2C\linux\autofiles\usbdsc.c
                    sd000   0x0025a6    program     extern Z:\home\samuel\pic\Projets\I2C\linux\autofiles\usbdsc.c
                    sd001   0x0025aa    program     extern Z:\home\samuel\pic\Projets\I2C\linux\autofiles\usbdsc.c
                    sd002   0x0025de    program     extern Z:\home\samuel\pic\Projets\I2C\linux\autofiles\usbdsc.c
               USB_CD_Ptr   0x002612    program     extern Z:\home\samuel\pic\Projets\I2C\linux\autofiles\usbdsc.c
               USB_SD_Ptr   0x002616    program     extern Z:\home\samuel\pic\Projets\I2C\linux\autofiles\usbdsc.c
          ClassReqHandler   0x00261c    program     extern Z:\home\samuel\pic\Projets\I2C\linux\autofiles\usbdsc.c
                _do_cinit   0x00261e    program     extern C:\Programmation\Pic\MCC18\src\traditional\startup\c018i.c
                     test   0x002638    program     static                          
                copy_loop   0x002690    program     static                          
            copy_one_byte   0x002696    program     static                          
             done_copying   0x0026a4    program     static                          
       ___return_lbl00002   0x0026ba    program     static                          
                     done   0x0026ba    program     static                          
                  FXM3232   0x0026bc    program     extern C:\Programmation\Pic\MCC18\src\traditional\math\fxm3232.c
       ___return_lbl00000   0x00272a    program     static                          
                 FXD3232S   0x00272c    program     extern C:\Programmation\Pic\MCC18\src\traditional\math\fxd3232s.asm
                  DA3232S   0x002746    program     static C:\Programmation\Pic\MCC18\src\traditional\math\fxd3232s.asm
                   D3232S   0x00275c    program     static C:\Programmation\Pic\MCC18\src\traditional\math\fxd3232s.asm
                 D3232SOK   0x002766    program     static C:\Programmation\Pic\MCC18\src\traditional\math\fxd3232s.asm
                D3232SNEG   0x00276a    program     static C:\Programmation\Pic\MCC18\src\traditional\math\fxd3232s.asm
                  D3232SX   0x00278a    program     static C:\Programmation\Pic\MCC18\src\traditional\math\fxd3232s.asm
                  OpenSPI   0x002794    program     extern C:\Programmation\Pic\MCC18\src\pmc_common\SPI\spi_open.c
                   memcpy   0x0027f8    program     extern C:\Programmation\Pic\MCC18\src\traditional\stdclib\memcpy.asm
                    jLoop   0x002820    program     static C:\Programmation\Pic\MCC18\src\traditional\stdclib\memcpy.asm
              _4jContinue   0x00282c    program     static C:\Programmation\Pic\MCC18\src\traditional\stdclib\memcpy.asm
                   _5jEnd   0x002836    program     static C:\Programmation\Pic\MCC18\src\traditional\stdclib\memcpy.asm
                     jEnd   0x00283c    program     static C:\Programmation\Pic\MCC18\src\traditional\stdclib\memcpy.asm
                     EE_w   0x00284e    program     extern Z:\home\samuel\pic\Projets\I2C\linux\user\Eeprom\eeprom.c
        ___while_lbl00001   0x002872    program     static                          
        ___while_lbl00002   0x00287a    program     static                          
       ___return_lbl00000   0x00287a    program     static                          
                     EE_r   0x002882    program     extern Z:\home\samuel\pic\Projets\I2C\linux\user\Eeprom\eeprom.c
                 FXD3232U   0x0028a2    program     extern C:\Programmation\Pic\MCC18\src\traditional\math\fxd3232u.c
                     loop   0x0028b0    program     static                          
                   _false   0x0028e4    program     static                          
       ___return_lbl00000   0x0028e8    program     static                          
              WriteTimer0   0x0028ea    program     extern C:\Programmation\Pic\MCC18\src\pmc_common\Timers\t0write.c
               OpenTimer0   0x002922    program     extern C:\Programmation\Pic\MCC18\src\pmc_common\Timers\t0open.c
               OpenTimer2   0x00295a    program     extern C:\Programmation\Pic\MCC18\src\pmc_common\Timers\t2open.c
                 FXD1616U   0x002990    program     extern C:\Programmation\Pic\MCC18\src\traditional\math\fxd1616u.c
                     loop   0x00299a    program     static                          
                  endloop   0x0029b6    program     static                          
       ___return_lbl00000   0x0029ba    program     static                          
                 _startup   0x0029bc    program     extern C:\Programmation\Pic\MCC18\src\traditional\startup\c018i.c
                     loop   0x0029cc    program     static                          
       ___return_lbl00001   0x0029d6    program     static                          
             Delay100TCYx   0x0029d8    program     extern C:\Programmation\Pic\MCC18\src\traditional\delays\d100tcyx.asm
       _D100TCYXCODE_0008   0x0029e0    program     static C:\Programmation\Pic\MCC18\src\traditional\delays\d100tcyx.asm
                    D100x   0x0029e4    program     static C:\Programmation\Pic\MCC18\src\traditional\delays\d100tcyx.asm
                   D100_1   0x0029e6    program     static C:\Programmation\Pic\MCC18\src\traditional\delays\d100tcyx.asm
       _D100TCYXCODE_0012   0x0029ea    program     static C:\Programmation\Pic\MCC18\src\traditional\delays\d100tcyx.asm
       _D100TCYXCODE_0018   0x0029f0    program     static C:\Programmation\Pic\MCC18\src\traditional\delays\d100tcyx.asm
                 FXD0808U   0x0029f4    program     extern C:\Programmation\Pic\MCC18\src\traditional\math\fxd0808u.c
                     loop   0x0029fc    program     static                          
                  endloop   0x002a0a    program     static                          
       ___return_lbl00000   0x002a0e    program     static                          
            __zero_memory   0x002a10    program     extern C:\Programmation\Pic\MCC18\src\traditional\proc\p18f2550.asm
               clear_loop   0x002a16    program     static C:\Programmation\Pic\MCC18\src\traditional\proc\p18f2550.asm
                  ReadSPI   0x002a1e    program     extern C:\Programmation\Pic\MCC18\src\pmc_common\SPI\spi_read.c
                   __init   0x002a28    program     extern C:\Programmation\Pic\MCC18\src\traditional\stdclib\__init.c
                     SIGN   0x000000       data     extern C:\Programmation\Pic\MCC18\src\traditional\math\cmath18.asm
            __FPFLAGSbits   0x000001       data     extern C:\Programmation\Pic\MCC18\src\traditional\math\cmath18.asm
                __FPFLAGS   0x000001       data     extern C:\Programmation\Pic\MCC18\src\traditional\math\cmath18.asm
                 __AARGB7   0x000002       data     extern C:\Programmation\Pic\MCC18\src\traditional\math\aarg.asm
                  __REMB3   0x000002       data     extern C:\Programmation\Pic\MCC18\src\traditional\math\aarg.asm
                 __AARGB6   0x000003       data     extern C:\Programmation\Pic\MCC18\src\traditional\math\aarg.asm
                  __REMB2   0x000003       data     extern C:\Programmation\Pic\MCC18\src\traditional\math\aarg.asm
                 __AARGB5   0x000004       data     extern C:\Programmation\Pic\MCC18\src\traditional\math\aarg.asm
                  __REMB1   0x000004       data     extern C:\Programmation\Pic\MCC18\src\traditional\math\aarg.asm
[...]
                    PORTE   0x000f84       data     extern C:\Programmation\Pic\MCC18\src\traditional\proc\p18f2550.asm
                 LATAbits   0x000f89       data     extern C:\Programmation\Pic\MCC18\src\traditional\proc\p18f2550.asm
                     LATA   0x000f89       data     extern C:\Programmation\Pic\MCC18\src\traditional\proc\p18f2550.asm
                 LATBbits   0x000f8a       data     extern C:\Programmation\Pic\MCC18\src\traditional\proc\p18f2550.asm
                     LATB   0x000f8a       data     extern C:\Programmation\Pic\MCC18\src\traditional\proc\p18f2550.asm
                     LATC   0x000f8b       data     extern C:\Programmation\Pic\MCC18\src\traditional\proc\p18f2550.asm
                 LATCbits   0x000f8b       data     extern C:\Programmation\Pic\MCC18\src\traditional\proc\p18f2550.asm
                TRISAbits   0x000f92       data     extern C:\Programmation\Pic\MCC18\src\traditional\proc\p18f2550.asm
                    TRISA   0x000f92       data     extern C:\Programmation\Pic\MCC18\src\traditional\proc\p18f2550.asm
                 DDRAbits   0x000f92       data     extern C:\Programmation\Pic\MCC18\src\traditional\proc\p18f2550.asm
                     DDRA   0x000f92       data     extern C:\Programmation\Pic\MCC18\src\traditional\proc\p18f2550.asm
                 DDRBbits   0x000f93       data     extern C:\Programmation\Pic\MCC18\src\traditional\proc\p18f2550.asm
                     DDRB   0x000f93       data     extern C:\Programmation\Pic\MCC18\src\traditional\proc\p18f2550.asm
                    TRISB   0x000f93       data     extern C:\Programmation\Pic\MCC18\src\traditional\proc\p18f2550.asm
                TRISBbits   0x000f93       data     extern C:\Programmation\Pic\MCC18\src\traditional\proc\p18f2550.asm
                     DDRC   0x000f94       data     extern C:\Programmation\Pic\MCC18\src\traditional\proc\p18f2550.asm
                 DDRCbits   0x000f94       data     extern C:\Programmation\Pic\MCC18\src\traditional\proc\p18f2550.asm
                    TRISC   0x000f94       data     extern C:\Programmation\Pic\MCC18\src\traditional\proc\p18f2550.asm
                TRISCbits   0x000f94       data     extern C:\Programmation\Pic\MCC18\src\traditional\proc\p18f2550.asm
              OSCTUNEbits   0x000f9b       data     extern C:\Programmation\Pic\MCC18\src\traditional\proc\p18f2550.asm
                  OSCTUNE   0x000f9b       data     extern C:\Programmation\Pic\MCC18\src\traditional\proc\p18f2550.asm
                     PIE1   0x000f9d       data     extern C:\Programmation\Pic\MCC18\src\traditional\proc\p18f2550.asm
                 PIE1bits   0x000f9d       data     extern C:\Programmation\Pic\MCC18\src\traditional\proc\p18f2550.asm
                     PIR1   0x000f9e       data     extern C:\Programmation\Pic\MCC18\src\traditional\proc\p18f2550.asm
                 PIR1bits   0x000f9e       data     extern C:\Programmation\Pic\MCC18\src\traditional\proc\p18f2550.asm
                 IPR1bits   0x000f9f       data     extern C:\Programmation\Pic\MCC18\src\traditional\proc\p18f2550.asm
                     IPR1   0x000f9f       data     extern C:\Programmation\Pic\MCC18\src\traditional\proc\p18f2550.asm
                     PIE2   0x000fa0       data     extern C:\Programmation\Pic\MCC18\src\traditional\proc\p18f2550.asm
                 PIE2bits   0x000fa0       data     extern C:\Programmation\Pic\MCC18\src\traditional\proc\p18f2550.asm
                     PIR2   0x000fa1       data     extern C:\Programmation\Pic\MCC18\src\traditional\proc\p18f2550.asm
                 PIR2bits   0x000fa1       data     extern C:\Programmation\Pic\MCC18\src\traditional\proc\p18f2550.asm
                 IPR2bits   0x000fa2       data     extern C:\Programmation\Pic\MCC18\src\traditional\proc\p18f2550.asm
                     IPR2   0x000fa2       data     extern C:\Programmation\Pic\MCC18\src\traditional\proc\p18f2550.asm
                   EECON1   0x000fa6       data     extern C:\Programmation\Pic\MCC18\src\traditional\proc\p18f2550.asm
               EECON1bits   0x000fa6       data     extern C:\Programmation\Pic\MCC18\src\traditional\proc\p18f2550.asm
                   EECON2   0x000fa7       data     extern C:\Programmation\Pic\MCC18\src\traditional\proc\p18f2550.asm
                   EEDATA   0x000fa8       data     extern C:\Programmation\Pic\MCC18\src\traditional\proc\p18f2550.asm
                    EEADR   0x000fa9       data     extern C:\Programmation\Pic\MCC18\src\traditional\proc\p18f2550.asm
                RCSTAbits   0x000fab       data     extern C:\Programmation\Pic\MCC18\src\traditional\proc\p18f2550.asm
                    RCSTA   0x000fab       data     extern C:\Programmation\Pic\MCC18\src\traditional\proc\p18f2550.asm
                    TXSTA   0x000fac       data     extern C:\Programmation\Pic\MCC18\src\traditional\proc\p18f2550.asm
                TXSTAbits   0x000fac       data     extern C:\Programmation\Pic\MCC18\src\traditional\proc\p18f2550.asm
                    TXREG   0x000fad       data     extern C:\Programmation\Pic\MCC18\src\traditional\proc\p18f2550.asm
                    RCREG   0x000fae       data     extern C:\Programmation\Pic\MCC18\src\traditional\proc\p18f2550.asm
                    SPBRG   0x000faf       data     extern C:\Programmation\Pic\MCC18\src\traditional\proc\p18f2550.asm
                   SPBRGH   0x000fb0       data     extern C:\Programmation\Pic\MCC18\src\traditional\proc\p18f2550.asm
                    T3CON   0x000fb1       data     extern C:\Programmation\Pic\MCC18\src\traditional\proc\p18f2550.asm
                T3CONbits   0x000fb1       data     extern C:\Programmation\Pic\MCC18\src\traditional\proc\p18f2550.asm
                    TMR3L   0x000fb2       data     extern C:\Programmation\Pic\MCC18\src\traditional\proc\p18f2550.asm
                    TMR3H   0x000fb3       data     extern C:\Programmation\Pic\MCC18\src\traditional\proc\p18f2550.asm
                CMCONbits   0x000fb4       data     extern C:\Programmation\Pic\MCC18\src\traditional\proc\p18f2550.asm
                    CMCON   0x000fb4       data     extern C:\Programmation\Pic\MCC18\src\traditional\proc\p18f2550.asm
                   CVRCON   0x000fb5       data     extern C:\Programmation\Pic\MCC18\src\traditional\proc\p18f2550.asm
               CVRCONbits   0x000fb5       data     extern C:\Programmation\Pic\MCC18\src\traditional\proc\p18f2550.asm
              ECCP1ASbits   0x000fb6       data     extern C:\Programmation\Pic\MCC18\src\traditional\proc\p18f2550.asm
                   CCP1AS   0x000fb6       data     extern C:\Programmation\Pic\MCC18\src\traditional\proc\p18f2550.asm
               CCP1ASbits   0x000fb6       data     extern C:\Programmation\Pic\MCC18\src\traditional\proc\p18f2550.asm
                  ECCP1AS   0x000fb6       data     extern C:\Programmation\Pic\MCC18\src\traditional\proc\p18f2550.asm
             ECCP1DELbits   0x000fb7       data     extern C:\Programmation\Pic\MCC18\src\traditional\proc\p18f2550.asm
                 ECCP1DEL   0x000fb7       data     extern C:\Programmation\Pic\MCC18\src\traditional\proc\p18f2550.asm
              CCP1DELbits   0x000fb7       data     extern C:\Programmation\Pic\MCC18\src\traditional\proc\p18f2550.asm
                  CCP1DEL   0x000fb7       data     extern C:\Programmation\Pic\MCC18\src\traditional\proc\p18f2550.asm
              BAUDCONbits   0x000fb8       data     extern C:\Programmation\Pic\MCC18\src\traditional\proc\p18f2550.asm
                  BAUDCON   0x000fb8       data     extern C:\Programmation\Pic\MCC18\src\traditional\proc\p18f2550.asm
              CCP2CONbits   0x000fba       data     extern C:\Programmation\Pic\MCC18\src\traditional\proc\p18f2550.asm
                  CCP2CON   0x000fba       data     extern C:\Programmation\Pic\MCC18\src\traditional\proc\p18f2550.asm
                   CCPR2L   0x000fbb       data     extern C:\Programmation\Pic\MCC18\src\traditional\proc\p18f2550.asm
                    CCPR2   0x000fbb       data     extern C:\Programmation\Pic\MCC18\src\traditional\proc\p18f2550.asm
                   CCPR2H   0x000fbc       data     extern C:\Programmation\Pic\MCC18\src\traditional\proc\p18f2550.asm
              CCP1CONbits   0x000fbd       data     extern C:\Programmation\Pic\MCC18\src\traditional\proc\p18f2550.asm
                  CCP1CON   0x000fbd       data     extern C:\Programmation\Pic\MCC18\src\traditional\proc\p18f2550.asm
                   CCPR1L   0x000fbe       data     extern C:\Programmation\Pic\MCC18\src\traditional\proc\p18f2550.asm
                    CCPR1   0x000fbe       data     extern C:\Programmation\Pic\MCC18\src\traditional\proc\p18f2550.asm
                   CCPR1H   0x000fbf       data     extern C:\Programmation\Pic\MCC18\src\traditional\proc\p18f2550.asm
               ADCON2bits   0x000fc0       data     extern C:\Programmation\Pic\MCC18\src\traditional\proc\p18f2550.asm
                   ADCON2   0x000fc0       data     extern C:\Programmation\Pic\MCC18\src\traditional\proc\p18f2550.asm
                   ADCON1   0x000fc1       data     extern C:\Programmation\Pic\MCC18\src\traditional\proc\p18f2550.asm
               ADCON1bits   0x000fc1       data     extern C:\Programmation\Pic\MCC18\src\traditional\proc\p18f2550.asm
                   ADCON0   0x000fc2       data     extern C:\Programmation\Pic\MCC18\src\traditional\proc\p18f2550.asm
               ADCON0bits   0x000fc2       data     extern C:\Programmation\Pic\MCC18\src\traditional\proc\p18f2550.asm
                    ADRES   0x000fc3       data     extern C:\Programmation\Pic\MCC18\src\traditional\proc\p18f2550.asm
                   ADRESL   0x000fc3       data     extern C:\Programmation\Pic\MCC18\src\traditional\proc\p18f2550.asm
                   ADRESH   0x000fc4       data     extern C:\Programmation\Pic\MCC18\src\traditional\proc\p18f2550.asm
                  SSPCON2   0x000fc5       data     extern C:\Programmation\Pic\MCC18\src\traditional\proc\p18f2550.asm
              SSPCON2bits   0x000fc5       data     extern C:\Programmation\Pic\MCC18\src\traditional\proc\p18f2550.asm
                  SSPCON1   0x000fc6       data     extern C:\Programmation\Pic\MCC18\src\traditional\proc\p18f2550.asm
              SSPCON1bits   0x000fc6       data     extern C:\Programmation\Pic\MCC18\src\traditional\proc\p18f2550.asm
                  SSPSTAT   0x000fc7       data     extern C:\Programmation\Pic\MCC18\src\traditional\proc\p18f2550.asm
              SSPSTATbits   0x000fc7       data     extern C:\Programmation\Pic\MCC18\src\traditional\proc\p18f2550.asm
                   SSPADD   0x000fc8       data     extern C:\Programmation\Pic\MCC18\src\traditional\proc\p18f2550.asm
                   SSPBUF   0x000fc9       data     extern C:\Programmation\Pic\MCC18\src\traditional\proc\p18f2550.asm
                    T2CON   0x000fca       data     extern C:\Programmation\Pic\MCC18\src\traditional\proc\p18f2550.asm
                T2CONbits   0x000fca       data     extern C:\Programmation\Pic\MCC18\src\traditional\proc\p18f2550.asm
                      PR2   0x000fcb       data     extern C:\Programmation\Pic\MCC18\src\traditional\proc\p18f2550.asm
                     TMR2   0x000fcc       data     extern C:\Programmation\Pic\MCC18\src\traditional\proc\p18f2550.asm
                T1CONbits   0x000fcd       data     extern C:\Programmation\Pic\MCC18\src\traditional\proc\p18f2550.asm
                    T1CON   0x000fcd       data     extern C:\Programmation\Pic\MCC18\src\traditional\proc\p18f2550.asm
                    TMR1L   0x000fce       data     extern C:\Programmation\Pic\MCC18\src\traditional\proc\p18f2550.asm
                    TMR1H   0x000fcf       data     extern C:\Programmation\Pic\MCC18\src\traditional\proc\p18f2550.asm
                     RCON   0x000fd0       data     extern C:\Programmation\Pic\MCC18\src\traditional\proc\p18f2550.asm
                 RCONbits   0x000fd0       data     extern C:\Programmation\Pic\MCC18\src\traditional\proc\p18f2550.asm
                   WDTCON   0x000fd1       data     extern C:\Programmation\Pic\MCC18\src\traditional\proc\p18f2550.asm
               WDTCONbits   0x000fd1       data     extern C:\Programmation\Pic\MCC18\src\traditional\proc\p18f2550.asm
                   LVDCON   0x000fd2       data     extern C:\Programmation\Pic\MCC18\src\traditional\proc\p18f2550.asm
              HLVDCONbits   0x000fd2       data     extern C:\Programmation\Pic\MCC18\src\traditional\proc\p18f2550.asm
                  HLVDCON   0x000fd2       data     extern C:\Programmation\Pic\MCC18\src\traditional\proc\p18f2550.asm
               LVDCONbits   0x000fd2       data     extern C:\Programmation\Pic\MCC18\src\traditional\proc\p18f2550.asm
               OSCCONbits   0x000fd3       data     extern C:\Programmation\Pic\MCC18\src\traditional\proc\p18f2550.asm
                   OSCCON   0x000fd3       data     extern C:\Programmation\Pic\MCC18\src\traditional\proc\p18f2550.asm
                T0CONbits   0x000fd5       data     extern C:\Programmation\Pic\MCC18\src\traditional\proc\p18f2550.asm
                    T0CON   0x000fd5       data     extern C:\Programmation\Pic\MCC18\src\traditional\proc\p18f2550.asm
                    TMR0L   0x000fd6       data     extern C:\Programmation\Pic\MCC18\src\traditional\proc\p18f2550.asm
                    TMR0H   0x000fd7       data     extern C:\Programmation\Pic\MCC18\src\traditional\proc\p18f2550.asm
                   STATUS   0x000fd8       data     extern C:\Programmation\Pic\MCC18\src\traditional\proc\p18f2550.asm
               STATUSbits   0x000fd8       data     extern C:\Programmation\Pic\MCC18\src\traditional\proc\p18f2550.asm
                     FSR2   0x000fd9       data     extern C:\Programmation\Pic\MCC18\src\traditional\proc\p18f2550.asm
                    FSR2L   0x000fd9       data     extern C:\Programmation\Pic\MCC18\src\traditional\proc\p18f2550.asm
                    FSR2H   0x000fda       data     extern C:\Programmation\Pic\MCC18\src\traditional\proc\p18f2550.asm
                   PLUSW2   0x000fdb       data     extern C:\Programmation\Pic\MCC18\src\traditional\proc\p18f2550.asm
                  PREINC2   0x000fdc       data     extern C:\Programmation\Pic\MCC18\src\traditional\proc\p18f2550.asm
                 POSTDEC2   0x000fdd       data     extern C:\Programmation\Pic\MCC18\src\traditional\proc\p18f2550.asm
                 POSTINC2   0x000fde       data     extern C:\Programmation\Pic\MCC18\src\traditional\proc\p18f2550.asm
                    INDF2   0x000fdf       data     extern C:\Programmation\Pic\MCC18\src\traditional\proc\p18f2550.asm
                      BSR   0x000fe0       data     extern C:\Programmation\Pic\MCC18\src\traditional\proc\p18f2550.asm
                    FSR1L   0x000fe1       data     extern C:\Programmation\Pic\MCC18\src\traditional\proc\p18f2550.asm
                     FSR1   0x000fe1       data     extern C:\Programmation\Pic\MCC18\src\traditional\proc\p18f2550.asm
                    FSR1H   0x000fe2       data     extern C:\Programmation\Pic\MCC18\src\traditional\proc\p18f2550.asm
                   PLUSW1   0x000fe3       data     extern C:\Programmation\Pic\MCC18\src\traditional\proc\p18f2550.asm
                  PREINC1   0x000fe4       data     extern C:\Programmation\Pic\MCC18\src\traditional\proc\p18f2550.asm
                 POSTDEC1   0x000fe5       data     extern C:\Programmation\Pic\MCC18\src\traditional\proc\p18f2550.asm
                 POSTINC1   0x000fe6       data     extern C:\Programmation\Pic\MCC18\src\traditional\proc\p18f2550.asm
                    INDF1   0x000fe7       data     extern C:\Programmation\Pic\MCC18\src\traditional\proc\p18f2550.asm
                     WREG   0x000fe8       data     extern C:\Programmation\Pic\MCC18\src\traditional\proc\p18f2550.asm
                     FSR0   0x000fe9       data     extern C:\Programmation\Pic\MCC18\src\traditional\proc\p18f2550.asm
                    FSR0L   0x000fe9       data     extern C:\Programmation\Pic\MCC18\src\traditional\proc\p18f2550.asm
                    FSR0H   0x000fea       data     extern C:\Programmation\Pic\MCC18\src\traditional\proc\p18f2550.asm
                   PLUSW0   0x000feb       data     extern C:\Programmation\Pic\MCC18\src\traditional\proc\p18f2550.asm
                  PREINC0   0x000fec       data     extern C:\Programmation\Pic\MCC18\src\traditional\proc\p18f2550.asm
                 POSTDEC0   0x000fed       data     extern C:\Programmation\Pic\MCC18\src\traditional\proc\p18f2550.asm
                 POSTINC0   0x000fee       data     extern C:\Programmation\Pic\MCC18\src\traditional\proc\p18f2550.asm
                    INDF0   0x000fef       data     extern C:\Programmation\Pic\MCC18\src\traditional\proc\p18f2550.asm
              INTCON3bits   0x000ff0       data     extern C:\Programmation\Pic\MCC18\src\traditional\proc\p18f2550.asm
                  INTCON3   0x000ff0       data     extern C:\Programmation\Pic\MCC18\src\traditional\proc\p18f2550.asm
              INTCON2bits   0x000ff1       data     extern C:\Programmation\Pic\MCC18\src\traditional\proc\p18f2550.asm
                  INTCON2   0x000ff1       data     extern C:\Programmation\Pic\MCC18\src\traditional\proc\p18f2550.asm
               INTCONbits   0x000ff2       data     extern C:\Programmation\Pic\MCC18\src\traditional\proc\p18f2550.asm
                   INTCON   0x000ff2       data     extern C:\Programmation\Pic\MCC18\src\traditional\proc\p18f2550.asm
                    PRODL   0x000ff3       data     extern C:\Programmation\Pic\MCC18\src\traditional\proc\p18f2550.asm
                     PROD   0x000ff3       data     extern C:\Programmation\Pic\MCC18\src\traditional\proc\p18f2550.asm
                    PRODH   0x000ff4       data     extern C:\Programmation\Pic\MCC18\src\traditional\proc\p18f2550.asm
                   TABLAT   0x000ff5       data     extern C:\Programmation\Pic\MCC18\src\traditional\proc\p18f2550.asm
                   TBLPTR   0x000ff6       data     extern C:\Programmation\Pic\MCC18\src\traditional\proc\p18f2550.asm
                  TBLPTRL   0x000ff6       data     extern C:\Programmation\Pic\MCC18\src\traditional\proc\p18f2550.asm
                  TBLPTRH   0x000ff7       data     extern C:\Programmation\Pic\MCC18\src\traditional\proc\p18f2550.asm
                  TBLPTRU   0x000ff8       data     extern C:\Programmation\Pic\MCC18\src\traditional\proc\p18f2550.asm
                       PC   0x000ff9       data     extern C:\Programmation\Pic\MCC18\src\traditional\proc\p18f2550.asm
                      PCL   0x000ff9       data     extern C:\Programmation\Pic\MCC18\src\traditional\proc\p18f2550.asm
                   PCLATH   0x000ffa       data     extern C:\Programmation\Pic\MCC18\src\traditional\proc\p18f2550.asm
                   PCLATU   0x000ffb       data     extern C:\Programmation\Pic\MCC18\src\traditional\proc\p18f2550.asm
                   STKPTR   0x000ffc       data     extern C:\Programmation\Pic\MCC18\src\traditional\proc\p18f2550.asm
               STKPTRbits   0x000ffc       data     extern C:\Programmation\Pic\MCC18\src\traditional\proc\p18f2550.asm
                     TOSL   0x000ffd       data     extern C:\Programmation\Pic\MCC18\src\traditional\proc\p18f2550.asm
                      TOS   0x000ffd       data     extern C:\Programmation\Pic\MCC18\src\traditional\proc\p18f2550.asm
                     TOSH   0x000ffe       data     extern C:\Programmation\Pic\MCC18\src\traditional\proc\p18f2550.asm
                     TOSU   0x000fff       data     extern C:\Programmation\Pic\MCC18\src\traditional\proc\p18f2550.asm


