MPLINK 4.12, Linker
Linker Map File - Created Fri Jan 04 15:34:24 2008

                                 Section Info
                  Section       Type    Address   Location Size(Bytes)
                ---------  ---------  ---------  ---------  ---------
               _entry_scn       code   0x000000    program   0x000006
  _RESET_INTERRUPT_VECTOR       code   0x000800    program   0x000006
                   .cinit    romdata   0x00082a    program   0x00000e
       .code_usbctrltrf.o       code   0x000838    program   0x0003a6
              .code_cdc.o       code   0x000bde    program   0x00037a
             .code_usb9.o       code   0x000f58    program   0x00030e
             .code_user.o       code   0x001266    program   0x000228
           .code_usbdrv.o       code   0x00148e    program   0x0001ba
      .code_temperature.o       code   0x001648    program   0x00019e
        .romdata_usbdsc.o    romdata   0x0017e6    program   0x0000cd
    .idata_usbctrltrf.o_i    romdata   0x0018b3    program   0x000000
           .romdata_cdc.o    romdata   0x0018b3    program   0x000000
          .romdata_usb9.o    romdata   0x0018b3    program   0x000000
       .romdata_usbmmap.o    romdata   0x0018b3    program   0x000000
       .idata_usbmmap.o_i    romdata   0x0018b3    program   0x000000
      .idata_fxd1616u.o_i    romdata   0x0018b3    program   0x000000
      .romdata_spi_open.o    romdata   0x0018b3    program   0x000000
      .idata_spi_read.o_i    romdata   0x0018b3    program   0x000000
        .idata___init.o_i    romdata   0x0018b3    program   0x000000
            .code_c018i.o       code   0x0018b4    program   0x000000
               _cinit_scn       code   0x0018b4    program   0x00009e
         .code_spi_open.o       code   0x001952    program   0x000066
          .romdata_user.o    romdata   0x0019b8    program   0x00004d
           .idata_cdc.o_i    romdata   0x001a05    program   0x000000
          .romdata_main.o    romdata   0x001a05    program   0x000000
        .idata_usbdsc.o_i    romdata   0x001a05    program   0x000000
         .romdata_c018i.o    romdata   0x001a05    program   0x000000
          .idata_usb9.o_i    romdata   0x001a05    program   0x000000
        .romdata_usbdrv.o    romdata   0x001a05    program   0x000000
   .romdata_temperature.o    romdata   0x001a05    program   0x000000
      .idata_spi_open.o_i    romdata   0x001a05    program   0x000000
          .code_usbmmap.o       code   0x001a06    program   0x000000
             .code_main.o       code   0x001a06    program   0x000038
         .code_fxd1616u.o       code   0x001a3e    program   0x00002c
             .stringtable    romdata   0x001a6a    program   0x000023
        .romdata___init.o    romdata   0x001a8d    program   0x000000
   .idata_temperature.o_i    romdata   0x001a8d    program   0x000000
      .romdata_spi_read.o    romdata   0x001a8d    program   0x000000
      .romdata_fxd1616u.o    romdata   0x001a8d    program   0x000000
         .idata_c018i.o_i    romdata   0x001a8d    program   0x000000
          .idata_main.o_i    romdata   0x001a8d    program   0x000000
    .romdata_usbctrltrf.o    romdata   0x001a8d    program   0x000000
        .idata_usbdrv.o_i    romdata   0x001a8d    program   0x000000
           .code_usbdsc.o       code   0x001a8e    program   0x000000
             _startup_scn       code   0x001a8e    program   0x00001c
                    .code       code   0x001aaa    program   0x00000e
         .code_spi_read.o       code   0x001ab8    program   0x00000a
           .code___init.o       code   0x001ac2    program   0x000002
          .idata_user.o_i    romdata   0x001ac4    program   0x000003
    .config_300000_main.o    romdata   0x300000    program   0x000001
    .config_300001_main.o    romdata   0x300001    program   0x000001
    .config_300002_main.o    romdata   0x300002    program   0x000001
    .config_300003_main.o    romdata   0x300003    program   0x000001
    .config_300005_main.o    romdata   0x300005    program   0x000001
    .config_300006_main.o    romdata   0x300006    program   0x000001
    .config_300008_main.o    romdata   0x300008    program   0x000001
    .config_300009_main.o    romdata   0x300009    program   0x000001
    .config_30000a_main.o    romdata   0x30000a    program   0x000001
    .config_30000b_main.o    romdata   0x30000b    program   0x000001
    .config_30000c_main.o    romdata   0x30000c    program   0x000001
    .config_30000d_main.o    romdata   0x30000d    program   0x000001
                MATH_DATA      udata   0x000000       data   0x000010
                 .tmpdata      udata   0x000010       data   0x000002
            .udata_user.o      udata   0x000060       data   0x000084
             .udata_cdc.o      udata   0x0000e4       data   0x000018
         .udata_usbmmap.o      udata   0x0000fc       data   0x000004
     .udata_temperature.o      udata   0x000100       data   0x00000c
           .udata_c018i.o      udata   0x00010c       data   0x00000a
      .udata_usbctrltrf.o      udata   0x000116       data   0x000009
          .udata_usbdrv.o      udata   0x00011f       data   0x000003
            .idata_user.o      idata   0x000122       data   0x000003
          .udata___init.o      udata   0x000125       data   0x000000
        .idata_spi_read.o      idata   0x000125       data   0x000000
        .udata_spi_read.o      udata   0x000125       data   0x000000
        .idata_spi_open.o      idata   0x000125       data   0x000000
        .udata_spi_open.o      udata   0x000125       data   0x000000
        .idata_fxd1616u.o      idata   0x000125       data   0x000000
        .udata_fxd1616u.o      udata   0x000125       data   0x000000
     .idata_temperature.o      idata   0x000125       data   0x000000
             .idata_cdc.o      idata   0x000125       data   0x000000
          .idata___init.o      idata   0x000125       data   0x000000
      .idata_usbctrltrf.o      idata   0x000125       data   0x000000
          .idata_usbdsc.o      idata   0x000125       data   0x000000
          .udata_usbdsc.o      udata   0x000125       data   0x000000
            .idata_usb9.o      idata   0x000125       data   0x000000
            .udata_usb9.o      udata   0x000125       data   0x000000
          .idata_usbdrv.o      idata   0x000125       data   0x000000
         .idata_usbmmap.o      idata   0x000125       data   0x000000
            .idata_main.o      idata   0x000125       data   0x000000
            .udata_main.o      udata   0x000125       data   0x000000
           .idata_c018i.o      idata   0x000125       data   0x000000
                   .stack      udata   0x000300       data   0x000100
                  usbram4      udata   0x000400       data   0x0000b8
            SFR_UNBANKED0      udata   0x000f62       data   0x00009e



                              Program Memory Usage 
                               Start         End      
                           ---------   ---------      
                            0x000000    0x000005      
                            0x000800    0x000805      
                            0x00082a    0x0018b2      
                            0x0018b4    0x001a04      
                            0x001a06    0x001a8c      
                            0x001a8e    0x001ac6      
                            0x300000    0x300003      
                            0x300005    0x300006      
                            0x300008    0x30000d      
            4786 out of 33048 program addresses used, program memory utilization is 14%



                              Symbols - Sorted by Name
                     Name    Address   Location    Storage File                     
                ---------  ---------  ---------  --------- ---------                
       AcquireTemperature   0x00166e    program     extern C:\MCHPFSUSB\fw\Cdc\user\temperature.c
           BlinkUSBStatus   0x0013b2    program     extern C:\MCHPFSUSB\fw\Cdc\user\user.c
                CDCInitEP   0x000ca2    program     extern C:\MCHPFSUSB\fw\Cdc\system\usb\class\cdc\cdc.c
             CDCTxService   0x000e68    program     extern C:\MCHPFSUSB\fw\Cdc\system\usb\class\cdc\cdc.c
          ClassReqHandler   0x0018b1    program     extern C:\MCHPFSUSB\fw\Cdc\autofiles\usbdsc.c
               ClearArray   0x00161e    program     extern C:\MCHPFSUSB\fw\Cdc\system\usb\usbdrv\usbdrv.c
              Exercise_01   0x001378    program     extern C:\MCHPFSUSB\fw\Cdc\user\user.c
              Exercise_02   0x00137a    program     extern C:\MCHPFSUSB\fw\Cdc\user\user.c
              Exercise_03   0x00137c    program     extern C:\MCHPFSUSB\fw\Cdc\user\user.c
              Exercise_04   0x00137e    program     extern C:\MCHPFSUSB\fw\Cdc\user\user.c
              Exercise_05   0x001380    program     extern C:\MCHPFSUSB\fw\Cdc\user\user.c
         Exercise_Example   0x001302    program     extern C:\MCHPFSUSB\fw\Cdc\user\user.c
                 FXD1616U   0x001a3e    program     extern C:\MCC18\src\TRADIT~1\math\fxd1616u.c
           InitTempSensor   0x001648    program     extern C:\MCHPFSUSB\fw\Cdc\user\temperature.c
         InitializeSystem   0x001a12    program     static C:\MCHPFSUSB\fw\Cdc\main.c
          InitializeUSART   0x00128e    program     extern C:\MCHPFSUSB\fw\Cdc\user\user.c
                  OpenSPI   0x001952    program     extern C:\MCC18\src\TRADIT~1\pmc\SPI\spi_open.c
                ProcessIO   0x0012e2    program     extern C:\MCHPFSUSB\fw\Cdc\user\user.c
                  ReadSPI   0x001ab8    program     extern C:\MCC18\src\TRADIT~1\pmc\SPI\spi_read.c
         Switch2IsPressed   0x001442    program     extern C:\MCHPFSUSB\fw\Cdc\user\user.c
         Switch3IsPressed   0x001468    program     extern C:\MCHPFSUSB\fw\Cdc\user\user.c
        USBCheckBusStatus   0x00148e    program     extern C:\MCHPFSUSB\fw\Cdc\system\usb\usbdrv\usbdrv.c
       USBCheckCDCRequest   0x000bde    program     extern C:\MCHPFSUSB\fw\Cdc\system\usb\class\cdc\cdc.c
       USBCheckStdRequest   0x000f58    program     extern C:\MCHPFSUSB\fw\Cdc\system\usb\usb9\usb9.c
         USBCtrlEPService   0x000838    program     extern C:\MCHPFSUSB\fw\Cdc\system\usb\usbctrltrf\usbctrltrf.c
 USBCtrlEPServiceComplete   0x000ab0    program     extern C:\MCHPFSUSB\fw\Cdc\system\usb\usbctrltrf\usbctrltrf.c
      USBCtrlTrfInHandler   0x0008fe    program     extern C:\MCHPFSUSB\fw\Cdc\system\usb\usbctrltrf\usbctrltrf.c
     USBCtrlTrfOutHandler   0x0008de    program     extern C:\MCHPFSUSB\fw\Cdc\system\usb\usbctrltrf\usbctrltrf.c
      USBCtrlTrfRxService   0x000a36    program     extern C:\MCHPFSUSB\fw\Cdc\system\usb\usbctrltrf\usbctrltrf.c
   USBCtrlTrfSetupHandler   0x00086a    program     extern C:\MCHPFSUSB\fw\Cdc\system\usb\usbctrltrf\usbctrltrf.c
      USBCtrlTrfTxService   0x000948    program     extern C:\MCHPFSUSB\fw\Cdc\system\usb\usbctrltrf\usbctrltrf.c
         USBDriverService   0x0014d0    program     extern C:\MCHPFSUSB\fw\Cdc\system\usb\usbdrv\usbdrv.c
          USBErrorHandler   0x0015ca    program     extern C:\MCHPFSUSB\fw\Cdc\system\usb\usbdrv\usbdrv.c
         USBModuleDisable   0x0014c2    program     extern C:\MCHPFSUSB\fw\Cdc\system\usb\usbdrv\usbdrv.c
          USBModuleEnable   0x0014b4    program     extern C:\MCHPFSUSB\fw\Cdc\system\usb\usbdrv\usbdrv.c
USBPrepareForNextSetupTrf   0x000b3c    program     extern C:\MCHPFSUSB\fw\Cdc\system\usb\usbctrltrf\usbctrltrf.c
  USBProtocolResetHandler   0x0015ce    program     extern C:\MCHPFSUSB\fw\Cdc\system\usb\usbdrv\usbdrv.c
          USBRemoteWakeup   0x001582    program     extern C:\MCHPFSUSB\fw\Cdc\system\usb\usbdrv\usbdrv.c
            USBSoftDetach   0x0014cc    program     extern C:\MCHPFSUSB\fw\Cdc\system\usb\usbdrv\usbdrv.c
          USBStallHandler   0x0015aa    program     extern C:\MCHPFSUSB\fw\Cdc\system\usb\usbdrv\usbdrv.c
  USBStdFeatureReqHandler   0x0011c2    program     extern C:\MCHPFSUSB\fw\Cdc\system\usb\usb9\usb9.c
      USBStdGetDscHandler   0x00101a    program     extern C:\MCHPFSUSB\fw\Cdc\system\usb\usb9\usb9.c
   USBStdGetStatusHandler   0x001122    program     extern C:\MCHPFSUSB\fw\Cdc\system\usb\usb9\usb9.c
      USBStdSetCfgHandler   0x0010d2    program     extern C:\MCHPFSUSB\fw\Cdc\system\usb\usb9\usb9.c
               USBSuspend   0x001564    program     extern C:\MCHPFSUSB\fw\Cdc\system\usb\usbdrv\usbdrv.c
                 USBTasks   0x001a2e    program     extern C:\MCHPFSUSB\fw\Cdc\main.c
       USBWakeFromSuspend   0x001574    program     extern C:\MCHPFSUSB\fw\Cdc\system\usb\usbdrv\usbdrv.c
               USB_CD_Ptr   0x0018a7    program     extern C:\MCHPFSUSB\fw\Cdc\autofiles\usbdsc.c
               USB_SD_Ptr   0x0018ab    program     extern C:\MCHPFSUSB\fw\Cdc\autofiles\usbdsc.c
          USB_SOF_Handler   0x0015a6    program     extern C:\MCHPFSUSB\fw\Cdc\system\usb\usbdrv\usbdrv.c
       UpdateCelsiusASCII   0x001690    program     extern C:\MCHPFSUSB\fw\Cdc\user\temperature.c
                 UserInit   0x001266    program     extern C:\MCHPFSUSB\fw\Cdc\user\user.c
       ___return_lbl00000   0x001a68    program     static                          
       ___return_lbl00000   0x000804    program     static                          
       ___return_lbl00000   0x000004    program     static                          
       ___return_lbl00001   0x001aa8    program     static                          
       ___return_lbl00002   0x001950    program     static                          
       ___return_lbl00033   0x001572    program     static                          
       ___return_lbl00048   0x00161c    program     static                          
       ___return_lbl00051   0x001640    program     static                          
        ___while_lbl00049   0x0015f4    program     static                          
        ___while_lbl00050   0x001608    program     static                          
        ___while_lbl00052   0x001632    program     static                          
        ___while_lbl00053   0x001640    program     static                          
               __config_0   0x300000    program     static C:\MCHPFSUSB\fw\Cdc\main.c
               __config_1   0x300001    program     static C:\MCHPFSUSB\fw\Cdc\main.c
              __config_10   0x30000c    program     static C:\MCHPFSUSB\fw\Cdc\main.c
              __config_11   0x30000d    program     static C:\MCHPFSUSB\fw\Cdc\main.c
               __config_2   0x300002    program     static C:\MCHPFSUSB\fw\Cdc\main.c
               __config_3   0x300003    program     static C:\MCHPFSUSB\fw\Cdc\main.c
               __config_4   0x300005    program     static C:\MCHPFSUSB\fw\Cdc\main.c
               __config_5   0x300006    program     static C:\MCHPFSUSB\fw\Cdc\main.c
               __config_6   0x300008    program     static C:\MCHPFSUSB\fw\Cdc\main.c
               __config_7   0x300009    program     static C:\MCHPFSUSB\fw\Cdc\main.c
               __config_8   0x30000a    program     static C:\MCHPFSUSB\fw\Cdc\main.c
               __config_9   0x30000b    program     static C:\MCHPFSUSB\fw\Cdc\main.c
                   __init   0x001ac2    program     extern C:\MCC18\src\TRADIT~1\stdclib\__init.c
               __string_2   0x001a6a    program     static C:\MCHPFSUSB\fw\Cdc\user\user.c
            __zero_memory   0x001aaa    program     extern C:\MCC18\SRC\TRADIT~1\PROC\p18f4550.asm
                _do_cinit   0x0018b4    program     extern C:\MCC18\src\traditional\startup\c018i.c
                   _entry   0x000000    program     extern C:\MCC18\src\traditional\startup\c018i.c
                   _reset   0x000800    program     extern C:\MCHPFSUSB\fw\Cdc\main.c
                 _startup   0x001a8e    program     extern C:\MCC18\src\traditional\startup\c018i.c
              ansi_clrscr   0x0019e7    program     extern C:\MCHPFSUSB\fw\Cdc\user\user.c
                    cfg01   0x0017f8    program     extern C:\MCHPFSUSB\fw\Cdc\autofiles\usbdsc.c
               clear_loop   0x001ab0    program     static C:\MCC18\SRC\TRADIT~1\PROC\p18f4550.asm
                copy_loop   0x001926    program     static                          
            copy_one_byte   0x00192c    program     static                          
               device_dsc   0x0017e6    program     extern C:\MCHPFSUSB\fw\Cdc\autofiles\usbdsc.c
                     done   0x001950    program     static                          
             done_copying   0x00193a    program     static                          
                  endloop   0x001a64    program     static                          
              ex02_string   0x0019ec    program     extern C:\MCHPFSUSB\fw\Cdc\user\user.c
             getsUSBUSART   0x000cf2    program     extern C:\MCHPFSUSB\fw\Cdc\system\usb\class\cdc\cdc.c
                     loop   0x001a9e    program     static                          
                     loop   0x001a48    program     static                          
                     main   0x001a06    program     extern C:\MCHPFSUSB\fw\Cdc\main.c
            putrsUSBUSART   0x000dec    program     extern C:\MCHPFSUSB\fw\Cdc\system\usb\class\cdc\cdc.c
                putsUSART   0x0012a8    program     extern C:\MCHPFSUSB\fw\Cdc\user\user.c
             putsUSBUSART   0x000d72    program     extern C:\MCHPFSUSB\fw\Cdc\system\usb\class\cdc\cdc.c
                    sd000   0x00183b    program     extern C:\MCHPFSUSB\fw\Cdc\autofiles\usbdsc.c
                    sd001   0x00183f    program     extern C:\MCHPFSUSB\fw\Cdc\autofiles\usbdsc.c
                    sd002   0x001873    program     extern C:\MCHPFSUSB\fw\Cdc\autofiles\usbdsc.c
                     test   0x0018ce    program     static                          
                  welcome   0x0019b8    program     extern C:\MCHPFSUSB\fw\Cdc\user\user.c
                   ADCON0   0x000fc2       data     extern C:\MCC18\SRC\TRADIT~1\PROC\p18f4550.asm
               ADCON0bits   0x000fc2       data     extern C:\MCC18\SRC\TRADIT~1\PROC\p18f4550.asm
                   ADCON1   0x000fc1       data     extern C:\MCC18\SRC\TRADIT~1\PROC\p18f4550.asm
               ADCON1bits   0x000fc1       data     extern C:\MCC18\SRC\TRADIT~1\PROC\p18f4550.asm
                   ADCON2   0x000fc0       data     extern C:\MCC18\SRC\TRADIT~1\PROC\p18f4550.asm
               ADCON2bits   0x000fc0       data     extern C:\MCC18\SRC\TRADIT~1\PROC\p18f4550.asm
                    ADRES   0x000fc3       data     extern C:\MCC18\SRC\TRADIT~1\PROC\p18f4550.asm
                   ADRESH   0x000fc4       data     extern C:\MCC18\SRC\TRADIT~1\PROC\p18f4550.asm
                   ADRESL   0x000fc3       data     extern C:\MCC18\SRC\TRADIT~1\PROC\p18f4550.asm
                  BAUDCON   0x000fb8       data     extern C:\MCC18\SRC\TRADIT~1\PROC\p18f4550.asm
              BAUDCONbits   0x000fb8       data     extern C:\MCC18\SRC\TRADIT~1\PROC\p18f4550.asm
                      BSR   0x000fe0       data     extern C:\MCC18\SRC\TRADIT~1\PROC\p18f4550.asm
                   CCP1AS   0x000fb6       data     extern C:\MCC18\SRC\TRADIT~1\PROC\p18f4550.asm
               CCP1ASbits   0x000fb6       data     extern C:\MCC18\SRC\TRADIT~1\PROC\p18f4550.asm
                  CCP1CON   0x000fbd       data     extern C:\MCC18\SRC\TRADIT~1\PROC\p18f4550.asm
              CCP1CONbits   0x000fbd       data     extern C:\MCC18\SRC\TRADIT~1\PROC\p18f4550.asm
                  CCP1DEL   0x000fb7       data     extern C:\MCC18\SRC\TRADIT~1\PROC\p18f4550.asm
              CCP1DELbits   0x000fb7       data     extern C:\MCC18\SRC\TRADIT~1\PROC\p18f4550.asm
                  CCP2CON   0x000fba       data     extern C:\MCC18\SRC\TRADIT~1\PROC\p18f4550.asm
              CCP2CONbits   0x000fba       data     extern C:\MCC18\SRC\TRADIT~1\PROC\p18f4550.asm
                    CCPR1   0x000fbe       data     extern C:\MCC18\SRC\TRADIT~1\PROC\p18f4550.asm
                   CCPR1H   0x000fbf       data     extern C:\MCC18\SRC\TRADIT~1\PROC\p18f4550.asm
                   CCPR1L   0x000fbe       data     extern C:\MCC18\SRC\TRADIT~1\PROC\p18f4550.asm
                    CCPR2   0x000fbb       data     extern C:\MCC18\SRC\TRADIT~1\PROC\p18f4550.asm
                   CCPR2H   0x000fbc       data     extern C:\MCC18\SRC\TRADIT~1\PROC\p18f4550.asm
                   CCPR2L   0x000fbb       data     extern C:\MCC18\SRC\TRADIT~1\PROC\p18f4550.asm
                    CMCON   0x000fb4       data     extern C:\MCC18\SRC\TRADIT~1\PROC\p18f4550.asm
                CMCONbits   0x000fb4       data     extern C:\MCC18\SRC\TRADIT~1\PROC\p18f4550.asm
                   CVRCON   0x000fb5       data     extern C:\MCC18\SRC\TRADIT~1\PROC\p18f4550.asm
               CVRCONbits   0x000fb5       data     extern C:\MCC18\SRC\TRADIT~1\PROC\p18f4550.asm
              CtrlTrfData   0x000428       data     extern C:\MCHPFSUSB\fw\Cdc\system\usb\usbmmap.c
                     DDRA   0x000f92       data     extern C:\MCC18\SRC\TRADIT~1\PROC\p18f4550.asm
                 DDRAbits   0x000f92       data     extern C:\MCC18\SRC\TRADIT~1\PROC\p18f4550.asm
                     DDRB   0x000f93       data     extern C:\MCC18\SRC\TRADIT~1\PROC\p18f4550.asm
                 DDRBbits   0x000f93       data     extern C:\MCC18\SRC\TRADIT~1\PROC\p18f4550.asm
                     DDRC   0x000f94       data     extern C:\MCC18\SRC\TRADIT~1\PROC\p18f4550.asm
                 DDRCbits   0x000f94       data     extern C:\MCC18\SRC\TRADIT~1\PROC\p18f4550.asm
                     DDRD   0x000f95       data     extern C:\MCC18\SRC\TRADIT~1\PROC\p18f4550.asm
                 DDRDbits   0x000f95       data     extern C:\MCC18\SRC\TRADIT~1\PROC\p18f4550.asm
                     DDRE   0x000f96       data     extern C:\MCC18\SRC\TRADIT~1\PROC\p18f4550.asm
                 DDREbits   0x000f96       data     extern C:\MCC18\SRC\TRADIT~1\PROC\p18f4550.asm
                  ECCP1AS   0x000fb6       data     extern C:\MCC18\SRC\TRADIT~1\PROC\p18f4550.asm
              ECCP1ASbits   0x000fb6       data     extern C:\MCC18\SRC\TRADIT~1\PROC\p18f4550.asm
                 ECCP1CON   0x000fbd       data     extern C:\MCC18\SRC\TRADIT~1\PROC\p18f4550.asm
             ECCP1CONbits   0x000fbd       data     extern C:\MCC18\SRC\TRADIT~1\PROC\p18f4550.asm
                 ECCP1DEL   0x000fb7       data     extern C:\MCC18\SRC\TRADIT~1\PROC\p18f4550.asm
             ECCP1DELbits   0x000fb7       data     extern C:\MCC18\SRC\TRADIT~1\PROC\p18f4550.asm
                    EEADR   0x000fa9       data     extern C:\MCC18\SRC\TRADIT~1\PROC\p18f4550.asm
                   EECON1   0x000fa6       data     extern C:\MCC18\SRC\TRADIT~1\PROC\p18f4550.asm
               EECON1bits   0x000fa6       data     extern C:\MCC18\SRC\TRADIT~1\PROC\p18f4550.asm
                   EECON2   0x000fa7       data     extern C:\MCC18\SRC\TRADIT~1\PROC\p18f4550.asm
                   EEDATA   0x000fa8       data     extern C:\MCC18\SRC\TRADIT~1\PROC\p18f4550.asm
                     FSR0   0x000fe9       data     extern C:\MCC18\SRC\TRADIT~1\PROC\p18f4550.asm
                    FSR0H   0x000fea       data     extern C:\MCC18\SRC\TRADIT~1\PROC\p18f4550.asm
                    FSR0L   0x000fe9       data     extern C:\MCC18\SRC\TRADIT~1\PROC\p18f4550.asm
                     FSR1   0x000fe1       data     extern C:\MCC18\SRC\TRADIT~1\PROC\p18f4550.asm
                    FSR1H   0x000fe2       data     extern C:\MCC18\SRC\TRADIT~1\PROC\p18f4550.asm
                    FSR1L   0x000fe1       data     extern C:\MCC18\SRC\TRADIT~1\PROC\p18f4550.asm
                     FSR2   0x000fd9       data     extern C:\MCC18\SRC\TRADIT~1\PROC\p18f4550.asm
                    FSR2H   0x000fda       data     extern C:\MCC18\SRC\TRADIT~1\PROC\p18f4550.asm
                    FSR2L   0x000fd9       data     extern C:\MCC18\SRC\TRADIT~1\PROC\p18f4550.asm
                  HLVDCON   0x000fd2       data     extern C:\MCC18\SRC\TRADIT~1\PROC\p18f4550.asm
              HLVDCONbits   0x000fd2       data     extern C:\MCC18\SRC\TRADIT~1\PROC\p18f4550.asm
                    INDF0   0x000fef       data     extern C:\MCC18\SRC\TRADIT~1\PROC\p18f4550.asm
                    INDF1   0x000fe7       data     extern C:\MCC18\SRC\TRADIT~1\PROC\p18f4550.asm
                    INDF2   0x000fdf       data     extern C:\MCC18\SRC\TRADIT~1\PROC\p18f4550.asm
                   INTCON   0x000ff2       data     extern C:\MCC18\SRC\TRADIT~1\PROC\p18f4550.asm
                  INTCON2   0x000ff1       data     extern C:\MCC18\SRC\TRADIT~1\PROC\p18f4550.asm
              INTCON2bits   0x000ff1       data     extern C:\MCC18\SRC\TRADIT~1\PROC\p18f4550.asm
                  INTCON3   0x000ff0       data     extern C:\MCC18\SRC\TRADIT~1\PROC\p18f4550.asm
              INTCON3bits   0x000ff0       data     extern C:\MCC18\SRC\TRADIT~1\PROC\p18f4550.asm
               INTCONbits   0x000ff2       data     extern C:\MCC18\SRC\TRADIT~1\PROC\p18f4550.asm
                     IPR1   0x000f9f       data     extern C:\MCC18\SRC\TRADIT~1\PROC\p18f4550.asm
                 IPR1bits   0x000f9f       data     extern C:\MCC18\SRC\TRADIT~1\PROC\p18f4550.asm
                     IPR2   0x000fa2       data     extern C:\MCC18\SRC\TRADIT~1\PROC\p18f4550.asm
                 IPR2bits   0x000fa2       data     extern C:\MCC18\SRC\TRADIT~1\PROC\p18f4550.asm
                     LATA   0x000f89       data     extern C:\MCC18\SRC\TRADIT~1\PROC\p18f4550.asm
                 LATAbits   0x000f89       data     extern C:\MCC18\SRC\TRADIT~1\PROC\p18f4550.asm
                     LATB   0x000f8a       data     extern C:\MCC18\SRC\TRADIT~1\PROC\p18f4550.asm
                 LATBbits   0x000f8a       data     extern C:\MCC18\SRC\TRADIT~1\PROC\p18f4550.asm
                     LATC   0x000f8b       data     extern C:\MCC18\SRC\TRADIT~1\PROC\p18f4550.asm
                 LATCbits   0x000f8b       data     extern C:\MCC18\SRC\TRADIT~1\PROC\p18f4550.asm
                     LATD   0x000f8c       data     extern C:\MCC18\SRC\TRADIT~1\PROC\p18f4550.asm
                 LATDbits   0x000f8c       data     extern C:\MCC18\SRC\TRADIT~1\PROC\p18f4550.asm
                     LATE   0x000f8d       data     extern C:\MCC18\SRC\TRADIT~1\PROC\p18f4550.asm
                 LATEbits   0x000f8d       data     extern C:\MCC18\SRC\TRADIT~1\PROC\p18f4550.asm
                   LVDCON   0x000fd2       data     extern C:\MCC18\SRC\TRADIT~1\PROC\p18f4550.asm
               LVDCONbits   0x000fd2       data     extern C:\MCC18\SRC\TRADIT~1\PROC\p18f4550.asm
                   OSCCON   0x000fd3       data     extern C:\MCC18\SRC\TRADIT~1\PROC\p18f4550.asm
               OSCCONbits   0x000fd3       data     extern C:\MCC18\SRC\TRADIT~1\PROC\p18f4550.asm
                  OSCTUNE   0x000f9b       data     extern C:\MCC18\SRC\TRADIT~1\PROC\p18f4550.asm
              OSCTUNEbits   0x000f9b       data     extern C:\MCC18\SRC\TRADIT~1\PROC\p18f4550.asm
                       PC   0x000ff9       data     extern C:\MCC18\SRC\TRADIT~1\PROC\p18f4550.asm
                      PCL   0x000ff9       data     extern C:\MCC18\SRC\TRADIT~1\PROC\p18f4550.asm
                   PCLATH   0x000ffa       data     extern C:\MCC18\SRC\TRADIT~1\PROC\p18f4550.asm
                   PCLATU   0x000ffb       data     extern C:\MCC18\SRC\TRADIT~1\PROC\p18f4550.asm
                     PIE1   0x000f9d       data     extern C:\MCC18\SRC\TRADIT~1\PROC\p18f4550.asm
                 PIE1bits   0x000f9d       data     extern C:\MCC18\SRC\TRADIT~1\PROC\p18f4550.asm
                     PIE2   0x000fa0       data     extern C:\MCC18\SRC\TRADIT~1\PROC\p18f4550.asm
                 PIE2bits   0x000fa0       data     extern C:\MCC18\SRC\TRADIT~1\PROC\p18f4550.asm
                     PIR1   0x000f9e       data     extern C:\MCC18\SRC\TRADIT~1\PROC\p18f4550.asm
                 PIR1bits   0x000f9e       data     extern C:\MCC18\SRC\TRADIT~1\PROC\p18f4550.asm
                     PIR2   0x000fa1       data     extern C:\MCC18\SRC\TRADIT~1\PROC\p18f4550.asm
                 PIR2bits   0x000fa1       data     extern C:\MCC18\SRC\TRADIT~1\PROC\p18f4550.asm
                   PLUSW0   0x000feb       data     extern C:\MCC18\SRC\TRADIT~1\PROC\p18f4550.asm
                   PLUSW1   0x000fe3       data     extern C:\MCC18\SRC\TRADIT~1\PROC\p18f4550.asm
                   PLUSW2   0x000fdb       data     extern C:\MCC18\SRC\TRADIT~1\PROC\p18f4550.asm
                    PORTA   0x000f80       data     extern C:\MCC18\SRC\TRADIT~1\PROC\p18f4550.asm
                PORTAbits   0x000f80       data     extern C:\MCC18\SRC\TRADIT~1\PROC\p18f4550.asm
                    PORTB   0x000f81       data     extern C:\MCC18\SRC\TRADIT~1\PROC\p18f4550.asm
                PORTBbits   0x000f81       data     extern C:\MCC18\SRC\TRADIT~1\PROC\p18f4550.asm
                    PORTC   0x000f82       data     extern C:\MCC18\SRC\TRADIT~1\PROC\p18f4550.asm
                PORTCbits   0x000f82       data     extern C:\MCC18\SRC\TRADIT~1\PROC\p18f4550.asm
                    PORTD   0x000f83       data     extern C:\MCC18\SRC\TRADIT~1\PROC\p18f4550.asm
                PORTDbits   0x000f83       data     extern C:\MCC18\SRC\TRADIT~1\PROC\p18f4550.asm
                    PORTE   0x000f84       data     extern C:\MCC18\SRC\TRADIT~1\PROC\p18f4550.asm
                PORTEbits   0x000f84       data     extern C:\MCC18\SRC\TRADIT~1\PROC\p18f4550.asm
                 POSTDEC0   0x000fed       data     extern C:\MCC18\SRC\TRADIT~1\PROC\p18f4550.asm
                 POSTDEC1   0x000fe5       data     extern C:\MCC18\SRC\TRADIT~1\PROC\p18f4550.asm
                 POSTDEC2   0x000fdd       data     extern C:\MCC18\SRC\TRADIT~1\PROC\p18f4550.asm
                 POSTINC0   0x000fee       data     extern C:\MCC18\SRC\TRADIT~1\PROC\p18f4550.asm
                 POSTINC1   0x000fe6       data     extern C:\MCC18\SRC\TRADIT~1\PROC\p18f4550.asm
                 POSTINC2   0x000fde       data     extern C:\MCC18\SRC\TRADIT~1\PROC\p18f4550.asm
                      PR2   0x000fcb       data     extern C:\MCC18\SRC\TRADIT~1\PROC\p18f4550.asm
                  PREINC0   0x000fec       data     extern C:\MCC18\SRC\TRADIT~1\PROC\p18f4550.asm
                  PREINC1   0x000fe4       data     extern C:\MCC18\SRC\TRADIT~1\PROC\p18f4550.asm
                  PREINC2   0x000fdc       data     extern C:\MCC18\SRC\TRADIT~1\PROC\p18f4550.asm
                     PROD   0x000ff3       data     extern C:\MCC18\SRC\TRADIT~1\PROC\p18f4550.asm
                    PRODH   0x000ff4       data     extern C:\MCC18\SRC\TRADIT~1\PROC\p18f4550.asm
                    PRODL   0x000ff3       data     extern C:\MCC18\SRC\TRADIT~1\PROC\p18f4550.asm
                     RCON   0x000fd0       data     extern C:\MCC18\SRC\TRADIT~1\PROC\p18f4550.asm
                 RCONbits   0x000fd0       data     extern C:\MCC18\SRC\TRADIT~1\PROC\p18f4550.asm
                    RCREG   0x000fae       data     extern C:\MCC18\SRC\TRADIT~1\PROC\p18f4550.asm
                    RCSTA   0x000fab       data     extern C:\MCC18\SRC\TRADIT~1\PROC\p18f4550.asm
                RCSTAbits   0x000fab       data     extern C:\MCC18\SRC\TRADIT~1\PROC\p18f4550.asm
                     SIGN   0x00000e       data     extern C:\MCC18\SRC\TRADIT~1\MATH\cmath18.asm
                    SPBRG   0x000faf       data     extern C:\MCC18\SRC\TRADIT~1\PROC\p18f4550.asm
                   SPBRGH   0x000fb0       data     extern C:\MCC18\SRC\TRADIT~1\PROC\p18f4550.asm
                   SPPCFG   0x000f63       data     extern C:\MCC18\SRC\TRADIT~1\PROC\p18f4550.asm
               SPPCFGbits   0x000f63       data     extern C:\MCC18\SRC\TRADIT~1\PROC\p18f4550.asm
                   SPPCON   0x000f65       data     extern C:\MCC18\SRC\TRADIT~1\PROC\p18f4550.asm
               SPPCONbits   0x000f65       data     extern C:\MCC18\SRC\TRADIT~1\PROC\p18f4550.asm
                  SPPDATA   0x000f62       data     extern C:\MCC18\SRC\TRADIT~1\PROC\p18f4550.asm
                   SPPEPS   0x000f64       data     extern C:\MCC18\SRC\TRADIT~1\PROC\p18f4550.asm
               SPPEPSbits   0x000f64       data     extern C:\MCC18\SRC\TRADIT~1\PROC\p18f4550.asm
                   SSPADD   0x000fc8       data     extern C:\MCC18\SRC\TRADIT~1\PROC\p18f4550.asm
                   SSPBUF   0x000fc9       data     extern C:\MCC18\SRC\TRADIT~1\PROC\p18f4550.asm
                  SSPCON1   0x000fc6       data     extern C:\MCC18\SRC\TRADIT~1\PROC\p18f4550.asm
              SSPCON1bits   0x000fc6       data     extern C:\MCC18\SRC\TRADIT~1\PROC\p18f4550.asm
                  SSPCON2   0x000fc5       data     extern C:\MCC18\SRC\TRADIT~1\PROC\p18f4550.asm
              SSPCON2bits   0x000fc5       data     extern C:\MCC18\SRC\TRADIT~1\PROC\p18f4550.asm
                  SSPSTAT   0x000fc7       data     extern C:\MCC18\SRC\TRADIT~1\PROC\p18f4550.asm
              SSPSTATbits   0x000fc7       data     extern C:\MCC18\SRC\TRADIT~1\PROC\p18f4550.asm
                   STATUS   0x000fd8       data     extern C:\MCC18\SRC\TRADIT~1\PROC\p18f4550.asm
               STATUSbits   0x000fd8       data     extern C:\MCC18\SRC\TRADIT~1\PROC\p18f4550.asm
                   STKPTR   0x000ffc       data     extern C:\MCC18\SRC\TRADIT~1\PROC\p18f4550.asm
               STKPTRbits   0x000ffc       data     extern C:\MCC18\SRC\TRADIT~1\PROC\p18f4550.asm
                 SetupPkt   0x000420       data     extern C:\MCHPFSUSB\fw\Cdc\system\usb\usbmmap.c
                    T0CON   0x000fd5       data     extern C:\MCC18\SRC\TRADIT~1\PROC\p18f4550.asm
                T0CONbits   0x000fd5       data     extern C:\MCC18\SRC\TRADIT~1\PROC\p18f4550.asm
                    T1CON   0x000fcd       data     extern C:\MCC18\SRC\TRADIT~1\PROC\p18f4550.asm
                T1CONbits   0x000fcd       data     extern C:\MCC18\SRC\TRADIT~1\PROC\p18f4550.asm
                    T2CON   0x000fca       data     extern C:\MCC18\SRC\TRADIT~1\PROC\p18f4550.asm
                T2CONbits   0x000fca       data     extern C:\MCC18\SRC\TRADIT~1\PROC\p18f4550.asm
                    T3CON   0x000fb1       data     extern C:\MCC18\SRC\TRADIT~1\PROC\p18f4550.asm
                T3CONbits   0x000fb1       data     extern C:\MCC18\SRC\TRADIT~1\PROC\p18f4550.asm
                   TABLAT   0x000ff5       data     extern C:\MCC18\SRC\TRADIT~1\PROC\p18f4550.asm
                   TBLPTR   0x000ff6       data     extern C:\MCC18\SRC\TRADIT~1\PROC\p18f4550.asm
                  TBLPTRH   0x000ff7       data     extern C:\MCC18\SRC\TRADIT~1\PROC\p18f4550.asm
                  TBLPTRL   0x000ff6       data     extern C:\MCC18\SRC\TRADIT~1\PROC\p18f4550.asm
                  TBLPTRU   0x000ff8       data     extern C:\MCC18\SRC\TRADIT~1\PROC\p18f4550.asm
                    TMR0H   0x000fd7       data     extern C:\MCC18\SRC\TRADIT~1\PROC\p18f4550.asm
                    TMR0L   0x000fd6       data     extern C:\MCC18\SRC\TRADIT~1\PROC\p18f4550.asm
                    TMR1H   0x000fcf       data     extern C:\MCC18\SRC\TRADIT~1\PROC\p18f4550.asm
                    TMR1L   0x000fce       data     extern C:\MCC18\SRC\TRADIT~1\PROC\p18f4550.asm
                     TMR2   0x000fcc       data     extern C:\MCC18\SRC\TRADIT~1\PROC\p18f4550.asm
                    TMR3H   0x000fb3       data     extern C:\MCC18\SRC\TRADIT~1\PROC\p18f4550.asm
                    TMR3L   0x000fb2       data     extern C:\MCC18\SRC\TRADIT~1\PROC\p18f4550.asm
                      TOS   0x000ffd       data     extern C:\MCC18\SRC\TRADIT~1\PROC\p18f4550.asm
                     TOSH   0x000ffe       data     extern C:\MCC18\SRC\TRADIT~1\PROC\p18f4550.asm
                     TOSL   0x000ffd       data     extern C:\MCC18\SRC\TRADIT~1\PROC\p18f4550.asm
                     TOSU   0x000fff       data     extern C:\MCC18\SRC\TRADIT~1\PROC\p18f4550.asm
                    TRISA   0x000f92       data     extern C:\MCC18\SRC\TRADIT~1\PROC\p18f4550.asm
                TRISAbits   0x000f92       data     extern C:\MCC18\SRC\TRADIT~1\PROC\p18f4550.asm
                    TRISB   0x000f93       data     extern C:\MCC18\SRC\TRADIT~1\PROC\p18f4550.asm
                TRISBbits   0x000f93       data     extern C:\MCC18\SRC\TRADIT~1\PROC\p18f4550.asm
                    TRISC   0x000f94       data     extern C:\MCC18\SRC\TRADIT~1\PROC\p18f4550.asm
                TRISCbits   0x000f94       data     extern C:\MCC18\SRC\TRADIT~1\PROC\p18f4550.asm
                    TRISD   0x000f95       data     extern C:\MCC18\SRC\TRADIT~1\PROC\p18f4550.asm
                TRISDbits   0x000f95       data     extern C:\MCC18\SRC\TRADIT~1\PROC\p18f4550.asm
                    TRISE   0x000f96       data     extern C:\MCC18\SRC\TRADIT~1\PROC\p18f4550.asm
                TRISEbits   0x000f96       data     extern C:\MCC18\SRC\TRADIT~1\PROC\p18f4550.asm
                    TXREG   0x000fad       data     extern C:\MCC18\SRC\TRADIT~1\PROC\p18f4550.asm
                    TXSTA   0x000fac       data     extern C:\MCC18\SRC\TRADIT~1\PROC\p18f4550.asm
                TXSTAbits   0x000fac       data     extern C:\MCC18\SRC\TRADIT~1\PROC\p18f4550.asm
                    UADDR   0x000f6e       data     extern C:\MCC18\SRC\TRADIT~1\PROC\p18f4550.asm
                UADDRbits   0x000f6e       data     extern C:\MCC18\SRC\TRADIT~1\PROC\p18f4550.asm
                     UCFG   0x000f6f       data     extern C:\MCC18\SRC\TRADIT~1\PROC\p18f4550.asm
                 UCFGbits   0x000f6f       data     extern C:\MCC18\SRC\TRADIT~1\PROC\p18f4550.asm
                     UCON   0x000f6d       data     extern C:\MCC18\SRC\TRADIT~1\PROC\p18f4550.asm
                 UCONbits   0x000f6d       data     extern C:\MCC18\SRC\TRADIT~1\PROC\p18f4550.asm
                     UEIE   0x000f6b       data     extern C:\MCC18\SRC\TRADIT~1\PROC\p18f4550.asm
                 UEIEbits   0x000f6b       data     extern C:\MCC18\SRC\TRADIT~1\PROC\p18f4550.asm
                     UEIR   0x000f6a       data     extern C:\MCC18\SRC\TRADIT~1\PROC\p18f4550.asm
                 UEIRbits   0x000f6a       data     extern C:\MCC18\SRC\TRADIT~1\PROC\p18f4550.asm
                     UEP0   0x000f70       data     extern C:\MCC18\SRC\TRADIT~1\PROC\p18f4550.asm
                 UEP0bits   0x000f70       data     extern C:\MCC18\SRC\TRADIT~1\PROC\p18f4550.asm
                     UEP1   0x000f71       data     extern C:\MCC18\SRC\TRADIT~1\PROC\p18f4550.asm
                    UEP10   0x000f7a       data     extern C:\MCC18\SRC\TRADIT~1\PROC\p18f4550.asm
                UEP10bits   0x000f7a       data     extern C:\MCC18\SRC\TRADIT~1\PROC\p18f4550.asm
                    UEP11   0x000f7b       data     extern C:\MCC18\SRC\TRADIT~1\PROC\p18f4550.asm
                UEP11bits   0x000f7b       data     extern C:\MCC18\SRC\TRADIT~1\PROC\p18f4550.asm
                    UEP12   0x000f7c       data     extern C:\MCC18\SRC\TRADIT~1\PROC\p18f4550.asm
                UEP12bits   0x000f7c       data     extern C:\MCC18\SRC\TRADIT~1\PROC\p18f4550.asm
                    UEP13   0x000f7d       data     extern C:\MCC18\SRC\TRADIT~1\PROC\p18f4550.asm
                UEP13bits   0x000f7d       data     extern C:\MCC18\SRC\TRADIT~1\PROC\p18f4550.asm
                    UEP14   0x000f7e       data     extern C:\MCC18\SRC\TRADIT~1\PROC\p18f4550.asm
                UEP14bits   0x000f7e       data     extern C:\MCC18\SRC\TRADIT~1\PROC\p18f4550.asm
                    UEP15   0x000f7f       data     extern C:\MCC18\SRC\TRADIT~1\PROC\p18f4550.asm
                UEP15bits   0x000f7f       data     extern C:\MCC18\SRC\TRADIT~1\PROC\p18f4550.asm
                 UEP1bits   0x000f71       data     extern C:\MCC18\SRC\TRADIT~1\PROC\p18f4550.asm
                     UEP2   0x000f72       data     extern C:\MCC18\SRC\TRADIT~1\PROC\p18f4550.asm
                 UEP2bits   0x000f72       data     extern C:\MCC18\SRC\TRADIT~1\PROC\p18f4550.asm
                     UEP3   0x000f73       data     extern C:\MCC18\SRC\TRADIT~1\PROC\p18f4550.asm
                 UEP3bits   0x000f73       data     extern C:\MCC18\SRC\TRADIT~1\PROC\p18f4550.asm
                     UEP4   0x000f74       data     extern C:\MCC18\SRC\TRADIT~1\PROC\p18f4550.asm
                 UEP4bits   0x000f74       data     extern C:\MCC18\SRC\TRADIT~1\PROC\p18f4550.asm
                     UEP5   0x000f75       data     extern C:\MCC18\SRC\TRADIT~1\PROC\p18f4550.asm
                 UEP5bits   0x000f75       data     extern C:\MCC18\SRC\TRADIT~1\PROC\p18f4550.asm
                     UEP6   0x000f76       data     extern C:\MCC18\SRC\TRADIT~1\PROC\p18f4550.asm
                 UEP6bits   0x000f76       data     extern C:\MCC18\SRC\TRADIT~1\PROC\p18f4550.asm
                     UEP7   0x000f77       data     extern C:\MCC18\SRC\TRADIT~1\PROC\p18f4550.asm
                 UEP7bits   0x000f77       data     extern C:\MCC18\SRC\TRADIT~1\PROC\p18f4550.asm
                     UEP8   0x000f78       data     extern C:\MCC18\SRC\TRADIT~1\PROC\p18f4550.asm
                 UEP8bits   0x000f78       data     extern C:\MCC18\SRC\TRADIT~1\PROC\p18f4550.asm
                     UEP9   0x000f79       data     extern C:\MCC18\SRC\TRADIT~1\PROC\p18f4550.asm
                 UEP9bits   0x000f79       data     extern C:\MCC18\SRC\TRADIT~1\PROC\p18f4550.asm
                     UFRM   0x000f66       data     extern C:\MCC18\SRC\TRADIT~1\PROC\p18f4550.asm
                    UFRMH   0x000f67       data     extern C:\MCC18\SRC\TRADIT~1\PROC\p18f4550.asm
                UFRMHbits   0x000f67       data     extern C:\MCC18\SRC\TRADIT~1\PROC\p18f4550.asm
                    UFRML   0x000f66       data     extern C:\MCC18\SRC\TRADIT~1\PROC\p18f4550.asm
                UFRMLbits   0x000f66       data     extern C:\MCC18\SRC\TRADIT~1\PROC\p18f4550.asm
                      UIE   0x000f69       data     extern C:\MCC18\SRC\TRADIT~1\PROC\p18f4550.asm
                  UIEbits   0x000f69       data     extern C:\MCC18\SRC\TRADIT~1\PROC\p18f4550.asm
                      UIR   0x000f68       data     extern C:\MCC18\SRC\TRADIT~1\PROC\p18f4550.asm
                  UIRbits   0x000f68       data     extern C:\MCC18\SRC\TRADIT~1\PROC\p18f4550.asm
                    USTAT   0x000f6c       data     extern C:\MCC18\SRC\TRADIT~1\PROC\p18f4550.asm
                USTATbits   0x000f6c       data     extern C:\MCC18\SRC\TRADIT~1\PROC\p18f4550.asm
                   WDTCON   0x000fd1       data     extern C:\MCC18\SRC\TRADIT~1\PROC\p18f4550.asm
               WDTCONbits   0x000fd1       data     extern C:\MCC18\SRC\TRADIT~1\PROC\p18f4550.asm
                     WREG   0x000fe8       data     extern C:\MCC18\SRC\TRADIT~1\PROC\p18f4550.asm
                 __AARGB0   0x000007       data     extern C:\MCC18\SRC\TRADIT~1\MATH\aarg.asm
                 __AARGB1   0x000006       data     extern C:\MCC18\SRC\TRADIT~1\MATH\aarg.asm
                 __AARGB2   0x000005       data     extern C:\MCC18\SRC\TRADIT~1\MATH\aarg.asm
                 __AARGB3   0x000004       data     extern C:\MCC18\SRC\TRADIT~1\MATH\aarg.asm
                 __AARGB4   0x000003       data     extern C:\MCC18\SRC\TRADIT~1\MATH\aarg.asm
                 __AARGB5   0x000002       data     extern C:\MCC18\SRC\TRADIT~1\MATH\aarg.asm
                 __AARGB6   0x000001       data     extern C:\MCC18\SRC\TRADIT~1\MATH\aarg.asm
                 __AARGB7   0x000000       data     extern C:\MCC18\SRC\TRADIT~1\MATH\aarg.asm
                   __AEXP   0x000008       data     extern C:\MCC18\SRC\TRADIT~1\MATH\aarg.asm
                 __BARGB0   0x00000c       data     extern C:\MCC18\SRC\TRADIT~1\MATH\barg.asm
                 __BARGB1   0x00000b       data     extern C:\MCC18\SRC\TRADIT~1\MATH\barg.asm
                 __BARGB2   0x00000a       data     extern C:\MCC18\SRC\TRADIT~1\MATH\barg.asm
                 __BARGB3   0x000009       data     extern C:\MCC18\SRC\TRADIT~1\MATH\barg.asm
                   __BEXP   0x00000d       data     extern C:\MCC18\SRC\TRADIT~1\MATH\barg.asm
                __FPFLAGS   0x00000f       data     extern C:\MCC18\SRC\TRADIT~1\MATH\cmath18.asm
            __FPFLAGSbits   0x00000f       data     extern C:\MCC18\SRC\TRADIT~1\MATH\cmath18.asm
                  __REMB0   0x000003       data     extern C:\MCC18\SRC\TRADIT~1\MATH\aarg.asm
                  __REMB1   0x000002       data     extern C:\MCC18\SRC\TRADIT~1\MATH\aarg.asm
                  __REMB2   0x000001       data     extern C:\MCC18\SRC\TRADIT~1\MATH\aarg.asm
                  __REMB3   0x000000       data     extern C:\MCC18\SRC\TRADIT~1\MATH\aarg.asm
                  __tmp_0   0x000010       data     static C:\MCHPFSUSB\fw\Cdc\system\usb\usb9\usb9.c
                  __tmp_0   0x000010       data     static C:\MCHPFSUSB\fw\Cdc\system\usb\usbctrltrf\usbctrltrf.c
                  __tmp_0   0x000010       data     static C:\MCHPFSUSB\fw\Cdc\user\temperature.c
                  __tmp_0   0x000010       data     static C:\MCHPFSUSB\fw\Cdc\system\usb\class\cdc\cdc.c
              bTRNIFCount   0x00011f       data     extern C:\MCHPFSUSB\fw\Cdc\system\usb\usbdrv\usbdrv.c
              cdc_data_rx   0x000438       data     extern C:\MCHPFSUSB\fw\Cdc\system\usb\usbmmap.c
              cdc_data_tx   0x000478       data     extern C:\MCHPFSUSB\fw\Cdc\system\usb\usbmmap.c
             cdc_mem_type   0x0000eb       data     extern C:\MCHPFSUSB\fw\Cdc\system\usb\class\cdc\cdc.c
               cdc_notice   0x000430       data     extern C:\MCHPFSUSB\fw\Cdc\system\usb\usbmmap.c
               cdc_rx_len   0x0000e4       data     extern C:\MCHPFSUSB\fw\Cdc\system\usb\class\cdc\cdc.c
            cdc_trf_state   0x0000e5       data     extern C:\MCHPFSUSB\fw\Cdc\system\usb\class\cdc\cdc.c
               cdc_tx_len   0x0000ea       data     extern C:\MCHPFSUSB\fw\Cdc\system\usb\class\cdc\cdc.c
    control_signal_bitmap   0x0000f3       data     extern C:\MCHPFSUSB\fw\Cdc\system\usb\class\cdc\cdc.c
   ctrl_trf_session_owner   0x000117       data     extern C:\MCHPFSUSB\fw\Cdc\system\usb\usbctrltrf\usbctrltrf.c
           ctrl_trf_state   0x000116       data     extern C:\MCHPFSUSB\fw\Cdc\system\usb\usbctrltrf\usbctrltrf.c
                curr_byte   0x00010f       data     static C:\MCC18\src\traditional\startup\c018i.c
               curr_entry   0x000111       data     static C:\MCC18\src\traditional\startup\c018i.c
                 data_ptr   0x000113       data     static C:\MCC18\src\traditional\startup\c018i.c
              delay_count   0x000120       data     static C:\MCHPFSUSB\fw\Cdc\system\usb\usbdrv\usbdrv.c
dummy_encapsulated_cmd_response   0x0000f4       data     extern C:\MCHPFSUSB\fw\Cdc\system\usb\class\cdc\cdc.c
                    ep0Bi   0x000404       data     extern C:\MCHPFSUSB\fw\Cdc\system\usb\usbmmap.c
                    ep0Bo   0x000400       data     extern C:\MCHPFSUSB\fw\Cdc\system\usb\usbmmap.c
                    ep1Bi   0x00040c       data     extern C:\MCHPFSUSB\fw\Cdc\system\usb\usbmmap.c
                    ep1Bo   0x000408       data     extern C:\MCHPFSUSB\fw\Cdc\system\usb\usbmmap.c
                    ep2Bi   0x000414       data     extern C:\MCHPFSUSB\fw\Cdc\system\usb\usbmmap.c
                    ep2Bo   0x000410       data     extern C:\MCHPFSUSB\fw\Cdc\system\usb\usbmmap.c
                    ep3Bi   0x00041c       data     extern C:\MCHPFSUSB\fw\Cdc\system\usb\usbmmap.c
                    ep3Bo   0x000418       data     extern C:\MCHPFSUSB\fw\Cdc\system\usb\usbmmap.c
               ex05_count   0x0000e2       data     static C:\MCHPFSUSB\fw\Cdc\user\user.c
             input_buffer   0x000062       data     extern C:\MCHPFSUSB\fw\Cdc\user\user.c
                led_count   0x000123       data     static C:\MCHPFSUSB\fw\Cdc\user\user.c
              line_coding   0x0000ec       data     extern C:\MCHPFSUSB\fw\Cdc\system\usb\class\cdc\cdc.c
                  old_sw2   0x000060       data     extern C:\MCHPFSUSB\fw\Cdc\user\user.c
                  old_sw3   0x000061       data     extern C:\MCHPFSUSB\fw\Cdc\user\user.c
            output_buffer   0x0000a2       data     extern C:\MCHPFSUSB\fw\Cdc\user\user.c
                  pCDCDst   0x0000e8       data     extern C:\MCHPFSUSB\fw\Cdc\system\usb\class\cdc\cdc.c
                  pCDCSrc   0x0000e6       data     extern C:\MCHPFSUSB\fw\Cdc\system\usb\class\cdc\cdc.c
                     pDst   0x00011a       data     extern C:\MCHPFSUSB\fw\Cdc\system\usb\usbctrltrf\usbctrltrf.c
                     pSrc   0x000118       data     extern C:\MCHPFSUSB\fw\Cdc\system\usb\usbctrltrf\usbctrltrf.c
                     prom   0x00010c       data     static C:\MCC18\src\traditional\startup\c018i.c
         short_pkt_status   0x00011e       data     extern C:\MCHPFSUSB\fw\Cdc\system\usb\usbctrltrf\usbctrltrf.c
           start_up_state   0x000122       data     static C:\MCHPFSUSB\fw\Cdc\user\user.c
               tempString   0x000102       data     extern C:\MCHPFSUSB\fw\Cdc\user\temperature.c
              temperature   0x000100       data     extern C:\MCHPFSUSB\fw\Cdc\user\temperature.c
           usb_active_cfg   0x0000fe       data     extern C:\MCHPFSUSB\fw\Cdc\system\usb\usbmmap.c
             usb_alt_intf   0x0000ff       data     extern C:\MCHPFSUSB\fw\Cdc\system\usb\usbmmap.c
         usb_device_state   0x0000fc       data     extern C:\MCHPFSUSB\fw\Cdc\system\usb\usbmmap.c
                 usb_stat   0x0000fd       data     extern C:\MCHPFSUSB\fw\Cdc\system\usb\usbmmap.c
                   wCount   0x00011c       data     extern C:\MCHPFSUSB\fw\Cdc\system\usb\usbctrltrf\usbctrltrf.c



                              Symbols - Sorted by Address
                     Name    Address   Location    Storage File                     
                ---------  ---------  ---------  --------- ---------                
                   _entry   0x000000    program     extern C:\MCC18\src\traditional\startup\c018i.c
       ___return_lbl00000   0x000004    program     static                          
                   _reset   0x000800    program     extern C:\MCHPFSUSB\fw\Cdc\main.c
       ___return_lbl00000   0x000804    program     static                          
         USBCtrlEPService   0x000838    program     extern C:\MCHPFSUSB\fw\Cdc\system\usb\usbctrltrf\usbctrltrf.c
   USBCtrlTrfSetupHandler   0x00086a    program     extern C:\MCHPFSUSB\fw\Cdc\system\usb\usbctrltrf\usbctrltrf.c
     USBCtrlTrfOutHandler   0x0008de    program     extern C:\MCHPFSUSB\fw\Cdc\system\usb\usbctrltrf\usbctrltrf.c
      USBCtrlTrfInHandler   0x0008fe    program     extern C:\MCHPFSUSB\fw\Cdc\system\usb\usbctrltrf\usbctrltrf.c
      USBCtrlTrfTxService   0x000948    program     extern C:\MCHPFSUSB\fw\Cdc\system\usb\usbctrltrf\usbctrltrf.c
      USBCtrlTrfRxService   0x000a36    program     extern C:\MCHPFSUSB\fw\Cdc\system\usb\usbctrltrf\usbctrltrf.c
 USBCtrlEPServiceComplete   0x000ab0    program     extern C:\MCHPFSUSB\fw\Cdc\system\usb\usbctrltrf\usbctrltrf.c
USBPrepareForNextSetupTrf   0x000b3c    program     extern C:\MCHPFSUSB\fw\Cdc\system\usb\usbctrltrf\usbctrltrf.c
       USBCheckCDCRequest   0x000bde    program     extern C:\MCHPFSUSB\fw\Cdc\system\usb\class\cdc\cdc.c
                CDCInitEP   0x000ca2    program     extern C:\MCHPFSUSB\fw\Cdc\system\usb\class\cdc\cdc.c
             getsUSBUSART   0x000cf2    program     extern C:\MCHPFSUSB\fw\Cdc\system\usb\class\cdc\cdc.c
             putsUSBUSART   0x000d72    program     extern C:\MCHPFSUSB\fw\Cdc\system\usb\class\cdc\cdc.c
            putrsUSBUSART   0x000dec    program     extern C:\MCHPFSUSB\fw\Cdc\system\usb\class\cdc\cdc.c
             CDCTxService   0x000e68    program     extern C:\MCHPFSUSB\fw\Cdc\system\usb\class\cdc\cdc.c
       USBCheckStdRequest   0x000f58    program     extern C:\MCHPFSUSB\fw\Cdc\system\usb\usb9\usb9.c
      USBStdGetDscHandler   0x00101a    program     extern C:\MCHPFSUSB\fw\Cdc\system\usb\usb9\usb9.c
      USBStdSetCfgHandler   0x0010d2    program     extern C:\MCHPFSUSB\fw\Cdc\system\usb\usb9\usb9.c
   USBStdGetStatusHandler   0x001122    program     extern C:\MCHPFSUSB\fw\Cdc\system\usb\usb9\usb9.c
  USBStdFeatureReqHandler   0x0011c2    program     extern C:\MCHPFSUSB\fw\Cdc\system\usb\usb9\usb9.c
                 UserInit   0x001266    program     extern C:\MCHPFSUSB\fw\Cdc\user\user.c
          InitializeUSART   0x00128e    program     extern C:\MCHPFSUSB\fw\Cdc\user\user.c
                putsUSART   0x0012a8    program     extern C:\MCHPFSUSB\fw\Cdc\user\user.c
                ProcessIO   0x0012e2    program     extern C:\MCHPFSUSB\fw\Cdc\user\user.c
         Exercise_Example   0x001302    program     extern C:\MCHPFSUSB\fw\Cdc\user\user.c
              Exercise_01   0x001378    program     extern C:\MCHPFSUSB\fw\Cdc\user\user.c
              Exercise_02   0x00137a    program     extern C:\MCHPFSUSB\fw\Cdc\user\user.c
              Exercise_03   0x00137c    program     extern C:\MCHPFSUSB\fw\Cdc\user\user.c
              Exercise_04   0x00137e    program     extern C:\MCHPFSUSB\fw\Cdc\user\user.c
              Exercise_05   0x001380    program     extern C:\MCHPFSUSB\fw\Cdc\user\user.c
           BlinkUSBStatus   0x0013b2    program     extern C:\MCHPFSUSB\fw\Cdc\user\user.c
         Switch2IsPressed   0x001442    program     extern C:\MCHPFSUSB\fw\Cdc\user\user.c
         Switch3IsPressed   0x001468    program     extern C:\MCHPFSUSB\fw\Cdc\user\user.c
        USBCheckBusStatus   0x00148e    program     extern C:\MCHPFSUSB\fw\Cdc\system\usb\usbdrv\usbdrv.c
          USBModuleEnable   0x0014b4    program     extern C:\MCHPFSUSB\fw\Cdc\system\usb\usbdrv\usbdrv.c
         USBModuleDisable   0x0014c2    program     extern C:\MCHPFSUSB\fw\Cdc\system\usb\usbdrv\usbdrv.c
            USBSoftDetach   0x0014cc    program     extern C:\MCHPFSUSB\fw\Cdc\system\usb\usbdrv\usbdrv.c
         USBDriverService   0x0014d0    program     extern C:\MCHPFSUSB\fw\Cdc\system\usb\usbdrv\usbdrv.c
               USBSuspend   0x001564    program     extern C:\MCHPFSUSB\fw\Cdc\system\usb\usbdrv\usbdrv.c
       ___return_lbl00033   0x001572    program     static                          
       USBWakeFromSuspend   0x001574    program     extern C:\MCHPFSUSB\fw\Cdc\system\usb\usbdrv\usbdrv.c
          USBRemoteWakeup   0x001582    program     extern C:\MCHPFSUSB\fw\Cdc\system\usb\usbdrv\usbdrv.c
          USB_SOF_Handler   0x0015a6    program     extern C:\MCHPFSUSB\fw\Cdc\system\usb\usbdrv\usbdrv.c
          USBStallHandler   0x0015aa    program     extern C:\MCHPFSUSB\fw\Cdc\system\usb\usbdrv\usbdrv.c
          USBErrorHandler   0x0015ca    program     extern C:\MCHPFSUSB\fw\Cdc\system\usb\usbdrv\usbdrv.c
  USBProtocolResetHandler   0x0015ce    program     extern C:\MCHPFSUSB\fw\Cdc\system\usb\usbdrv\usbdrv.c
        ___while_lbl00049   0x0015f4    program     static                          
        ___while_lbl00050   0x001608    program     static                          
       ___return_lbl00048   0x00161c    program     static                          
               ClearArray   0x00161e    program     extern C:\MCHPFSUSB\fw\Cdc\system\usb\usbdrv\usbdrv.c
        ___while_lbl00052   0x001632    program     static                          
       ___return_lbl00051   0x001640    program     static                          
        ___while_lbl00053   0x001640    program     static                          
           InitTempSensor   0x001648    program     extern C:\MCHPFSUSB\fw\Cdc\user\temperature.c
       AcquireTemperature   0x00166e    program     extern C:\MCHPFSUSB\fw\Cdc\user\temperature.c
       UpdateCelsiusASCII   0x001690    program     extern C:\MCHPFSUSB\fw\Cdc\user\temperature.c
               device_dsc   0x0017e6    program     extern C:\MCHPFSUSB\fw\Cdc\autofiles\usbdsc.c
                    cfg01   0x0017f8    program     extern C:\MCHPFSUSB\fw\Cdc\autofiles\usbdsc.c
                    sd000   0x00183b    program     extern C:\MCHPFSUSB\fw\Cdc\autofiles\usbdsc.c
                    sd001   0x00183f    program     extern C:\MCHPFSUSB\fw\Cdc\autofiles\usbdsc.c
                    sd002   0x001873    program     extern C:\MCHPFSUSB\fw\Cdc\autofiles\usbdsc.c
               USB_CD_Ptr   0x0018a7    program     extern C:\MCHPFSUSB\fw\Cdc\autofiles\usbdsc.c
               USB_SD_Ptr   0x0018ab    program     extern C:\MCHPFSUSB\fw\Cdc\autofiles\usbdsc.c
          ClassReqHandler   0x0018b1    program     extern C:\MCHPFSUSB\fw\Cdc\autofiles\usbdsc.c
                _do_cinit   0x0018b4    program     extern C:\MCC18\src\traditional\startup\c018i.c
                     test   0x0018ce    program     static                          
                copy_loop   0x001926    program     static                          
            copy_one_byte   0x00192c    program     static                          
             done_copying   0x00193a    program     static                          
                     done   0x001950    program     static                          
       ___return_lbl00002   0x001950    program     static                          
                  OpenSPI   0x001952    program     extern C:\MCC18\src\TRADIT~1\pmc\SPI\spi_open.c
                  welcome   0x0019b8    program     extern C:\MCHPFSUSB\fw\Cdc\user\user.c
              ansi_clrscr   0x0019e7    program     extern C:\MCHPFSUSB\fw\Cdc\user\user.c
              ex02_string   0x0019ec    program     extern C:\MCHPFSUSB\fw\Cdc\user\user.c
                     main   0x001a06    program     extern C:\MCHPFSUSB\fw\Cdc\main.c
         InitializeSystem   0x001a12    program     static C:\MCHPFSUSB\fw\Cdc\main.c
                 USBTasks   0x001a2e    program     extern C:\MCHPFSUSB\fw\Cdc\main.c
                 FXD1616U   0x001a3e    program     extern C:\MCC18\src\TRADIT~1\math\fxd1616u.c
                     loop   0x001a48    program     static                          
                  endloop   0x001a64    program     static                          
       ___return_lbl00000   0x001a68    program     static                          
               __string_2   0x001a6a    program     static C:\MCHPFSUSB\fw\Cdc\user\user.c
                 _startup   0x001a8e    program     extern C:\MCC18\src\traditional\startup\c018i.c
                     loop   0x001a9e    program     static                          
       ___return_lbl00001   0x001aa8    program     static                          
            __zero_memory   0x001aaa    program     extern C:\MCC18\SRC\TRADIT~1\PROC\p18f4550.asm
               clear_loop   0x001ab0    program     static C:\MCC18\SRC\TRADIT~1\PROC\p18f4550.asm
                  ReadSPI   0x001ab8    program     extern C:\MCC18\src\TRADIT~1\pmc\SPI\spi_read.c
                   __init   0x001ac2    program     extern C:\MCC18\src\TRADIT~1\stdclib\__init.c
               __config_0   0x300000    program     static C:\MCHPFSUSB\fw\Cdc\main.c
               __config_1   0x300001    program     static C:\MCHPFSUSB\fw\Cdc\main.c
               __config_2   0x300002    program     static C:\MCHPFSUSB\fw\Cdc\main.c
               __config_3   0x300003    program     static C:\MCHPFSUSB\fw\Cdc\main.c
               __config_4   0x300005    program     static C:\MCHPFSUSB\fw\Cdc\main.c
               __config_5   0x300006    program     static C:\MCHPFSUSB\fw\Cdc\main.c
               __config_6   0x300008    program     static C:\MCHPFSUSB\fw\Cdc\main.c
               __config_7   0x300009    program     static C:\MCHPFSUSB\fw\Cdc\main.c
               __config_8   0x30000a    program     static C:\MCHPFSUSB\fw\Cdc\main.c
               __config_9   0x30000b    program     static C:\MCHPFSUSB\fw\Cdc\main.c
              __config_10   0x30000c    program     static C:\MCHPFSUSB\fw\Cdc\main.c
              __config_11   0x30000d    program     static C:\MCHPFSUSB\fw\Cdc\main.c
                  __REMB3   0x000000       data     extern C:\MCC18\SRC\TRADIT~1\MATH\aarg.asm
                 __AARGB7   0x000000       data     extern C:\MCC18\SRC\TRADIT~1\MATH\aarg.asm
                 __AARGB6   0x000001       data     extern C:\MCC18\SRC\TRADIT~1\MATH\aarg.asm
                  __REMB2   0x000001       data     extern C:\MCC18\SRC\TRADIT~1\MATH\aarg.asm
                 __AARGB5   0x000002       data     extern C:\MCC18\SRC\TRADIT~1\MATH\aarg.asm
                  __REMB1   0x000002       data     extern C:\MCC18\SRC\TRADIT~1\MATH\aarg.asm
                 __AARGB4   0x000003       data     extern C:\MCC18\SRC\TRADIT~1\MATH\aarg.asm
                  __REMB0   0x000003       data     extern C:\MCC18\SRC\TRADIT~1\MATH\aarg.asm
                 __AARGB3   0x000004       data     extern C:\MCC18\SRC\TRADIT~1\MATH\aarg.asm
                 __AARGB2   0x000005       data     extern C:\MCC18\SRC\TRADIT~1\MATH\aarg.asm
                 __AARGB1   0x000006       data     extern C:\MCC18\SRC\TRADIT~1\MATH\aarg.asm
                 __AARGB0   0x000007       data     extern C:\MCC18\SRC\TRADIT~1\MATH\aarg.asm
                   __AEXP   0x000008       data     extern C:\MCC18\SRC\TRADIT~1\MATH\aarg.asm
                 __BARGB3   0x000009       data     extern C:\MCC18\SRC\TRADIT~1\MATH\barg.asm
                 __BARGB2   0x00000a       data     extern C:\MCC18\SRC\TRADIT~1\MATH\barg.asm
                 __BARGB1   0x00000b       data     extern C:\MCC18\SRC\TRADIT~1\MATH\barg.asm
                 __BARGB0   0x00000c       data     extern C:\MCC18\SRC\TRADIT~1\MATH\barg.asm
                   __BEXP   0x00000d       data     extern C:\MCC18\SRC\TRADIT~1\MATH\barg.asm
                     SIGN   0x00000e       data     extern C:\MCC18\SRC\TRADIT~1\MATH\cmath18.asm
                __FPFLAGS   0x00000f       data     extern C:\MCC18\SRC\TRADIT~1\MATH\cmath18.asm
            __FPFLAGSbits   0x00000f       data     extern C:\MCC18\SRC\TRADIT~1\MATH\cmath18.asm
                  __tmp_0   0x000010       data     static C:\MCHPFSUSB\fw\Cdc\system\usb\class\cdc\cdc.c
                  __tmp_0   0x000010       data     static C:\MCHPFSUSB\fw\Cdc\user\temperature.c
                  __tmp_0   0x000010       data     static C:\MCHPFSUSB\fw\Cdc\system\usb\usbctrltrf\usbctrltrf.c
                  __tmp_0   0x000010       data     static C:\MCHPFSUSB\fw\Cdc\system\usb\usb9\usb9.c
                  old_sw2   0x000060       data     extern C:\MCHPFSUSB\fw\Cdc\user\user.c
                  old_sw3   0x000061       data     extern C:\MCHPFSUSB\fw\Cdc\user\user.c
             input_buffer   0x000062       data     extern C:\MCHPFSUSB\fw\Cdc\user\user.c
            output_buffer   0x0000a2       data     extern C:\MCHPFSUSB\fw\Cdc\user\user.c
               ex05_count   0x0000e2       data     static C:\MCHPFSUSB\fw\Cdc\user\user.c
               cdc_rx_len   0x0000e4       data     extern C:\MCHPFSUSB\fw\Cdc\system\usb\class\cdc\cdc.c
            cdc_trf_state   0x0000e5       data     extern C:\MCHPFSUSB\fw\Cdc\system\usb\class\cdc\cdc.c
                  pCDCSrc   0x0000e6       data     extern C:\MCHPFSUSB\fw\Cdc\system\usb\class\cdc\cdc.c
                  pCDCDst   0x0000e8       data     extern C:\MCHPFSUSB\fw\Cdc\system\usb\class\cdc\cdc.c
               cdc_tx_len   0x0000ea       data     extern C:\MCHPFSUSB\fw\Cdc\system\usb\class\cdc\cdc.c
             cdc_mem_type   0x0000eb       data     extern C:\MCHPFSUSB\fw\Cdc\system\usb\class\cdc\cdc.c
              line_coding   0x0000ec       data     extern C:\MCHPFSUSB\fw\Cdc\system\usb\class\cdc\cdc.c
    control_signal_bitmap   0x0000f3       data     extern C:\MCHPFSUSB\fw\Cdc\system\usb\class\cdc\cdc.c
dummy_encapsulated_cmd_response   0x0000f4       data     extern C:\MCHPFSUSB\fw\Cdc\system\usb\class\cdc\cdc.c
         usb_device_state   0x0000fc       data     extern C:\MCHPFSUSB\fw\Cdc\system\usb\usbmmap.c
                 usb_stat   0x0000fd       data     extern C:\MCHPFSUSB\fw\Cdc\system\usb\usbmmap.c
           usb_active_cfg   0x0000fe       data     extern C:\MCHPFSUSB\fw\Cdc\system\usb\usbmmap.c
             usb_alt_intf   0x0000ff       data     extern C:\MCHPFSUSB\fw\Cdc\system\usb\usbmmap.c
              temperature   0x000100       data     extern C:\MCHPFSUSB\fw\Cdc\user\temperature.c
               tempString   0x000102       data     extern C:\MCHPFSUSB\fw\Cdc\user\temperature.c
                     prom   0x00010c       data     static C:\MCC18\src\traditional\startup\c018i.c
                curr_byte   0x00010f       data     static C:\MCC18\src\traditional\startup\c018i.c
               curr_entry   0x000111       data     static C:\MCC18\src\traditional\startup\c018i.c
                 data_ptr   0x000113       data     static C:\MCC18\src\traditional\startup\c018i.c
           ctrl_trf_state   0x000116       data     extern C:\MCHPFSUSB\fw\Cdc\system\usb\usbctrltrf\usbctrltrf.c
   ctrl_trf_session_owner   0x000117       data     extern C:\MCHPFSUSB\fw\Cdc\system\usb\usbctrltrf\usbctrltrf.c
                     pSrc   0x000118       data     extern C:\MCHPFSUSB\fw\Cdc\system\usb\usbctrltrf\usbctrltrf.c
                     pDst   0x00011a       data     extern C:\MCHPFSUSB\fw\Cdc\system\usb\usbctrltrf\usbctrltrf.c
                   wCount   0x00011c       data     extern C:\MCHPFSUSB\fw\Cdc\system\usb\usbctrltrf\usbctrltrf.c
         short_pkt_status   0x00011e       data     extern C:\MCHPFSUSB\fw\Cdc\system\usb\usbctrltrf\usbctrltrf.c
              bTRNIFCount   0x00011f       data     extern C:\MCHPFSUSB\fw\Cdc\system\usb\usbdrv\usbdrv.c
              delay_count   0x000120       data     static C:\MCHPFSUSB\fw\Cdc\system\usb\usbdrv\usbdrv.c
           start_up_state   0x000122       data     static C:\MCHPFSUSB\fw\Cdc\user\user.c
                led_count   0x000123       data     static C:\MCHPFSUSB\fw\Cdc\user\user.c
                    ep0Bo   0x000400       data     extern C:\MCHPFSUSB\fw\Cdc\system\usb\usbmmap.c
                    ep0Bi   0x000404       data     extern C:\MCHPFSUSB\fw\Cdc\system\usb\usbmmap.c
                    ep1Bo   0x000408       data     extern C:\MCHPFSUSB\fw\Cdc\system\usb\usbmmap.c
                    ep1Bi   0x00040c       data     extern C:\MCHPFSUSB\fw\Cdc\system\usb\usbmmap.c
                    ep2Bo   0x000410       data     extern C:\MCHPFSUSB\fw\Cdc\system\usb\usbmmap.c
                    ep2Bi   0x000414       data     extern C:\MCHPFSUSB\fw\Cdc\system\usb\usbmmap.c
                    ep3Bo   0x000418       data     extern C:\MCHPFSUSB\fw\Cdc\system\usb\usbmmap.c
                    ep3Bi   0x00041c       data     extern C:\MCHPFSUSB\fw\Cdc\system\usb\usbmmap.c
                 SetupPkt   0x000420       data     extern C:\MCHPFSUSB\fw\Cdc\system\usb\usbmmap.c
              CtrlTrfData   0x000428       data     extern C:\MCHPFSUSB\fw\Cdc\system\usb\usbmmap.c
               cdc_notice   0x000430       data     extern C:\MCHPFSUSB\fw\Cdc\system\usb\usbmmap.c
              cdc_data_rx   0x000438       data     extern C:\MCHPFSUSB\fw\Cdc\system\usb\usbmmap.c
              cdc_data_tx   0x000478       data     extern C:\MCHPFSUSB\fw\Cdc\system\usb\usbmmap.c
                  SPPDATA   0x000f62       data     extern C:\MCC18\SRC\TRADIT~1\PROC\p18f4550.asm
               SPPCFGbits   0x000f63       data     extern C:\MCC18\SRC\TRADIT~1\PROC\p18f4550.asm
                   SPPCFG   0x000f63       data     extern C:\MCC18\SRC\TRADIT~1\PROC\p18f4550.asm
               SPPEPSbits   0x000f64       data     extern C:\MCC18\SRC\TRADIT~1\PROC\p18f4550.asm
                   SPPEPS   0x000f64       data     extern C:\MCC18\SRC\TRADIT~1\PROC\p18f4550.asm
                   SPPCON   0x000f65       data     extern C:\MCC18\SRC\TRADIT~1\PROC\p18f4550.asm
               SPPCONbits   0x000f65       data     extern C:\MCC18\SRC\TRADIT~1\PROC\p18f4550.asm
                    UFRML   0x000f66       data     extern C:\MCC18\SRC\TRADIT~1\PROC\p18f4550.asm
                     UFRM   0x000f66       data     extern C:\MCC18\SRC\TRADIT~1\PROC\p18f4550.asm
                UFRMLbits   0x000f66       data     extern C:\MCC18\SRC\TRADIT~1\PROC\p18f4550.asm
                UFRMHbits   0x000f67       data     extern C:\MCC18\SRC\TRADIT~1\PROC\p18f4550.asm
                    UFRMH   0x000f67       data     extern C:\MCC18\SRC\TRADIT~1\PROC\p18f4550.asm
                      UIR   0x000f68       data     extern C:\MCC18\SRC\TRADIT~1\PROC\p18f4550.asm
                  UIRbits   0x000f68       data     extern C:\MCC18\SRC\TRADIT~1\PROC\p18f4550.asm
                      UIE   0x000f69       data     extern C:\MCC18\SRC\TRADIT~1\PROC\p18f4550.asm
                  UIEbits   0x000f69       data     extern C:\MCC18\SRC\TRADIT~1\PROC\p18f4550.asm
                 UEIRbits   0x000f6a       data     extern C:\MCC18\SRC\TRADIT~1\PROC\p18f4550.asm
                     UEIR   0x000f6a       data     extern C:\MCC18\SRC\TRADIT~1\PROC\p18f4550.asm
                 UEIEbits   0x000f6b       data     extern C:\MCC18\SRC\TRADIT~1\PROC\p18f4550.asm
                     UEIE   0x000f6b       data     extern C:\MCC18\SRC\TRADIT~1\PROC\p18f4550.asm
                    USTAT   0x000f6c       data     extern C:\MCC18\SRC\TRADIT~1\PROC\p18f4550.asm
                USTATbits   0x000f6c       data     extern C:\MCC18\SRC\TRADIT~1\PROC\p18f4550.asm
                     UCON   0x000f6d       data     extern C:\MCC18\SRC\TRADIT~1\PROC\p18f4550.asm
                 UCONbits   0x000f6d       data     extern C:\MCC18\SRC\TRADIT~1\PROC\p18f4550.asm
                    UADDR   0x000f6e       data     extern C:\MCC18\SRC\TRADIT~1\PROC\p18f4550.asm
                UADDRbits   0x000f6e       data     extern C:\MCC18\SRC\TRADIT~1\PROC\p18f4550.asm
                 UCFGbits   0x000f6f       data     extern C:\MCC18\SRC\TRADIT~1\PROC\p18f4550.asm
                     UCFG   0x000f6f       data     extern C:\MCC18\SRC\TRADIT~1\PROC\p18f4550.asm
                     UEP0   0x000f70       data     extern C:\MCC18\SRC\TRADIT~1\PROC\p18f4550.asm
                 UEP0bits   0x000f70       data     extern C:\MCC18\SRC\TRADIT~1\PROC\p18f4550.asm
                 UEP1bits   0x000f71       data     extern C:\MCC18\SRC\TRADIT~1\PROC\p18f4550.asm
                     UEP1   0x000f71       data     extern C:\MCC18\SRC\TRADIT~1\PROC\p18f4550.asm
                     UEP2   0x000f72       data     extern C:\MCC18\SRC\TRADIT~1\PROC\p18f4550.asm
                 UEP2bits   0x000f72       data     extern C:\MCC18\SRC\TRADIT~1\PROC\p18f4550.asm
                     UEP3   0x000f73       data     extern C:\MCC18\SRC\TRADIT~1\PROC\p18f4550.asm
                 UEP3bits   0x000f73       data     extern C:\MCC18\SRC\TRADIT~1\PROC\p18f4550.asm
                     UEP4   0x000f74       data     extern C:\MCC18\SRC\TRADIT~1\PROC\p18f4550.asm
                 UEP4bits   0x000f74       data     extern C:\MCC18\SRC\TRADIT~1\PROC\p18f4550.asm
                 UEP5bits   0x000f75       data     extern C:\MCC18\SRC\TRADIT~1\PROC\p18f4550.asm
                     UEP5   0x000f75       data     extern C:\MCC18\SRC\TRADIT~1\PROC\p18f4550.asm
                 UEP6bits   0x000f76       data     extern C:\MCC18\SRC\TRADIT~1\PROC\p18f4550.asm
                     UEP6   0x000f76       data     extern C:\MCC18\SRC\TRADIT~1\PROC\p18f4550.asm
                     UEP7   0x000f77       data     extern C:\MCC18\SRC\TRADIT~1\PROC\p18f4550.asm
                 UEP7bits   0x000f77       data     extern C:\MCC18\SRC\TRADIT~1\PROC\p18f4550.asm
                     UEP8   0x000f78       data     extern C:\MCC18\SRC\TRADIT~1\PROC\p18f4550.asm
                 UEP8bits   0x000f78       data     extern C:\MCC18\SRC\TRADIT~1\PROC\p18f4550.asm
                     UEP9   0x000f79       data     extern C:\MCC18\SRC\TRADIT~1\PROC\p18f4550.asm
                 UEP9bits   0x000f79       data     extern C:\MCC18\SRC\TRADIT~1\PROC\p18f4550.asm
                    UEP10   0x000f7a       data     extern C:\MCC18\SRC\TRADIT~1\PROC\p18f4550.asm
                UEP10bits   0x000f7a       data     extern C:\MCC18\SRC\TRADIT~1\PROC\p18f4550.asm
                UEP11bits   0x000f7b       data     extern C:\MCC18\SRC\TRADIT~1\PROC\p18f4550.asm
                    UEP11   0x000f7b       data     extern C:\MCC18\SRC\TRADIT~1\PROC\p18f4550.asm
                UEP12bits   0x000f7c       data     extern C:\MCC18\SRC\TRADIT~1\PROC\p18f4550.asm
                    UEP12   0x000f7c       data     extern C:\MCC18\SRC\TRADIT~1\PROC\p18f4550.asm
                UEP13bits   0x000f7d       data     extern C:\MCC18\SRC\TRADIT~1\PROC\p18f4550.asm
                    UEP13   0x000f7d       data     extern C:\MCC18\SRC\TRADIT~1\PROC\p18f4550.asm
                UEP14bits   0x000f7e       data     extern C:\MCC18\SRC\TRADIT~1\PROC\p18f4550.asm
                    UEP14   0x000f7e       data     extern C:\MCC18\SRC\TRADIT~1\PROC\p18f4550.asm
                UEP15bits   0x000f7f       data     extern C:\MCC18\SRC\TRADIT~1\PROC\p18f4550.asm
                    UEP15   0x000f7f       data     extern C:\MCC18\SRC\TRADIT~1\PROC\p18f4550.asm
                PORTAbits   0x000f80       data     extern C:\MCC18\SRC\TRADIT~1\PROC\p18f4550.asm
                    PORTA   0x000f80       data     extern C:\MCC18\SRC\TRADIT~1\PROC\p18f4550.asm
                PORTBbits   0x000f81       data     extern C:\MCC18\SRC\TRADIT~1\PROC\p18f4550.asm
                    PORTB   0x000f81       data     extern C:\MCC18\SRC\TRADIT~1\PROC\p18f4550.asm
                    PORTC   0x000f82       data     extern C:\MCC18\SRC\TRADIT~1\PROC\p18f4550.asm
                PORTCbits   0x000f82       data     extern C:\MCC18\SRC\TRADIT~1\PROC\p18f4550.asm
                    PORTD   0x000f83       data     extern C:\MCC18\SRC\TRADIT~1\PROC\p18f4550.asm
                PORTDbits   0x000f83       data     extern C:\MCC18\SRC\TRADIT~1\PROC\p18f4550.asm
                    PORTE   0x000f84       data     extern C:\MCC18\SRC\TRADIT~1\PROC\p18f4550.asm
                PORTEbits   0x000f84       data     extern C:\MCC18\SRC\TRADIT~1\PROC\p18f4550.asm
                 LATAbits   0x000f89       data     extern C:\MCC18\SRC\TRADIT~1\PROC\p18f4550.asm
                     LATA   0x000f89       data     extern C:\MCC18\SRC\TRADIT~1\PROC\p18f4550.asm
                 LATBbits   0x000f8a       data     extern C:\MCC18\SRC\TRADIT~1\PROC\p18f4550.asm
                     LATB   0x000f8a       data     extern C:\MCC18\SRC\TRADIT~1\PROC\p18f4550.asm
                 LATCbits   0x000f8b       data     extern C:\MCC18\SRC\TRADIT~1\PROC\p18f4550.asm
                     LATC   0x000f8b       data     extern C:\MCC18\SRC\TRADIT~1\PROC\p18f4550.asm
                 LATDbits   0x000f8c       data     extern C:\MCC18\SRC\TRADIT~1\PROC\p18f4550.asm
                     LATD   0x000f8c       data     extern C:\MCC18\SRC\TRADIT~1\PROC\p18f4550.asm
                 LATEbits   0x000f8d       data     extern C:\MCC18\SRC\TRADIT~1\PROC\p18f4550.asm
                     LATE   0x000f8d       data     extern C:\MCC18\SRC\TRADIT~1\PROC\p18f4550.asm
                    TRISA   0x000f92       data     extern C:\MCC18\SRC\TRADIT~1\PROC\p18f4550.asm
                TRISAbits   0x000f92       data     extern C:\MCC18\SRC\TRADIT~1\PROC\p18f4550.asm
                 DDRAbits   0x000f92       data     extern C:\MCC18\SRC\TRADIT~1\PROC\p18f4550.asm
                     DDRA   0x000f92       data     extern C:\MCC18\SRC\TRADIT~1\PROC\p18f4550.asm
                    TRISB   0x000f93       data     extern C:\MCC18\SRC\TRADIT~1\PROC\p18f4550.asm
                TRISBbits   0x000f93       data     extern C:\MCC18\SRC\TRADIT~1\PROC\p18f4550.asm
                     DDRB   0x000f93       data     extern C:\MCC18\SRC\TRADIT~1\PROC\p18f4550.asm
                 DDRBbits   0x000f93       data     extern C:\MCC18\SRC\TRADIT~1\PROC\p18f4550.asm
                    TRISC   0x000f94       data     extern C:\MCC18\SRC\TRADIT~1\PROC\p18f4550.asm
                TRISCbits   0x000f94       data     extern C:\MCC18\SRC\TRADIT~1\PROC\p18f4550.asm
                     DDRC   0x000f94       data     extern C:\MCC18\SRC\TRADIT~1\PROC\p18f4550.asm
                 DDRCbits   0x000f94       data     extern C:\MCC18\SRC\TRADIT~1\PROC\p18f4550.asm
                    TRISD   0x000f95       data     extern C:\MCC18\SRC\TRADIT~1\PROC\p18f4550.asm
                TRISDbits   0x000f95       data     extern C:\MCC18\SRC\TRADIT~1\PROC\p18f4550.asm
                 DDRDbits   0x000f95       data     extern C:\MCC18\SRC\TRADIT~1\PROC\p18f4550.asm
                     DDRD   0x000f95       data     extern C:\MCC18\SRC\TRADIT~1\PROC\p18f4550.asm
                TRISEbits   0x000f96       data     extern C:\MCC18\SRC\TRADIT~1\PROC\p18f4550.asm
                    TRISE   0x000f96       data     extern C:\MCC18\SRC\TRADIT~1\PROC\p18f4550.asm
                 DDREbits   0x000f96       data     extern C:\MCC18\SRC\TRADIT~1\PROC\p18f4550.asm
                     DDRE   0x000f96       data     extern C:\MCC18\SRC\TRADIT~1\PROC\p18f4550.asm
                  OSCTUNE   0x000f9b       data     extern C:\MCC18\SRC\TRADIT~1\PROC\p18f4550.asm
              OSCTUNEbits   0x000f9b       data     extern C:\MCC18\SRC\TRADIT~1\PROC\p18f4550.asm
                     PIE1   0x000f9d       data     extern C:\MCC18\SRC\TRADIT~1\PROC\p18f4550.asm
                 PIE1bits   0x000f9d       data     extern C:\MCC18\SRC\TRADIT~1\PROC\p18f4550.asm
                 PIR1bits   0x000f9e       data     extern C:\MCC18\SRC\TRADIT~1\PROC\p18f4550.asm
                     PIR1   0x000f9e       data     extern C:\MCC18\SRC\TRADIT~1\PROC\p18f4550.asm
                 IPR1bits   0x000f9f       data     extern C:\MCC18\SRC\TRADIT~1\PROC\p18f4550.asm
                     IPR1   0x000f9f       data     extern C:\MCC18\SRC\TRADIT~1\PROC\p18f4550.asm
                 PIE2bits   0x000fa0       data     extern C:\MCC18\SRC\TRADIT~1\PROC\p18f4550.asm
                     PIE2   0x000fa0       data     extern C:\MCC18\SRC\TRADIT~1\PROC\p18f4550.asm
                 PIR2bits   0x000fa1       data     extern C:\MCC18\SRC\TRADIT~1\PROC\p18f4550.asm
                     PIR2   0x000fa1       data     extern C:\MCC18\SRC\TRADIT~1\PROC\p18f4550.asm
                     IPR2   0x000fa2       data     extern C:\MCC18\SRC\TRADIT~1\PROC\p18f4550.asm
                 IPR2bits   0x000fa2       data     extern C:\MCC18\SRC\TRADIT~1\PROC\p18f4550.asm
               EECON1bits   0x000fa6       data     extern C:\MCC18\SRC\TRADIT~1\PROC\p18f4550.asm
                   EECON1   0x000fa6       data     extern C:\MCC18\SRC\TRADIT~1\PROC\p18f4550.asm
                   EECON2   0x000fa7       data     extern C:\MCC18\SRC\TRADIT~1\PROC\p18f4550.asm
                   EEDATA   0x000fa8       data     extern C:\MCC18\SRC\TRADIT~1\PROC\p18f4550.asm
                    EEADR   0x000fa9       data     extern C:\MCC18\SRC\TRADIT~1\PROC\p18f4550.asm
                RCSTAbits   0x000fab       data     extern C:\MCC18\SRC\TRADIT~1\PROC\p18f4550.asm
                    RCSTA   0x000fab       data     extern C:\MCC18\SRC\TRADIT~1\PROC\p18f4550.asm
                    TXSTA   0x000fac       data     extern C:\MCC18\SRC\TRADIT~1\PROC\p18f4550.asm
                TXSTAbits   0x000fac       data     extern C:\MCC18\SRC\TRADIT~1\PROC\p18f4550.asm
                    TXREG   0x000fad       data     extern C:\MCC18\SRC\TRADIT~1\PROC\p18f4550.asm
                    RCREG   0x000fae       data     extern C:\MCC18\SRC\TRADIT~1\PROC\p18f4550.asm
                    SPBRG   0x000faf       data     extern C:\MCC18\SRC\TRADIT~1\PROC\p18f4550.asm
                   SPBRGH   0x000fb0       data     extern C:\MCC18\SRC\TRADIT~1\PROC\p18f4550.asm
                T3CONbits   0x000fb1       data     extern C:\MCC18\SRC\TRADIT~1\PROC\p18f4550.asm
                    T3CON   0x000fb1       data     extern C:\MCC18\SRC\TRADIT~1\PROC\p18f4550.asm
                    TMR3L   0x000fb2       data     extern C:\MCC18\SRC\TRADIT~1\PROC\p18f4550.asm
                    TMR3H   0x000fb3       data     extern C:\MCC18\SRC\TRADIT~1\PROC\p18f4550.asm
                CMCONbits   0x000fb4       data     extern C:\MCC18\SRC\TRADIT~1\PROC\p18f4550.asm
                    CMCON   0x000fb4       data     extern C:\MCC18\SRC\TRADIT~1\PROC\p18f4550.asm
               CVRCONbits   0x000fb5       data     extern C:\MCC18\SRC\TRADIT~1\PROC\p18f4550.asm
                   CVRCON   0x000fb5       data     extern C:\MCC18\SRC\TRADIT~1\PROC\p18f4550.asm
                   CCP1AS   0x000fb6       data     extern C:\MCC18\SRC\TRADIT~1\PROC\p18f4550.asm
               CCP1ASbits   0x000fb6       data     extern C:\MCC18\SRC\TRADIT~1\PROC\p18f4550.asm
              ECCP1ASbits   0x000fb6       data     extern C:\MCC18\SRC\TRADIT~1\PROC\p18f4550.asm
                  ECCP1AS   0x000fb6       data     extern C:\MCC18\SRC\TRADIT~1\PROC\p18f4550.asm
              CCP1DELbits   0x000fb7       data     extern C:\MCC18\SRC\TRADIT~1\PROC\p18f4550.asm
                  CCP1DEL   0x000fb7       data     extern C:\MCC18\SRC\TRADIT~1\PROC\p18f4550.asm
             ECCP1DELbits   0x000fb7       data     extern C:\MCC18\SRC\TRADIT~1\PROC\p18f4550.asm
                 ECCP1DEL   0x000fb7       data     extern C:\MCC18\SRC\TRADIT~1\PROC\p18f4550.asm
                  BAUDCON   0x000fb8       data     extern C:\MCC18\SRC\TRADIT~1\PROC\p18f4550.asm
              BAUDCONbits   0x000fb8       data     extern C:\MCC18\SRC\TRADIT~1\PROC\p18f4550.asm
              CCP2CONbits   0x000fba       data     extern C:\MCC18\SRC\TRADIT~1\PROC\p18f4550.asm
                  CCP2CON   0x000fba       data     extern C:\MCC18\SRC\TRADIT~1\PROC\p18f4550.asm
                    CCPR2   0x000fbb       data     extern C:\MCC18\SRC\TRADIT~1\PROC\p18f4550.asm
                   CCPR2L   0x000fbb       data     extern C:\MCC18\SRC\TRADIT~1\PROC\p18f4550.asm
                   CCPR2H   0x000fbc       data     extern C:\MCC18\SRC\TRADIT~1\PROC\p18f4550.asm
                  CCP1CON   0x000fbd       data     extern C:\MCC18\SRC\TRADIT~1\PROC\p18f4550.asm
              CCP1CONbits   0x000fbd       data     extern C:\MCC18\SRC\TRADIT~1\PROC\p18f4550.asm
             ECCP1CONbits   0x000fbd       data     extern C:\MCC18\SRC\TRADIT~1\PROC\p18f4550.asm
                 ECCP1CON   0x000fbd       data     extern C:\MCC18\SRC\TRADIT~1\PROC\p18f4550.asm
                   CCPR1L   0x000fbe       data     extern C:\MCC18\SRC\TRADIT~1\PROC\p18f4550.asm
                    CCPR1   0x000fbe       data     extern C:\MCC18\SRC\TRADIT~1\PROC\p18f4550.asm
                   CCPR1H   0x000fbf       data     extern C:\MCC18\SRC\TRADIT~1\PROC\p18f4550.asm
               ADCON2bits   0x000fc0       data     extern C:\MCC18\SRC\TRADIT~1\PROC\p18f4550.asm
                   ADCON2   0x000fc0       data     extern C:\MCC18\SRC\TRADIT~1\PROC\p18f4550.asm
               ADCON1bits   0x000fc1       data     extern C:\MCC18\SRC\TRADIT~1\PROC\p18f4550.asm
                   ADCON1   0x000fc1       data     extern C:\MCC18\SRC\TRADIT~1\PROC\p18f4550.asm
                   ADCON0   0x000fc2       data     extern C:\MCC18\SRC\TRADIT~1\PROC\p18f4550.asm
               ADCON0bits   0x000fc2       data     extern C:\MCC18\SRC\TRADIT~1\PROC\p18f4550.asm
                    ADRES   0x000fc3       data     extern C:\MCC18\SRC\TRADIT~1\PROC\p18f4550.asm
                   ADRESL   0x000fc3       data     extern C:\MCC18\SRC\TRADIT~1\PROC\p18f4550.asm
                   ADRESH   0x000fc4       data     extern C:\MCC18\SRC\TRADIT~1\PROC\p18f4550.asm
                  SSPCON2   0x000fc5       data     extern C:\MCC18\SRC\TRADIT~1\PROC\p18f4550.asm
              SSPCON2bits   0x000fc5       data     extern C:\MCC18\SRC\TRADIT~1\PROC\p18f4550.asm
                  SSPCON1   0x000fc6       data     extern C:\MCC18\SRC\TRADIT~1\PROC\p18f4550.asm
              SSPCON1bits   0x000fc6       data     extern C:\MCC18\SRC\TRADIT~1\PROC\p18f4550.asm
                  SSPSTAT   0x000fc7       data     extern C:\MCC18\SRC\TRADIT~1\PROC\p18f4550.asm
              SSPSTATbits   0x000fc7       data     extern C:\MCC18\SRC\TRADIT~1\PROC\p18f4550.asm
                   SSPADD   0x000fc8       data     extern C:\MCC18\SRC\TRADIT~1\PROC\p18f4550.asm
                   SSPBUF   0x000fc9       data     extern C:\MCC18\SRC\TRADIT~1\PROC\p18f4550.asm
                T2CONbits   0x000fca       data     extern C:\MCC18\SRC\TRADIT~1\PROC\p18f4550.asm
                    T2CON   0x000fca       data     extern C:\MCC18\SRC\TRADIT~1\PROC\p18f4550.asm
                      PR2   0x000fcb       data     extern C:\MCC18\SRC\TRADIT~1\PROC\p18f4550.asm
                     TMR2   0x000fcc       data     extern C:\MCC18\SRC\TRADIT~1\PROC\p18f4550.asm
                T1CONbits   0x000fcd       data     extern C:\MCC18\SRC\TRADIT~1\PROC\p18f4550.asm
                    T1CON   0x000fcd       data     extern C:\MCC18\SRC\TRADIT~1\PROC\p18f4550.asm
                    TMR1L   0x000fce       data     extern C:\MCC18\SRC\TRADIT~1\PROC\p18f4550.asm
                    TMR1H   0x000fcf       data     extern C:\MCC18\SRC\TRADIT~1\PROC\p18f4550.asm
                 RCONbits   0x000fd0       data     extern C:\MCC18\SRC\TRADIT~1\PROC\p18f4550.asm
                     RCON   0x000fd0       data     extern C:\MCC18\SRC\TRADIT~1\PROC\p18f4550.asm
                   WDTCON   0x000fd1       data     extern C:\MCC18\SRC\TRADIT~1\PROC\p18f4550.asm
               WDTCONbits   0x000fd1       data     extern C:\MCC18\SRC\TRADIT~1\PROC\p18f4550.asm
               LVDCONbits   0x000fd2       data     extern C:\MCC18\SRC\TRADIT~1\PROC\p18f4550.asm
                   LVDCON   0x000fd2       data     extern C:\MCC18\SRC\TRADIT~1\PROC\p18f4550.asm
              HLVDCONbits   0x000fd2       data     extern C:\MCC18\SRC\TRADIT~1\PROC\p18f4550.asm
                  HLVDCON   0x000fd2       data     extern C:\MCC18\SRC\TRADIT~1\PROC\p18f4550.asm
               OSCCONbits   0x000fd3       data     extern C:\MCC18\SRC\TRADIT~1\PROC\p18f4550.asm
                   OSCCON   0x000fd3       data     extern C:\MCC18\SRC\TRADIT~1\PROC\p18f4550.asm
                    T0CON   0x000fd5       data     extern C:\MCC18\SRC\TRADIT~1\PROC\p18f4550.asm
                T0CONbits   0x000fd5       data     extern C:\MCC18\SRC\TRADIT~1\PROC\p18f4550.asm
                    TMR0L   0x000fd6       data     extern C:\MCC18\SRC\TRADIT~1\PROC\p18f4550.asm
                    TMR0H   0x000fd7       data     extern C:\MCC18\SRC\TRADIT~1\PROC\p18f4550.asm
               STATUSbits   0x000fd8       data     extern C:\MCC18\SRC\TRADIT~1\PROC\p18f4550.asm
                   STATUS   0x000fd8       data     extern C:\MCC18\SRC\TRADIT~1\PROC\p18f4550.asm
                    FSR2L   0x000fd9       data     extern C:\MCC18\SRC\TRADIT~1\PROC\p18f4550.asm
                     FSR2   0x000fd9       data     extern C:\MCC18\SRC\TRADIT~1\PROC\p18f4550.asm
                    FSR2H   0x000fda       data     extern C:\MCC18\SRC\TRADIT~1\PROC\p18f4550.asm
                   PLUSW2   0x000fdb       data     extern C:\MCC18\SRC\TRADIT~1\PROC\p18f4550.asm
                  PREINC2   0x000fdc       data     extern C:\MCC18\SRC\TRADIT~1\PROC\p18f4550.asm
                 POSTDEC2   0x000fdd       data     extern C:\MCC18\SRC\TRADIT~1\PROC\p18f4550.asm
                 POSTINC2   0x000fde       data     extern C:\MCC18\SRC\TRADIT~1\PROC\p18f4550.asm
                    INDF2   0x000fdf       data     extern C:\MCC18\SRC\TRADIT~1\PROC\p18f4550.asm
                      BSR   0x000fe0       data     extern C:\MCC18\SRC\TRADIT~1\PROC\p18f4550.asm
                     FSR1   0x000fe1       data     extern C:\MCC18\SRC\TRADIT~1\PROC\p18f4550.asm
                    FSR1L   0x000fe1       data     extern C:\MCC18\SRC\TRADIT~1\PROC\p18f4550.asm
                    FSR1H   0x000fe2       data     extern C:\MCC18\SRC\TRADIT~1\PROC\p18f4550.asm
                   PLUSW1   0x000fe3       data     extern C:\MCC18\SRC\TRADIT~1\PROC\p18f4550.asm
                  PREINC1   0x000fe4       data     extern C:\MCC18\SRC\TRADIT~1\PROC\p18f4550.asm
                 POSTDEC1   0x000fe5       data     extern C:\MCC18\SRC\TRADIT~1\PROC\p18f4550.asm
                 POSTINC1   0x000fe6       data     extern C:\MCC18\SRC\TRADIT~1\PROC\p18f4550.asm
                    INDF1   0x000fe7       data     extern C:\MCC18\SRC\TRADIT~1\PROC\p18f4550.asm
                     WREG   0x000fe8       data     extern C:\MCC18\SRC\TRADIT~1\PROC\p18f4550.asm
                     FSR0   0x000fe9       data     extern C:\MCC18\SRC\TRADIT~1\PROC\p18f4550.asm
                    FSR0L   0x000fe9       data     extern C:\MCC18\SRC\TRADIT~1\PROC\p18f4550.asm
                    FSR0H   0x000fea       data     extern C:\MCC18\SRC\TRADIT~1\PROC\p18f4550.asm
                   PLUSW0   0x000feb       data     extern C:\MCC18\SRC\TRADIT~1\PROC\p18f4550.asm
                  PREINC0   0x000fec       data     extern C:\MCC18\SRC\TRADIT~1\PROC\p18f4550.asm
                 POSTDEC0   0x000fed       data     extern C:\MCC18\SRC\TRADIT~1\PROC\p18f4550.asm
                 POSTINC0   0x000fee       data     extern C:\MCC18\SRC\TRADIT~1\PROC\p18f4550.asm
                    INDF0   0x000fef       data     extern C:\MCC18\SRC\TRADIT~1\PROC\p18f4550.asm
              INTCON3bits   0x000ff0       data     extern C:\MCC18\SRC\TRADIT~1\PROC\p18f4550.asm
                  INTCON3   0x000ff0       data     extern C:\MCC18\SRC\TRADIT~1\PROC\p18f4550.asm
              INTCON2bits   0x000ff1       data     extern C:\MCC18\SRC\TRADIT~1\PROC\p18f4550.asm
                  INTCON2   0x000ff1       data     extern C:\MCC18\SRC\TRADIT~1\PROC\p18f4550.asm
               INTCONbits   0x000ff2       data     extern C:\MCC18\SRC\TRADIT~1\PROC\p18f4550.asm
                   INTCON   0x000ff2       data     extern C:\MCC18\SRC\TRADIT~1\PROC\p18f4550.asm
                     PROD   0x000ff3       data     extern C:\MCC18\SRC\TRADIT~1\PROC\p18f4550.asm
                    PRODL   0x000ff3       data     extern C:\MCC18\SRC\TRADIT~1\PROC\p18f4550.asm
                    PRODH   0x000ff4       data     extern C:\MCC18\SRC\TRADIT~1\PROC\p18f4550.asm
                   TABLAT   0x000ff5       data     extern C:\MCC18\SRC\TRADIT~1\PROC\p18f4550.asm
                   TBLPTR   0x000ff6       data     extern C:\MCC18\SRC\TRADIT~1\PROC\p18f4550.asm
                  TBLPTRL   0x000ff6       data     extern C:\MCC18\SRC\TRADIT~1\PROC\p18f4550.asm
                  TBLPTRH   0x000ff7       data     extern C:\MCC18\SRC\TRADIT~1\PROC\p18f4550.asm
                  TBLPTRU   0x000ff8       data     extern C:\MCC18\SRC\TRADIT~1\PROC\p18f4550.asm
                      PCL   0x000ff9       data     extern C:\MCC18\SRC\TRADIT~1\PROC\p18f4550.asm
                       PC   0x000ff9       data     extern C:\MCC18\SRC\TRADIT~1\PROC\p18f4550.asm
                   PCLATH   0x000ffa       data     extern C:\MCC18\SRC\TRADIT~1\PROC\p18f4550.asm
                   PCLATU   0x000ffb       data     extern C:\MCC18\SRC\TRADIT~1\PROC\p18f4550.asm
                   STKPTR   0x000ffc       data     extern C:\MCC18\SRC\TRADIT~1\PROC\p18f4550.asm
               STKPTRbits   0x000ffc       data     extern C:\MCC18\SRC\TRADIT~1\PROC\p18f4550.asm
                      TOS   0x000ffd       data     extern C:\MCC18\SRC\TRADIT~1\PROC\p18f4550.asm
                     TOSL   0x000ffd       data     extern C:\MCC18\SRC\TRADIT~1\PROC\p18f4550.asm
                     TOSH   0x000ffe       data     extern C:\MCC18\SRC\TRADIT~1\PROC\p18f4550.asm
                     TOSU   0x000fff       data     extern C:\MCC18\SRC\TRADIT~1\PROC\p18f4550.asm


